Gym has been unmaintained since 2022 and does not support NumPy 2.0 amongst other critical functionality.
Please upgrade to Gymnasium, the maintained drop-in replacement of Gym, or contact the authors of your software and request that they upgrade.
Users of this version of Gym should be able to simply replace 'import gym' with 'import gymnasium as gym' in the vast majority of cases.
See the migration guide at https://gymnasium.farama.org/introduction/migration_guide/ for additional information.
[oracle dcrlme_seed2] intact             meilleur :  1598.6  (14 s)
[oracle dcrlme_seed2] leg1_paralysed     meilleur :  1278.2  (17 s)
[oracle dcrlme_seed2] leg2_paralysed     meilleur :  1261.1  (19 s)
[oracle dcrlme_seed2] leg3_paralysed     meilleur :  1412.0  (21 s)
[oracle dcrlme_seed2] leg4_paralysed     meilleur :  1221.7  (24 s)
[oracle dcrlme_seed2] leg1_weak          meilleur :  1421.8  (26 s)
[oracle dcrlme_seed2] leg2_weak          meilleur :  1397.1  (29 s)
[oracle dcrlme_seed2] leg3_weak          meilleur :  1526.3  (31 s)
[oracle dcrlme_seed2] leg4_weak          meilleur :  1484.2  (33 s)
[oracle dcrlme_seed2] legs12_paralysed   meilleur :  1087.4  (36 s)
[oracle dcrlme_seed2] legs14_paralysed   meilleur :  1106.8  (38 s)
[oracle dcrlme_seed2] ankle1_paralysed   meilleur :  1303.1  (40 s)
[oracle dcrlme_seed2] ankle3_paralysed   meilleur :  1501.4  (43 s)
/kaggle/working/code/src/qd_damage/oracle.py:137: RuntimeWarning: Mean of empty slice
  mean_fit = np.nanmean(data["fitness"], axis=2)  # (scénarios, cases)
fatal: not a git repository (or any parent up to mount point /kaggle)
Stopping at filesystem boundary (GIT_DISCOVERY_ACROSS_FILESYSTEM not set).
/kaggle/working/outputs/oracle/dcrlme_seed2
Gym has been unmaintained since 2022 and does not support NumPy 2.0 amongst other critical functionality.
Please upgrade to Gymnasium, the maintained drop-in replacement of Gym, or contact the authors of your software and request that they upgrade.
Users of this version of Gym should be able to simply replace 'import gym' with 'import gymnasium as gym' in the vast majority of cases.
See the migration guide at https://gymnasium.farama.org/introduction/migration_guide/ for additional information.
[adapt dcrlme_seed2] leg1_paralysed     ite         essais   6.8  % oracle  57.6  (25 s)
[adapt dcrlme_seed2] leg1_paralysed     top_k       essais  20.0  % oracle  50.4  (39 s)
[adapt dcrlme_seed2] leg1_paralysed     random      essais  20.0  % oracle  58.0  (53 s)
[adapt dcrlme_seed2] leg1_paralysed     best_intact essais   1.0  % oracle   4.1  (54 s)
[adapt dcrlme_seed2] leg2_paralysed     ite         essais  13.0  % oracle  40.9  (69 s)
[adapt dcrlme_seed2] leg2_paralysed     top_k       essais  20.0  % oracle  39.2  (83 s)
[adapt dcrlme_seed2] leg2_paralysed     random      essais  20.0  % oracle  44.6  (97 s)
[adapt dcrlme_seed2] leg2_paralysed     best_intact essais   1.0  % oracle  22.1  (98 s)
[adapt dcrlme_seed2] leg3_paralysed     ite         essais   6.8  % oracle  54.9  (113 s)
[adapt dcrlme_seed2] leg3_paralysed     top_k       essais  20.0  % oracle  35.8  (127 s)
[adapt dcrlme_seed2] leg3_paralysed     random      essais  20.0  % oracle  58.8  (141 s)
[adapt dcrlme_seed2] leg3_paralysed     best_intact essais   1.0  % oracle  26.4  (142 s)
[adapt dcrlme_seed2] leg4_paralysed     ite         essais   8.4  % oracle  69.0  (156 s)
[adapt dcrlme_seed2] leg4_paralysed     top_k       essais  20.0  % oracle  87.2  (171 s)
[adapt dcrlme_seed2] leg4_paralysed     random      essais  20.0  % oracle  80.5  (185 s)
[adapt dcrlme_seed2] leg4_paralysed     best_intact essais   1.0  % oracle  44.5  (186 s)
[adapt dcrlme_seed2] leg1_weak          ite         essais   3.0  % oracle 100.0  (200 s)
[adapt dcrlme_seed2] leg1_weak          top_k       essais  20.0  % oracle 100.0  (215 s)
[adapt dcrlme_seed2] leg1_weak          random      essais  20.0  % oracle  73.8  (229 s)
[adapt dcrlme_seed2] leg1_weak          best_intact essais   1.0  % oracle  82.1  (229 s)
[adapt dcrlme_seed2] leg2_weak          ite         essais   5.8  % oracle  60.3  (244 s)
[adapt dcrlme_seed2] leg2_weak          top_k       essais  20.0  % oracle  72.2  (258 s)
[adapt dcrlme_seed2] leg2_weak          random      essais  20.0  % oracle  70.8  (273 s)
[adapt dcrlme_seed2] leg2_weak          best_intact essais   1.0  % oracle  52.6  (273 s)
[adapt dcrlme_seed2] leg3_weak          ite         essais   2.0  % oracle  64.4  (288 s)
[adapt dcrlme_seed2] leg3_weak          top_k       essais  20.0  % oracle  79.1  (302 s)
[adapt dcrlme_seed2] leg3_weak          random      essais  20.0  % oracle  76.0  (316 s)
[adapt dcrlme_seed2] leg3_weak          best_intact essais   1.0  % oracle  41.9  (317 s)
[adapt dcrlme_seed2] leg4_weak          ite         essais   2.4  % oracle  85.8  (332 s)
[adapt dcrlme_seed2] leg4_weak          top_k       essais  20.0  % oracle  95.5  (346 s)
[adapt dcrlme_seed2] leg4_weak          random      essais  20.0  % oracle  83.6  (360 s)
[adapt dcrlme_seed2] leg4_weak          best_intact essais   1.0  % oracle  79.6  (361 s)
[adapt dcrlme_seed2] legs12_paralysed   ite         essais  20.0  % oracle  12.1  (376 s)
[adapt dcrlme_seed2] legs12_paralysed   top_k       essais  20.0  % oracle  -0.1  (390 s)
[adapt dcrlme_seed2] legs12_paralysed   random      essais  20.0  % oracle  23.6  (404 s)
[adapt dcrlme_seed2] legs12_paralysed   best_intact essais   1.0  % oracle -13.8  (405 s)
[adapt dcrlme_seed2] legs14_paralysed   ite         essais  20.0  % oracle -14.1  (420 s)
[adapt dcrlme_seed2] legs14_paralysed   top_k       essais  20.0  % oracle -11.5  (434 s)
[adapt dcrlme_seed2] legs14_paralysed   random      essais  20.0  % oracle  37.8  (448 s)
[adapt dcrlme_seed2] legs14_paralysed   best_intact essais   1.0  % oracle -13.7  (449 s)
[adapt dcrlme_seed2] ankle1_paralysed   ite         essais   5.4  % oracle  61.7  (463 s)
[adapt dcrlme_seed2] ankle1_paralysed   top_k       essais  20.0  % oracle  61.7  (478 s)
[adapt dcrlme_seed2] ankle1_paralysed   random      essais  20.0  % oracle  55.4  (492 s)
[adapt dcrlme_seed2] ankle1_paralysed   best_intact essais   1.0  % oracle  -1.4  (493 s)
[adapt dcrlme_seed2] ankle3_paralysed   ite         essais   2.2  % oracle  97.7  (507 s)
[adapt dcrlme_seed2] ankle3_paralysed   top_k       essais  20.0  % oracle  99.3  (521 s)
[adapt dcrlme_seed2] ankle3_paralysed   random      essais  20.0  % oracle  72.2  (536 s)
[adapt dcrlme_seed2] ankle3_paralysed   best_intact essais   1.0  % oracle  41.5  (536 s)
fatal: not a git repository (or any parent up to mount point /kaggle)
Stopping at filesystem boundary (GIT_DISCOVERY_ACROSS_FILESYSTEM not set).
/kaggle/working/outputs/adaptation/dcrlme_seed2
