Gym has been unmaintained since 2022 and does not support NumPy 2.0 amongst other critical functionality.
Please upgrade to Gymnasium, the maintained drop-in replacement of Gym, or contact the authors of your software and request that they upgrade.
Users of this version of Gym should be able to simply replace 'import gym' with 'import gymnasium as gym' in the vast majority of cases.
See the migration guide at https://gymnasium.farama.org/introduction/migration_guide/ for additional information.
[oracle dcrlme_seed0] intact             meilleur :  1578.4  (15 s)
[oracle dcrlme_seed0] leg1_paralysed     meilleur :  1174.1  (17 s)
[oracle dcrlme_seed0] leg2_paralysed     meilleur :  1469.8  (20 s)
[oracle dcrlme_seed0] leg3_paralysed     meilleur :  1206.2  (22 s)
[oracle dcrlme_seed0] leg4_paralysed     meilleur :  1286.3  (24 s)
[oracle dcrlme_seed0] leg1_weak          meilleur :  1455.4  (27 s)
[oracle dcrlme_seed0] leg2_weak          meilleur :  1507.8  (29 s)
[oracle dcrlme_seed0] leg3_weak          meilleur :  1403.9  (31 s)
[oracle dcrlme_seed0] leg4_weak          meilleur :  1484.4  (34 s)
[oracle dcrlme_seed0] legs12_paralysed   meilleur :  1115.4  (36 s)
[oracle dcrlme_seed0] legs14_paralysed   meilleur :  1112.2  (39 s)
[oracle dcrlme_seed0] ankle1_paralysed   meilleur :  1308.0  (41 s)
[oracle dcrlme_seed0] ankle3_paralysed   meilleur :  1470.3  (43 s)
/kaggle/working/code/src/qd_damage/oracle.py:137: RuntimeWarning: Mean of empty slice
  mean_fit = np.nanmean(data["fitness"], axis=2)  # (scénarios, cases)
fatal: not a git repository (or any parent up to mount point /kaggle)
Stopping at filesystem boundary (GIT_DISCOVERY_ACROSS_FILESYSTEM not set).
/kaggle/working/outputs/oracle/dcrlme_seed0
Gym has been unmaintained since 2022 and does not support NumPy 2.0 amongst other critical functionality.
Please upgrade to Gymnasium, the maintained drop-in replacement of Gym, or contact the authors of your software and request that they upgrade.
Users of this version of Gym should be able to simply replace 'import gym' with 'import gymnasium as gym' in the vast majority of cases.
See the migration guide at https://gymnasium.farama.org/introduction/migration_guide/ for additional information.
[adapt dcrlme_seed0] leg1_paralysed     ite         essais  11.8  % oracle  68.7  (26 s)
[adapt dcrlme_seed0] leg1_paralysed     top_k       essais  20.0  % oracle  67.7  (40 s)
[adapt dcrlme_seed0] leg1_paralysed     random      essais  20.0  % oracle  53.2  (54 s)
[adapt dcrlme_seed0] leg1_paralysed     best_intact essais   1.0  % oracle   6.1  (55 s)
[adapt dcrlme_seed0] leg2_paralysed     ite         essais   7.4  % oracle  48.2  (70 s)
[adapt dcrlme_seed0] leg2_paralysed     top_k       essais  20.0  % oracle  91.9  (84 s)
[adapt dcrlme_seed0] leg2_paralysed     random      essais  20.0  % oracle  32.7  (98 s)
[adapt dcrlme_seed0] leg2_paralysed     best_intact essais   1.0  % oracle  23.4  (99 s)
[adapt dcrlme_seed0] leg3_paralysed     ite         essais  15.6  % oracle  35.8  (113 s)
[adapt dcrlme_seed0] leg3_paralysed     top_k       essais  20.0  % oracle  46.7  (128 s)
[adapt dcrlme_seed0] leg3_paralysed     random      essais  20.0  % oracle  46.3  (142 s)
[adapt dcrlme_seed0] leg3_paralysed     best_intact essais   1.0  % oracle  15.1  (143 s)
[adapt dcrlme_seed0] leg4_paralysed     ite         essais   6.6  % oracle  67.5  (157 s)
[adapt dcrlme_seed0] leg4_paralysed     top_k       essais  20.0  % oracle  77.4  (171 s)
[adapt dcrlme_seed0] leg4_paralysed     random      essais  20.0  % oracle  47.0  (185 s)
[adapt dcrlme_seed0] leg4_paralysed     best_intact essais   1.0  % oracle  15.8  (186 s)
[adapt dcrlme_seed0] leg1_weak          ite         essais   5.6  % oracle  43.8  (201 s)
[adapt dcrlme_seed0] leg1_weak          top_k       essais  20.0  % oracle 100.0  (215 s)
[adapt dcrlme_seed0] leg1_weak          random      essais  20.0  % oracle  41.9  (229 s)
[adapt dcrlme_seed0] leg1_weak          best_intact essais   1.0  % oracle  23.0  (230 s)
[adapt dcrlme_seed0] leg2_weak          ite         essais   1.4  % oracle  84.4  (244 s)
[adapt dcrlme_seed0] leg2_weak          top_k       essais  20.0  % oracle  88.4  (259 s)
[adapt dcrlme_seed0] leg2_weak          random      essais  20.0  % oracle  60.7  (273 s)
[adapt dcrlme_seed0] leg2_weak          best_intact essais   1.0  % oracle  84.4  (273 s)
[adapt dcrlme_seed0] leg3_weak          ite         essais   3.0  % oracle  85.5  (288 s)
[adapt dcrlme_seed0] leg3_weak          top_k       essais  20.0  % oracle  81.5  (302 s)
[adapt dcrlme_seed0] leg3_weak          random      essais  20.0  % oracle  62.6  (316 s)
[adapt dcrlme_seed0] leg3_weak          best_intact essais   1.0  % oracle  29.0  (317 s)
[adapt dcrlme_seed0] leg4_weak          ite         essais   2.6  % oracle  72.4  (332 s)
[adapt dcrlme_seed0] leg4_weak          top_k       essais  20.0  % oracle  82.0  (346 s)
[adapt dcrlme_seed0] leg4_weak          random      essais  20.0  % oracle  63.6  (360 s)
[adapt dcrlme_seed0] leg4_weak          best_intact essais   1.0  % oracle  54.7  (361 s)
[adapt dcrlme_seed0] legs12_paralysed   ite         essais  19.0  % oracle  51.1  (376 s)
[adapt dcrlme_seed0] legs12_paralysed   top_k       essais  20.0  % oracle  31.5  (390 s)
[adapt dcrlme_seed0] legs12_paralysed   random      essais  20.0  % oracle  14.2  (404 s)
[adapt dcrlme_seed0] legs12_paralysed   best_intact essais   1.0  % oracle   1.2  (405 s)
[adapt dcrlme_seed0] legs14_paralysed   ite         essais  18.8  % oracle  53.6  (419 s)
[adapt dcrlme_seed0] legs14_paralysed   top_k       essais  20.0  % oracle  -2.5  (434 s)
[adapt dcrlme_seed0] legs14_paralysed   random      essais  20.0  % oracle  22.1  (448 s)
[adapt dcrlme_seed0] legs14_paralysed   best_intact essais   1.0  % oracle  -9.8  (448 s)
[adapt dcrlme_seed0] ankle1_paralysed   ite         essais  10.0  % oracle  44.5  (463 s)
[adapt dcrlme_seed0] ankle1_paralysed   top_k       essais  20.0  % oracle  29.9  (477 s)
[adapt dcrlme_seed0] ankle1_paralysed   random      essais  20.0  % oracle  32.7  (491 s)
[adapt dcrlme_seed0] ankle1_paralysed   best_intact essais   1.0  % oracle  -1.0  (492 s)
[adapt dcrlme_seed0] ankle3_paralysed   ite         essais   3.0  % oracle  58.5  (507 s)
[adapt dcrlme_seed0] ankle3_paralysed   top_k       essais  20.0  % oracle  95.7  (521 s)
[adapt dcrlme_seed0] ankle3_paralysed   random      essais  20.0  % oracle  60.3  (535 s)
[adapt dcrlme_seed0] ankle3_paralysed   best_intact essais   1.0  % oracle  15.4  (536 s)
fatal: not a git repository (or any parent up to mount point /kaggle)
Stopping at filesystem boundary (GIT_DISCOVERY_ACROSS_FILESYSTEM not set).
/kaggle/working/outputs/adaptation/dcrlme_seed0
