Gym has been unmaintained since 2022 and does not support NumPy 2.0 amongst other critical functionality.
Please upgrade to Gymnasium, the maintained drop-in replacement of Gym, or contact the authors of your software and request that they upgrade.
Users of this version of Gym should be able to simply replace 'import gym' with 'import gymnasium as gym' in the vast majority of cases.
See the migration guide at https://gymnasium.farama.org/introduction/migration_guide/ for additional information.
[oracle pgame_seed1] intact             meilleur :  1989.3  (14 s)
[oracle pgame_seed1] leg1_paralysed     meilleur :  1351.5  (16 s)
[oracle pgame_seed1] leg2_paralysed     meilleur :  1573.9  (19 s)
[oracle pgame_seed1] leg3_paralysed     meilleur :  1595.5  (21 s)
[oracle pgame_seed1] leg4_paralysed     meilleur :  1349.8  (24 s)
[oracle pgame_seed1] leg1_weak          meilleur :  1848.6  (26 s)
[oracle pgame_seed1] leg2_weak          meilleur :  1808.1  (28 s)
[oracle pgame_seed1] leg3_weak          meilleur :  1830.6  (31 s)
[oracle pgame_seed1] leg4_weak          meilleur :  1809.9  (33 s)
[oracle pgame_seed1] legs12_paralysed   meilleur :  1080.5  (36 s)
[oracle pgame_seed1] legs14_paralysed   meilleur :  1106.6  (38 s)
[oracle pgame_seed1] ankle1_paralysed   meilleur :  1747.4  (40 s)
[oracle pgame_seed1] ankle3_paralysed   meilleur :  1956.2  (43 s)
/kaggle/working/code/src/qd_damage/oracle.py:137: RuntimeWarning: Mean of empty slice
  mean_fit = np.nanmean(data["fitness"], axis=2)  # (scénarios, cases)
fatal: not a git repository (or any parent up to mount point /kaggle)
Stopping at filesystem boundary (GIT_DISCOVERY_ACROSS_FILESYSTEM not set).
/kaggle/working/outputs/oracle/pgame_seed1
Gym has been unmaintained since 2022 and does not support NumPy 2.0 amongst other critical functionality.
Please upgrade to Gymnasium, the maintained drop-in replacement of Gym, or contact the authors of your software and request that they upgrade.
Users of this version of Gym should be able to simply replace 'import gym' with 'import gymnasium as gym' in the vast majority of cases.
See the migration guide at https://gymnasium.farama.org/introduction/migration_guide/ for additional information.
[adapt pgame_seed1] leg1_paralysed     ite         essais   8.4  % oracle  65.6  (30 s)
[adapt pgame_seed1] leg1_paralysed     top_k       essais  20.0  % oracle  65.6  (44 s)
[adapt pgame_seed1] leg1_paralysed     random      essais  20.0  % oracle  61.1  (58 s)
[adapt pgame_seed1] leg1_paralysed     best_intact essais   1.0  % oracle  71.0  (59 s)
[adapt pgame_seed1] leg2_paralysed     ite         essais   3.6  % oracle  85.6  (73 s)
[adapt pgame_seed1] leg2_paralysed     top_k       essais  20.0  % oracle  85.5  (88 s)
[adapt pgame_seed1] leg2_paralysed     random      essais  20.0  % oracle  65.3  (102 s)
[adapt pgame_seed1] leg2_paralysed     best_intact essais   1.0  % oracle  64.2  (103 s)
[adapt pgame_seed1] leg3_paralysed     ite         essais   4.6  % oracle  61.4  (117 s)
[adapt pgame_seed1] leg3_paralysed     top_k       essais  20.0  % oracle  89.2  (131 s)
[adapt pgame_seed1] leg3_paralysed     random      essais  20.0  % oracle  65.7  (146 s)
[adapt pgame_seed1] leg3_paralysed     best_intact essais   1.0  % oracle  56.0  (146 s)
[adapt pgame_seed1] leg4_paralysed     ite         essais   5.6  % oracle  99.0  (161 s)
[adapt pgame_seed1] leg4_paralysed     top_k       essais  20.0  % oracle  93.1  (175 s)
[adapt pgame_seed1] leg4_paralysed     random      essais  20.0  % oracle  54.1  (189 s)
[adapt pgame_seed1] leg4_paralysed     best_intact essais   1.0  % oracle  99.0  (190 s)
[adapt pgame_seed1] leg1_weak          ite         essais   2.4  % oracle  85.5  (205 s)
[adapt pgame_seed1] leg1_weak          top_k       essais  20.0  % oracle  97.1  (219 s)
[adapt pgame_seed1] leg1_weak          random      essais  20.0  % oracle  71.2  (233 s)
[adapt pgame_seed1] leg1_weak          best_intact essais   1.0  % oracle  85.3  (234 s)
[adapt pgame_seed1] leg2_weak          ite         essais   2.2  % oracle  97.8  (249 s)
[adapt pgame_seed1] leg2_weak          top_k       essais  20.0  % oracle  89.1  (263 s)
[adapt pgame_seed1] leg2_weak          random      essais  20.0  % oracle  75.9  (277 s)
[adapt pgame_seed1] leg2_weak          best_intact essais   1.0  % oracle  92.7  (278 s)
[adapt pgame_seed1] leg3_weak          ite         essais   2.2  % oracle  92.3  (293 s)
[adapt pgame_seed1] leg3_weak          top_k       essais  20.0  % oracle  96.6  (307 s)
[adapt pgame_seed1] leg3_weak          random      essais  20.0  % oracle  78.6  (321 s)
[adapt pgame_seed1] leg3_weak          best_intact essais   1.0  % oracle  92.3  (322 s)
[adapt pgame_seed1] leg4_weak          ite         essais   2.2  % oracle 100.0  (336 s)
[adapt pgame_seed1] leg4_weak          top_k       essais  20.0  % oracle  94.9  (350 s)
[adapt pgame_seed1] leg4_weak          random      essais  20.0  % oracle  72.8  (365 s)
[adapt pgame_seed1] leg4_weak          best_intact essais   1.0  % oracle  74.1  (365 s)
[adapt pgame_seed1] legs12_paralysed   ite         essais  20.0  % oracle  -3.1  (380 s)
[adapt pgame_seed1] legs12_paralysed   top_k       essais  20.0  % oracle  29.1  (394 s)
[adapt pgame_seed1] legs12_paralysed   random      essais  20.0  % oracle  21.8  (409 s)
[adapt pgame_seed1] legs12_paralysed   best_intact essais   1.0  % oracle -154.0  (409 s)
[adapt pgame_seed1] legs14_paralysed   ite         essais  19.0  % oracle  11.2  (424 s)
[adapt pgame_seed1] legs14_paralysed   top_k       essais  20.0  % oracle  41.9  (438 s)
[adapt pgame_seed1] legs14_paralysed   random      essais  20.0  % oracle  49.3  (453 s)
[adapt pgame_seed1] legs14_paralysed   best_intact essais   1.0  % oracle -10.8  (453 s)
[adapt pgame_seed1] ankle1_paralysed   ite         essais   3.2  % oracle  76.0  (468 s)
[adapt pgame_seed1] ankle1_paralysed   top_k       essais  20.0  % oracle  86.6  (482 s)
[adapt pgame_seed1] ankle1_paralysed   random      essais  20.0  % oracle  66.3  (496 s)
[adapt pgame_seed1] ankle1_paralysed   best_intact essais   1.0  % oracle  64.3  (497 s)
[adapt pgame_seed1] ankle3_paralysed   ite         essais   1.4  % oracle  76.8  (512 s)
[adapt pgame_seed1] ankle3_paralysed   top_k       essais  20.0  % oracle  80.0  (526 s)
[adapt pgame_seed1] ankle3_paralysed   random      essais  20.0  % oracle  70.0  (540 s)
[adapt pgame_seed1] ankle3_paralysed   best_intact essais   1.0  % oracle  73.6  (541 s)
fatal: not a git repository (or any parent up to mount point /kaggle)
Stopping at filesystem boundary (GIT_DISCOVERY_ACROSS_FILESYSTEM not set).
/kaggle/working/outputs/adaptation/pgame_seed1
