Gym has been unmaintained since 2022 and does not support NumPy 2.0 amongst other critical functionality.
Please upgrade to Gymnasium, the maintained drop-in replacement of Gym, or contact the authors of your software and request that they upgrade.
Users of this version of Gym should be able to simply replace 'import gym' with 'import gymnasium as gym' in the vast majority of cases.
See the migration guide at https://gymnasium.farama.org/introduction/migration_guide/ for additional information.
[oracle me_seed0] intact             meilleur :  1189.4  (15 s)
[oracle me_seed0] leg1_paralysed     meilleur :  1127.9  (17 s)
[oracle me_seed0] leg2_paralysed     meilleur :  1120.5  (19 s)
[oracle me_seed0] leg3_paralysed     meilleur :  1138.9  (22 s)
[oracle me_seed0] leg4_paralysed     meilleur :  1118.9  (24 s)
[oracle me_seed0] leg1_weak          meilleur :  1174.2  (27 s)
[oracle me_seed0] leg2_weak          meilleur :  1130.3  (29 s)
[oracle me_seed0] leg3_weak          meilleur :  1149.3  (31 s)
[oracle me_seed0] leg4_weak          meilleur :  1178.1  (34 s)
[oracle me_seed0] legs12_paralysed   meilleur :  1087.9  (36 s)
[oracle me_seed0] legs14_paralysed   meilleur :  1096.3  (38 s)
[oracle me_seed0] ankle1_paralysed   meilleur :  1183.7  (41 s)
[oracle me_seed0] ankle3_paralysed   meilleur :  1165.1  (43 s)
/kaggle/working/code/src/qd_damage/oracle.py:137: RuntimeWarning: Mean of empty slice
  mean_fit = np.nanmean(data["fitness"], axis=2)  # (scénarios, cases)
fatal: not a git repository (or any parent up to mount point /kaggle)
Stopping at filesystem boundary (GIT_DISCOVERY_ACROSS_FILESYSTEM not set).
/kaggle/working/outputs/oracle/me_seed0
Gym has been unmaintained since 2022 and does not support NumPy 2.0 amongst other critical functionality.
Please upgrade to Gymnasium, the maintained drop-in replacement of Gym, or contact the authors of your software and request that they upgrade.
Users of this version of Gym should be able to simply replace 'import gym' with 'import gymnasium as gym' in the vast majority of cases.
See the migration guide at https://gymnasium.farama.org/introduction/migration_guide/ for additional information.
[adapt me_seed0] leg1_paralysed     ite         essais   2.4  % oracle  74.8  (30 s)
[adapt me_seed0] leg1_paralysed     top_k       essais  20.0  % oracle  64.8  (44 s)
[adapt me_seed0] leg1_paralysed     random      essais  20.0  % oracle  65.6  (58 s)
[adapt me_seed0] leg1_paralysed     best_intact essais   1.0  % oracle  61.0  (59 s)
[adapt me_seed0] leg2_paralysed     ite         essais  20.0  % oracle   1.6  (74 s)
[adapt me_seed0] leg2_paralysed     top_k       essais  20.0  % oracle  -0.8  (88 s)
[adapt me_seed0] leg2_paralysed     random      essais  20.0  % oracle  39.2  (102 s)
[adapt me_seed0] leg2_paralysed     best_intact essais   1.0  % oracle  -1.0  (103 s)
[adapt me_seed0] leg3_paralysed     ite         essais   8.6  % oracle  25.5  (117 s)
[adapt me_seed0] leg3_paralysed     top_k       essais  20.0  % oracle   8.8  (132 s)
[adapt me_seed0] leg3_paralysed     random      essais  20.0  % oracle  23.9  (146 s)
[adapt me_seed0] leg3_paralysed     best_intact essais   1.0  % oracle   9.3  (147 s)
[adapt me_seed0] leg4_paralysed     ite         essais   5.2  % oracle  46.0  (161 s)
[adapt me_seed0] leg4_paralysed     top_k       essais  20.0  % oracle  73.2  (175 s)
[adapt me_seed0] leg4_paralysed     random      essais  20.0  % oracle  69.6  (189 s)
[adapt me_seed0] leg4_paralysed     best_intact essais   1.0  % oracle  34.6  (190 s)
[adapt me_seed0] leg1_weak          ite         essais   1.2  % oracle  93.3  (205 s)
[adapt me_seed0] leg1_weak          top_k       essais  20.0  % oracle  89.2  (219 s)
[adapt me_seed0] leg1_weak          random      essais  20.0  % oracle  81.8  (233 s)
[adapt me_seed0] leg1_weak          best_intact essais   1.0  % oracle  97.2  (234 s)
[adapt me_seed0] leg2_weak          ite         essais   6.4  % oracle  37.7  (249 s)
[adapt me_seed0] leg2_weak          top_k       essais  20.0  % oracle  19.5  (263 s)
[adapt me_seed0] leg2_weak          random      essais  20.0  % oracle  53.3  (277 s)
[adapt me_seed0] leg2_weak          best_intact essais   1.0  % oracle   7.4  (278 s)
[adapt me_seed0] leg3_weak          ite         essais   5.0  % oracle  47.3  (292 s)
[adapt me_seed0] leg3_weak          top_k       essais  20.0  % oracle  47.2  (306 s)
[adapt me_seed0] leg3_weak          random      essais  20.0  % oracle  61.4  (321 s)
[adapt me_seed0] leg3_weak          best_intact essais   1.0  % oracle  31.0  (321 s)
[adapt me_seed0] leg4_weak          ite         essais   1.2  % oracle  84.3  (336 s)
[adapt me_seed0] leg4_weak          top_k       essais  20.0  % oracle  89.9  (350 s)
[adapt me_seed0] leg4_weak          random      essais  20.0  % oracle  72.9  (364 s)
[adapt me_seed0] leg4_weak          best_intact essais   1.0  % oracle  83.8  (365 s)
[adapt me_seed0] legs12_paralysed   ite         essais  20.0  % oracle   4.1  (380 s)
[adapt me_seed0] legs12_paralysed   top_k       essais  20.0  % oracle   0.9  (394 s)
[adapt me_seed0] legs12_paralysed   random      essais  20.0  % oracle  49.3  (408 s)
[adapt me_seed0] legs12_paralysed   best_intact essais   1.0  % oracle   0.2  (409 s)
[adapt me_seed0] legs14_paralysed   ite         essais  10.4  % oracle  83.7  (424 s)
[adapt me_seed0] legs14_paralysed   top_k       essais  20.0  % oracle  64.2  (438 s)
[adapt me_seed0] legs14_paralysed   random      essais  20.0  % oracle  69.2  (452 s)
[adapt me_seed0] legs14_paralysed   best_intact essais   1.0  % oracle  34.1  (453 s)
[adapt me_seed0] ankle1_paralysed   ite         essais   1.0  % oracle  98.5  (467 s)
[adapt me_seed0] ankle1_paralysed   top_k       essais  20.0  % oracle  94.1  (481 s)
[adapt me_seed0] ankle1_paralysed   random      essais  20.0  % oracle  75.9  (496 s)
[adapt me_seed0] ankle1_paralysed   best_intact essais   1.0  % oracle  98.5  (496 s)
[adapt me_seed0] ankle3_paralysed   ite         essais   4.4  % oracle  66.0  (511 s)
[adapt me_seed0] ankle3_paralysed   top_k       essais  20.0  % oracle  26.4  (525 s)
[adapt me_seed0] ankle3_paralysed   random      essais  20.0  % oracle  51.2  (539 s)
[adapt me_seed0] ankle3_paralysed   best_intact essais   1.0  % oracle  11.4  (540 s)
fatal: not a git repository (or any parent up to mount point /kaggle)
Stopping at filesystem boundary (GIT_DISCOVERY_ACROSS_FILESYSTEM not set).
/kaggle/working/outputs/adaptation/me_seed0
