Gym has been unmaintained since 2022 and does not support NumPy 2.0 amongst other critical functionality.
Please upgrade to Gymnasium, the maintained drop-in replacement of Gym, or contact the authors of your software and request that they upgrade.
Users of this version of Gym should be able to simply replace 'import gym' with 'import gymnasium as gym' in the vast majority of cases.
See the migration guide at https://gymnasium.farama.org/introduction/migration_guide/ for additional information.
[oracle pgame_seed2] intact             meilleur :  1817.2  (14 s)
[oracle pgame_seed2] leg1_paralysed     meilleur :  1277.5  (16 s)
[oracle pgame_seed2] leg2_paralysed     meilleur :  1476.3  (19 s)
[oracle pgame_seed2] leg3_paralysed     meilleur :  1601.9  (21 s)
[oracle pgame_seed2] leg4_paralysed     meilleur :  1269.8  (23 s)
[oracle pgame_seed2] leg1_weak          meilleur :  1717.6  (26 s)
[oracle pgame_seed2] leg2_weak          meilleur :  1701.5  (28 s)
[oracle pgame_seed2] leg3_weak          meilleur :  1703.0  (30 s)
[oracle pgame_seed2] leg4_weak          meilleur :  1733.7  (33 s)
[oracle pgame_seed2] legs12_paralysed   meilleur :  1087.6  (35 s)
[oracle pgame_seed2] legs14_paralysed   meilleur :  1091.2  (37 s)
[oracle pgame_seed2] ankle1_paralysed   meilleur :  1617.4  (40 s)
[oracle pgame_seed2] ankle3_paralysed   meilleur :  1675.6  (42 s)
/kaggle/working/code/src/qd_damage/oracle.py:137: RuntimeWarning: Mean of empty slice
  mean_fit = np.nanmean(data["fitness"], axis=2)  # (scénarios, cases)
fatal: not a git repository (or any parent up to mount point /kaggle)
Stopping at filesystem boundary (GIT_DISCOVERY_ACROSS_FILESYSTEM not set).
/kaggle/working/outputs/oracle/pgame_seed2
Gym has been unmaintained since 2022 and does not support NumPy 2.0 amongst other critical functionality.
Please upgrade to Gymnasium, the maintained drop-in replacement of Gym, or contact the authors of your software and request that they upgrade.
Users of this version of Gym should be able to simply replace 'import gym' with 'import gymnasium as gym' in the vast majority of cases.
See the migration guide at https://gymnasium.farama.org/introduction/migration_guide/ for additional information.
[adapt pgame_seed2] leg1_paralysed     ite         essais   5.0  % oracle  70.3  (24 s)
[adapt pgame_seed2] leg1_paralysed     top_k       essais  20.0  % oracle  84.8  (38 s)
[adapt pgame_seed2] leg1_paralysed     random      essais  20.0  % oracle  43.5  (52 s)
[adapt pgame_seed2] leg1_paralysed     best_intact essais   1.0  % oracle  12.3  (53 s)
[adapt pgame_seed2] leg2_paralysed     ite         essais   3.0  % oracle 100.0  (68 s)
[adapt pgame_seed2] leg2_paralysed     top_k       essais  20.0  % oracle  94.2  (82 s)
[adapt pgame_seed2] leg2_paralysed     random      essais  20.0  % oracle  66.7  (96 s)
[adapt pgame_seed2] leg2_paralysed     best_intact essais   1.0  % oracle 100.0  (97 s)
[adapt pgame_seed2] leg3_paralysed     ite         essais   2.8  % oracle  85.2  (111 s)
[adapt pgame_seed2] leg3_paralysed     top_k       essais  20.0  % oracle  84.8  (125 s)
[adapt pgame_seed2] leg3_paralysed     random      essais  20.0  % oracle  66.8  (139 s)
[adapt pgame_seed2] leg3_paralysed     best_intact essais   1.0  % oracle  86.2  (140 s)
[adapt pgame_seed2] leg4_paralysed     ite         essais   8.2  % oracle  72.6  (155 s)
[adapt pgame_seed2] leg4_paralysed     top_k       essais  20.0  % oracle  96.4  (169 s)
[adapt pgame_seed2] leg4_paralysed     random      essais  20.0  % oracle  56.8  (183 s)
[adapt pgame_seed2] leg4_paralysed     best_intact essais   1.0  % oracle  -3.0  (184 s)
[adapt pgame_seed2] leg1_weak          ite         essais   1.2  % oracle  85.1  (198 s)
[adapt pgame_seed2] leg1_weak          top_k       essais  20.0  % oracle  97.3  (212 s)
[adapt pgame_seed2] leg1_weak          random      essais  20.0  % oracle  77.5  (226 s)
[adapt pgame_seed2] leg1_weak          best_intact essais   1.0  % oracle  85.1  (227 s)
[adapt pgame_seed2] leg2_weak          ite         essais   1.2  % oracle  93.7  (242 s)
[adapt pgame_seed2] leg2_weak          top_k       essais  20.0  % oracle  97.8  (256 s)
[adapt pgame_seed2] leg2_weak          random      essais  20.0  % oracle  76.0  (270 s)
[adapt pgame_seed2] leg2_weak          best_intact essais   1.0  % oracle  93.7  (271 s)
[adapt pgame_seed2] leg3_weak          ite         essais   1.2  % oracle  98.4  (285 s)
[adapt pgame_seed2] leg3_weak          top_k       essais  20.0  % oracle  97.6  (299 s)
[adapt pgame_seed2] leg3_weak          random      essais  20.0  % oracle  83.3  (313 s)
[adapt pgame_seed2] leg3_weak          best_intact essais   1.0  % oracle  98.4  (314 s)
[adapt pgame_seed2] leg4_weak          ite         essais   1.0  % oracle 100.0  (329 s)
[adapt pgame_seed2] leg4_weak          top_k       essais  20.0  % oracle  95.0  (343 s)
[adapt pgame_seed2] leg4_weak          random      essais  20.0  % oracle  69.6  (357 s)
[adapt pgame_seed2] leg4_weak          best_intact essais   1.0  % oracle 100.0  (358 s)
[adapt pgame_seed2] legs12_paralysed   ite         essais  20.0  % oracle  59.4  (372 s)
[adapt pgame_seed2] legs12_paralysed   top_k       essais  20.0  % oracle  12.3  (387 s)
[adapt pgame_seed2] legs12_paralysed   random      essais  20.0  % oracle  43.5  (401 s)
[adapt pgame_seed2] legs12_paralysed   best_intact essais   1.0  % oracle -281.9  (401 s)
[adapt pgame_seed2] legs14_paralysed   ite         essais  20.0  % oracle  39.7  (416 s)
[adapt pgame_seed2] legs14_paralysed   top_k       essais  20.0  % oracle  45.5  (430 s)
[adapt pgame_seed2] legs14_paralysed   random      essais  20.0  % oracle  33.5  (444 s)
[adapt pgame_seed2] legs14_paralysed   best_intact essais   1.0  % oracle -123.1  (445 s)
[adapt pgame_seed2] ankle1_paralysed   ite         essais   2.2  % oracle  89.1  (459 s)
[adapt pgame_seed2] ankle1_paralysed   top_k       essais  20.0  % oracle  85.2  (474 s)
[adapt pgame_seed2] ankle1_paralysed   random      essais  20.0  % oracle  57.3  (488 s)
[adapt pgame_seed2] ankle1_paralysed   best_intact essais   1.0  % oracle  93.3  (488 s)
[adapt pgame_seed2] ankle3_paralysed   ite         essais   1.4  % oracle 100.0  (503 s)
[adapt pgame_seed2] ankle3_paralysed   top_k       essais  20.0  % oracle  97.1  (517 s)
[adapt pgame_seed2] ankle3_paralysed   random      essais  20.0  % oracle  69.2  (531 s)
[adapt pgame_seed2] ankle3_paralysed   best_intact essais   1.0  % oracle 100.0  (532 s)
fatal: not a git repository (or any parent up to mount point /kaggle)
Stopping at filesystem boundary (GIT_DISCOVERY_ACROSS_FILESYSTEM not set).
/kaggle/working/outputs/adaptation/pgame_seed2
