Gym has been unmaintained since 2022 and does not support NumPy 2.0 amongst other critical functionality.
Please upgrade to Gymnasium, the maintained drop-in replacement of Gym, or contact the authors of your software and request that they upgrade.
Users of this version of Gym should be able to simply replace 'import gym' with 'import gymnasium as gym' in the vast majority of cases.
See the migration guide at https://gymnasium.farama.org/introduction/migration_guide/ for additional information.
[oracle dcrlme_seed1] intact             meilleur :  1597.0  (15 s)
[oracle dcrlme_seed1] leg1_paralysed     meilleur :  1293.3  (17 s)
[oracle dcrlme_seed1] leg2_paralysed     meilleur :  1333.5  (19 s)
[oracle dcrlme_seed1] leg3_paralysed     meilleur :  1494.6  (22 s)
[oracle dcrlme_seed1] leg4_paralysed     meilleur :  1201.7  (24 s)
[oracle dcrlme_seed1] leg1_weak          meilleur :  1538.2  (26 s)
[oracle dcrlme_seed1] leg2_weak          meilleur :  1455.7  (29 s)
[oracle dcrlme_seed1] leg3_weak          meilleur :  1575.2  (31 s)
[oracle dcrlme_seed1] leg4_weak          meilleur :  1494.9  (34 s)
[oracle dcrlme_seed1] legs12_paralysed   meilleur :  1118.1  (36 s)
[oracle dcrlme_seed1] legs14_paralysed   meilleur :  1121.5  (38 s)
[oracle dcrlme_seed1] ankle1_paralysed   meilleur :  1439.2  (41 s)
[oracle dcrlme_seed1] ankle3_paralysed   meilleur :  1570.5  (43 s)
/kaggle/working/code/src/qd_damage/oracle.py:137: RuntimeWarning: Mean of empty slice
  mean_fit = np.nanmean(data["fitness"], axis=2)  # (scénarios, cases)
fatal: not a git repository (or any parent up to mount point /kaggle)
Stopping at filesystem boundary (GIT_DISCOVERY_ACROSS_FILESYSTEM not set).
/kaggle/working/outputs/oracle/dcrlme_seed1
Gym has been unmaintained since 2022 and does not support NumPy 2.0 amongst other critical functionality.
Please upgrade to Gymnasium, the maintained drop-in replacement of Gym, or contact the authors of your software and request that they upgrade.
Users of this version of Gym should be able to simply replace 'import gym' with 'import gymnasium as gym' in the vast majority of cases.
See the migration guide at https://gymnasium.farama.org/introduction/migration_guide/ for additional information.
[adapt dcrlme_seed1] leg1_paralysed     ite         essais   5.8  % oracle  60.3  (28 s)
[adapt dcrlme_seed1] leg1_paralysed     top_k       essais  20.0  % oracle  29.8  (42 s)
[adapt dcrlme_seed1] leg1_paralysed     random      essais  20.0  % oracle  53.0  (57 s)
[adapt dcrlme_seed1] leg1_paralysed     best_intact essais   1.0  % oracle  28.7  (57 s)
[adapt dcrlme_seed1] leg2_paralysed     ite         essais  20.0  % oracle  11.1  (72 s)
[adapt dcrlme_seed1] leg2_paralysed     top_k       essais  20.0  % oracle  12.9  (86 s)
[adapt dcrlme_seed1] leg2_paralysed     random      essais  20.0  % oracle  59.6  (101 s)
[adapt dcrlme_seed1] leg2_paralysed     best_intact essais   1.0  % oracle   3.0  (101 s)
[adapt dcrlme_seed1] leg3_paralysed     ite         essais   3.6  % oracle  65.5  (116 s)
[adapt dcrlme_seed1] leg3_paralysed     top_k       essais  20.0  % oracle  63.4  (130 s)
[adapt dcrlme_seed1] leg3_paralysed     random      essais  20.0  % oracle  72.0  (144 s)
[adapt dcrlme_seed1] leg3_paralysed     best_intact essais   1.0  % oracle  14.3  (145 s)
[adapt dcrlme_seed1] leg4_paralysed     ite         essais  15.0  % oracle  39.7  (160 s)
[adapt dcrlme_seed1] leg4_paralysed     top_k       essais  20.0  % oracle  86.0  (174 s)
[adapt dcrlme_seed1] leg4_paralysed     random      essais  20.0  % oracle  41.8  (188 s)
[adapt dcrlme_seed1] leg4_paralysed     best_intact essais   1.0  % oracle  21.5  (189 s)
[adapt dcrlme_seed1] leg1_weak          ite         essais   3.6  % oracle  52.1  (203 s)
[adapt dcrlme_seed1] leg1_weak          top_k       essais  20.0  % oracle  96.4  (217 s)
[adapt dcrlme_seed1] leg1_weak          random      essais  20.0  % oracle  56.4  (232 s)
[adapt dcrlme_seed1] leg1_weak          best_intact essais   1.0  % oracle  30.3  (232 s)
[adapt dcrlme_seed1] leg2_weak          ite         essais   6.4  % oracle  49.1  (247 s)
[adapt dcrlme_seed1] leg2_weak          top_k       essais  20.0  % oracle  78.9  (261 s)
[adapt dcrlme_seed1] leg2_weak          random      essais  20.0  % oracle  66.2  (275 s)
[adapt dcrlme_seed1] leg2_weak          best_intact essais   1.0  % oracle  40.3  (276 s)
[adapt dcrlme_seed1] leg3_weak          ite         essais   2.2  % oracle  82.1  (291 s)
[adapt dcrlme_seed1] leg3_weak          top_k       essais  20.0  % oracle  98.7  (305 s)
[adapt dcrlme_seed1] leg3_weak          random      essais  20.0  % oracle  78.5  (319 s)
[adapt dcrlme_seed1] leg3_weak          best_intact essais   1.0  % oracle  35.7  (320 s)
[adapt dcrlme_seed1] leg4_weak          ite         essais   2.0  % oracle  93.0  (334 s)
[adapt dcrlme_seed1] leg4_weak          top_k       essais  20.0  % oracle  93.6  (348 s)
[adapt dcrlme_seed1] leg4_weak          random      essais  20.0  % oracle  61.7  (362 s)
[adapt dcrlme_seed1] leg4_weak          best_intact essais   1.0  % oracle  69.3  (363 s)
[adapt dcrlme_seed1] legs12_paralysed   ite         essais  20.0  % oracle  31.0  (378 s)
[adapt dcrlme_seed1] legs12_paralysed   top_k       essais  20.0  % oracle  37.3  (392 s)
[adapt dcrlme_seed1] legs12_paralysed   random      essais  20.0  % oracle  35.3  (406 s)
[adapt dcrlme_seed1] legs12_paralysed   best_intact essais   1.0  % oracle   0.3  (407 s)
[adapt dcrlme_seed1] legs14_paralysed   ite         essais  20.0  % oracle   3.1  (422 s)
[adapt dcrlme_seed1] legs14_paralysed   top_k       essais  20.0  % oracle   2.8  (436 s)
[adapt dcrlme_seed1] legs14_paralysed   random      essais  20.0  % oracle   7.9  (450 s)
[adapt dcrlme_seed1] legs14_paralysed   best_intact essais   1.0  % oracle  -9.7  (451 s)
[adapt dcrlme_seed1] ankle1_paralysed   ite         essais   5.6  % oracle  49.6  (466 s)
[adapt dcrlme_seed1] ankle1_paralysed   top_k       essais  20.0  % oracle  45.4  (480 s)
[adapt dcrlme_seed1] ankle1_paralysed   random      essais  20.0  % oracle  59.0  (494 s)
[adapt dcrlme_seed1] ankle1_paralysed   best_intact essais   1.0  % oracle  24.5  (495 s)
[adapt dcrlme_seed1] ankle3_paralysed   ite         essais   2.4  % oracle  60.5  (509 s)
[adapt dcrlme_seed1] ankle3_paralysed   top_k       essais  20.0  % oracle  73.8  (523 s)
[adapt dcrlme_seed1] ankle3_paralysed   random      essais  20.0  % oracle  66.4  (537 s)
[adapt dcrlme_seed1] ankle3_paralysed   best_intact essais   1.0  % oracle  10.1  (538 s)
fatal: not a git repository (or any parent up to mount point /kaggle)
Stopping at filesystem boundary (GIT_DISCOVERY_ACROSS_FILESYSTEM not set).
/kaggle/working/outputs/adaptation/dcrlme_seed1
