Gym has been unmaintained since 2022 and does not support NumPy 2.0 amongst other critical functionality.
Please upgrade to Gymnasium, the maintained drop-in replacement of Gym, or contact the authors of your software and request that they upgrade.
Users of this version of Gym should be able to simply replace 'import gym' with 'import gymnasium as gym' in the vast majority of cases.
See the migration guide at https://gymnasium.farama.org/introduction/migration_guide/ for additional information.
[oracle me_seed1] intact             meilleur :  1165.3  (15 s)
[oracle me_seed1] leg1_paralysed     meilleur :  1096.1  (17 s)
[oracle me_seed1] leg2_paralysed     meilleur :  1092.5  (20 s)
[oracle me_seed1] leg3_paralysed     meilleur :  1126.9  (22 s)
[oracle me_seed1] leg4_paralysed     meilleur :  1128.4  (24 s)
[oracle me_seed1] leg1_weak          meilleur :  1114.8  (27 s)
[oracle me_seed1] leg2_weak          meilleur :  1120.8  (29 s)
[oracle me_seed1] leg3_weak          meilleur :  1143.6  (32 s)
[oracle me_seed1] leg4_weak          meilleur :  1165.2  (34 s)
[oracle me_seed1] legs12_paralysed   meilleur :  1067.3  (36 s)
[oracle me_seed1] legs14_paralysed   meilleur :  1067.0  (39 s)
[oracle me_seed1] ankle1_paralysed   meilleur :  1112.7  (41 s)
[oracle me_seed1] ankle3_paralysed   meilleur :  1146.3  (44 s)
/kaggle/working/code/src/qd_damage/oracle.py:137: RuntimeWarning: Mean of empty slice
  mean_fit = np.nanmean(data["fitness"], axis=2)  # (scénarios, cases)
fatal: not a git repository (or any parent up to mount point /kaggle)
Stopping at filesystem boundary (GIT_DISCOVERY_ACROSS_FILESYSTEM not set).
/kaggle/working/outputs/oracle/me_seed1
Gym has been unmaintained since 2022 and does not support NumPy 2.0 amongst other critical functionality.
Please upgrade to Gymnasium, the maintained drop-in replacement of Gym, or contact the authors of your software and request that they upgrade.
Users of this version of Gym should be able to simply replace 'import gym' with 'import gymnasium as gym' in the vast majority of cases.
See the migration guide at https://gymnasium.farama.org/introduction/migration_guide/ for additional information.
[adapt me_seed1] leg1_paralysed     ite         essais   8.4  % oracle  30.7  (26 s)
[adapt me_seed1] leg1_paralysed     top_k       essais  20.0  % oracle  33.0  (40 s)
[adapt me_seed1] leg1_paralysed     random      essais  20.0  % oracle  31.4  (54 s)
[adapt me_seed1] leg1_paralysed     best_intact essais   1.0  % oracle  -2.9  (55 s)
[adapt me_seed1] leg2_paralysed     ite         essais   7.2  % oracle  63.6  (70 s)
[adapt me_seed1] leg2_paralysed     top_k       essais  20.0  % oracle  38.9  (84 s)
[adapt me_seed1] leg2_paralysed     random      essais  20.0  % oracle  58.9  (98 s)
[adapt me_seed1] leg2_paralysed     best_intact essais   1.0  % oracle  59.9  (99 s)
[adapt me_seed1] leg3_paralysed     ite         essais   6.2  % oracle  29.2  (114 s)
[adapt me_seed1] leg3_paralysed     top_k       essais  20.0  % oracle  15.3  (128 s)
[adapt me_seed1] leg3_paralysed     random      essais  20.0  % oracle  44.7  (142 s)
[adapt me_seed1] leg3_paralysed     best_intact essais   1.0  % oracle  12.2  (143 s)
[adapt me_seed1] leg4_paralysed     ite         essais   4.4  % oracle  52.1  (158 s)
[adapt me_seed1] leg4_paralysed     top_k       essais  20.0  % oracle  57.6  (172 s)
[adapt me_seed1] leg4_paralysed     random      essais  20.0  % oracle  45.9  (186 s)
[adapt me_seed1] leg4_paralysed     best_intact essais   1.0  % oracle  53.0  (187 s)
[adapt me_seed1] leg1_weak          ite         essais   6.2  % oracle  51.2  (202 s)
[adapt me_seed1] leg1_weak          top_k       essais  20.0  % oracle 100.0  (216 s)
[adapt me_seed1] leg1_weak          random      essais  20.0  % oracle  64.6  (230 s)
[adapt me_seed1] leg1_weak          best_intact essais   1.0  % oracle  52.1  (231 s)
[adapt me_seed1] leg2_weak          ite         essais   5.6  % oracle  70.6  (246 s)
[adapt me_seed1] leg2_weak          top_k       essais  20.0  % oracle  81.8  (260 s)
[adapt me_seed1] leg2_weak          random      essais  20.0  % oracle  67.1  (274 s)
[adapt me_seed1] leg2_weak          best_intact essais   1.0  % oracle  70.4  (275 s)
[adapt me_seed1] leg3_weak          ite         essais   2.4  % oracle  55.4  (290 s)
[adapt me_seed1] leg3_weak          top_k       essais  20.0  % oracle  44.2  (304 s)
[adapt me_seed1] leg3_weak          random      essais  20.0  % oracle  59.4  (318 s)
[adapt me_seed1] leg3_weak          best_intact essais   1.0  % oracle  22.1  (319 s)
[adapt me_seed1] leg4_weak          ite         essais   1.6  % oracle  75.6  (334 s)
[adapt me_seed1] leg4_weak          top_k       essais  20.0  % oracle  94.3  (348 s)
[adapt me_seed1] leg4_weak          random      essais  20.0  % oracle  76.2  (362 s)
[adapt me_seed1] leg4_weak          best_intact essais   1.0  % oracle  78.9  (363 s)
[adapt me_seed1] legs12_paralysed   ite         essais  17.4  % oracle  42.2  (378 s)
[adapt me_seed1] legs12_paralysed   top_k       essais  20.0  % oracle  -1.7  (392 s)
[adapt me_seed1] legs12_paralysed   random      essais  20.0  % oracle  23.6  (406 s)
[adapt me_seed1] legs12_paralysed   best_intact essais   1.0  % oracle  -0.2  (407 s)
[adapt me_seed1] legs14_paralysed   ite         essais  19.2  % oracle   7.0  (422 s)
[adapt me_seed1] legs14_paralysed   top_k       essais  20.0  % oracle   7.7  (436 s)
[adapt me_seed1] legs14_paralysed   random      essais  20.0  % oracle   7.0  (450 s)
[adapt me_seed1] legs14_paralysed   best_intact essais   1.0  % oracle -162.8  (451 s)
[adapt me_seed1] ankle1_paralysed   ite         essais   6.0  % oracle  16.7  (466 s)
[adapt me_seed1] ankle1_paralysed   top_k       essais  20.0  % oracle  31.3  (480 s)
[adapt me_seed1] ankle1_paralysed   random      essais  20.0  % oracle  45.9  (494 s)
[adapt me_seed1] ankle1_paralysed   best_intact essais   1.0  % oracle -16.5  (495 s)
[adapt me_seed1] ankle3_paralysed   ite         essais   2.6  % oracle  75.5  (510 s)
[adapt me_seed1] ankle3_paralysed   top_k       essais  20.0  % oracle  28.5  (524 s)
[adapt me_seed1] ankle3_paralysed   random      essais  20.0  % oracle  74.3  (538 s)
[adapt me_seed1] ankle3_paralysed   best_intact essais   1.0  % oracle  25.0  (539 s)
fatal: not a git repository (or any parent up to mount point /kaggle)
Stopping at filesystem boundary (GIT_DISCOVERY_ACROSS_FILESYSTEM not set).
/kaggle/working/outputs/adaptation/me_seed1
