Gym has been unmaintained since 2022 and does not support NumPy 2.0 amongst other critical functionality.
Please upgrade to Gymnasium, the maintained drop-in replacement of Gym, or contact the authors of your software and request that they upgrade.
Users of this version of Gym should be able to simply replace 'import gym' with 'import gymnasium as gym' in the vast majority of cases.
See the migration guide at https://gymnasium.farama.org/introduction/migration_guide/ for additional information.
[oracle pgame_seed0] intact             meilleur :  1769.3  (15 s)
[oracle pgame_seed0] leg1_paralysed     meilleur :  1183.4  (17 s)
[oracle pgame_seed0] leg2_paralysed     meilleur :  1765.0  (20 s)
[oracle pgame_seed0] leg3_paralysed     meilleur :  1287.4  (22 s)
[oracle pgame_seed0] leg4_paralysed     meilleur :  1393.3  (24 s)
[oracle pgame_seed0] leg1_weak          meilleur :  1674.4  (27 s)
[oracle pgame_seed0] leg2_weak          meilleur :  1758.5  (29 s)
[oracle pgame_seed0] leg3_weak          meilleur :  1619.3  (31 s)
[oracle pgame_seed0] leg4_weak          meilleur :  1721.4  (34 s)
[oracle pgame_seed0] legs12_paralysed   meilleur :  1102.1  (36 s)
[oracle pgame_seed0] legs14_paralysed   meilleur :  1130.3  (39 s)
[oracle pgame_seed0] ankle1_paralysed   meilleur :  1515.1  (41 s)
[oracle pgame_seed0] ankle3_paralysed   meilleur :  1636.6  (43 s)
/kaggle/working/code/src/qd_damage/oracle.py:137: RuntimeWarning: Mean of empty slice
  mean_fit = np.nanmean(data["fitness"], axis=2)  # (scénarios, cases)
fatal: not a git repository (or any parent up to mount point /kaggle)
Stopping at filesystem boundary (GIT_DISCOVERY_ACROSS_FILESYSTEM not set).
/kaggle/working/outputs/oracle/pgame_seed0
Gym has been unmaintained since 2022 and does not support NumPy 2.0 amongst other critical functionality.
Please upgrade to Gymnasium, the maintained drop-in replacement of Gym, or contact the authors of your software and request that they upgrade.
Users of this version of Gym should be able to simply replace 'import gym' with 'import gymnasium as gym' in the vast majority of cases.
See the migration guide at https://gymnasium.farama.org/introduction/migration_guide/ for additional information.
[adapt pgame_seed0] leg1_paralysed     ite         essais   6.4  % oracle  67.5  (26 s)
[adapt pgame_seed0] leg1_paralysed     top_k       essais  20.0  % oracle  72.4  (40 s)
[adapt pgame_seed0] leg1_paralysed     random      essais  20.0  % oracle  57.7  (54 s)
[adapt pgame_seed0] leg1_paralysed     best_intact essais   1.0  % oracle  83.7  (55 s)
[adapt pgame_seed0] leg2_paralysed     ite         essais   1.0  % oracle  89.9  (70 s)
[adapt pgame_seed0] leg2_paralysed     top_k       essais  20.0  % oracle  88.8  (84 s)
[adapt pgame_seed0] leg2_paralysed     random      essais  20.0  % oracle  61.9  (98 s)
[adapt pgame_seed0] leg2_paralysed     best_intact essais   1.0  % oracle  89.9  (99 s)
[adapt pgame_seed0] leg3_paralysed     ite         essais  11.4  % oracle  10.8  (114 s)
[adapt pgame_seed0] leg3_paralysed     top_k       essais  20.0  % oracle  58.8  (128 s)
[adapt pgame_seed0] leg3_paralysed     random      essais  20.0  % oracle  54.5  (142 s)
[adapt pgame_seed0] leg3_paralysed     best_intact essais   1.0  % oracle  23.9  (143 s)
[adapt pgame_seed0] leg4_paralysed     ite         essais   3.8  % oracle  57.9  (158 s)
[adapt pgame_seed0] leg4_paralysed     top_k       essais  20.0  % oracle  79.0  (172 s)
[adapt pgame_seed0] leg4_paralysed     random      essais  20.0  % oracle  59.9  (186 s)
[adapt pgame_seed0] leg4_paralysed     best_intact essais   1.0  % oracle  38.6  (187 s)
[adapt pgame_seed0] leg1_weak          ite         essais   1.0  % oracle  85.6  (201 s)
[adapt pgame_seed0] leg1_weak          top_k       essais  20.0  % oracle  87.6  (216 s)
[adapt pgame_seed0] leg1_weak          random      essais  20.0  % oracle  70.7  (230 s)
[adapt pgame_seed0] leg1_weak          best_intact essais   1.0  % oracle  85.6  (231 s)
[adapt pgame_seed0] leg2_weak          ite         essais   1.0  % oracle 100.0  (246 s)
[adapt pgame_seed0] leg2_weak          top_k       essais  20.0  % oracle  92.2  (260 s)
[adapt pgame_seed0] leg2_weak          random      essais  20.0  % oracle  66.2  (274 s)
[adapt pgame_seed0] leg2_weak          best_intact essais   1.0  % oracle 100.0  (275 s)
[adapt pgame_seed0] leg3_weak          ite         essais   3.2  % oracle  64.2  (290 s)
[adapt pgame_seed0] leg3_weak          top_k       essais  20.0  % oracle  84.4  (304 s)
[adapt pgame_seed0] leg3_weak          random      essais  20.0  % oracle  68.8  (318 s)
[adapt pgame_seed0] leg3_weak          best_intact essais   1.0  % oracle  68.5  (319 s)
[adapt pgame_seed0] leg4_weak          ite         essais   1.0  % oracle  90.8  (334 s)
[adapt pgame_seed0] leg4_weak          top_k       essais  20.0  % oracle  89.1  (348 s)
[adapt pgame_seed0] leg4_weak          random      essais  20.0  % oracle  76.6  (362 s)
[adapt pgame_seed0] leg4_weak          best_intact essais   1.0  % oracle  90.8  (363 s)
[adapt pgame_seed0] legs12_paralysed   ite         essais  13.6  % oracle  30.7  (378 s)
[adapt pgame_seed0] legs12_paralysed   top_k       essais  20.0  % oracle  43.7  (392 s)
[adapt pgame_seed0] legs12_paralysed   random      essais  20.0  % oracle  41.4  (406 s)
[adapt pgame_seed0] legs12_paralysed   best_intact essais   1.0  % oracle -146.3  (407 s)
[adapt pgame_seed0] legs14_paralysed   ite         essais  17.2  % oracle  19.2  (422 s)
[adapt pgame_seed0] legs14_paralysed   top_k       essais  20.0  % oracle   5.3  (436 s)
[adapt pgame_seed0] legs14_paralysed   random      essais  20.0  % oracle  20.8  (450 s)
[adapt pgame_seed0] legs14_paralysed   best_intact essais   1.0  % oracle   1.2  (451 s)
[adapt pgame_seed0] ankle1_paralysed   ite         essais   3.8  % oracle  43.3  (465 s)
[adapt pgame_seed0] ankle1_paralysed   top_k       essais  20.0  % oracle  87.6  (480 s)
[adapt pgame_seed0] ankle1_paralysed   random      essais  20.0  % oracle  61.6  (494 s)
[adapt pgame_seed0] ankle1_paralysed   best_intact essais   1.0  % oracle  43.7  (495 s)
[adapt pgame_seed0] ankle3_paralysed   ite         essais   1.6  % oracle  92.7  (509 s)
[adapt pgame_seed0] ankle3_paralysed   top_k       essais  20.0  % oracle  95.6  (523 s)
[adapt pgame_seed0] ankle3_paralysed   random      essais  20.0  % oracle  81.5  (538 s)
[adapt pgame_seed0] ankle3_paralysed   best_intact essais   1.0  % oracle  91.1  (538 s)
fatal: not a git repository (or any parent up to mount point /kaggle)
Stopping at filesystem boundary (GIT_DISCOVERY_ACROSS_FILESYSTEM not set).
/kaggle/working/outputs/adaptation/pgame_seed0
