Gym has been unmaintained since 2022 and does not support NumPy 2.0 amongst other critical functionality.
Please upgrade to Gymnasium, the maintained drop-in replacement of Gym, or contact the authors of your software and request that they upgrade.
Users of this version of Gym should be able to simply replace 'import gym' with 'import gymnasium as gym' in the vast majority of cases.
See the migration guide at https://gymnasium.farama.org/introduction/migration_guide/ for additional information.
[oracle me_seed2] intact             meilleur :  1216.2  (14 s)
[oracle me_seed2] leg1_paralysed     meilleur :  1122.8  (17 s)
[oracle me_seed2] leg2_paralysed     meilleur :  1097.3  (19 s)
[oracle me_seed2] leg3_paralysed     meilleur :  1108.1  (21 s)
[oracle me_seed2] leg4_paralysed     meilleur :  1091.5  (24 s)
[oracle me_seed2] leg1_weak          meilleur :  1203.8  (26 s)
[oracle me_seed2] leg2_weak          meilleur :  1144.2  (29 s)
[oracle me_seed2] leg3_weak          meilleur :  1137.4  (31 s)
[oracle me_seed2] leg4_weak          meilleur :  1200.5  (33 s)
[oracle me_seed2] legs12_paralysed   meilleur :  1075.5  (36 s)
[oracle me_seed2] legs14_paralysed   meilleur :  1094.9  (38 s)
[oracle me_seed2] ankle1_paralysed   meilleur :  1144.0  (40 s)
[oracle me_seed2] ankle3_paralysed   meilleur :  1195.5  (43 s)
/kaggle/working/code/src/qd_damage/oracle.py:137: RuntimeWarning: Mean of empty slice
  mean_fit = np.nanmean(data["fitness"], axis=2)  # (scénarios, cases)
fatal: not a git repository (or any parent up to mount point /kaggle)
Stopping at filesystem boundary (GIT_DISCOVERY_ACROSS_FILESYSTEM not set).
/kaggle/working/outputs/oracle/me_seed2
Gym has been unmaintained since 2022 and does not support NumPy 2.0 amongst other critical functionality.
Please upgrade to Gymnasium, the maintained drop-in replacement of Gym, or contact the authors of your software and request that they upgrade.
Users of this version of Gym should be able to simply replace 'import gym' with 'import gymnasium as gym' in the vast majority of cases.
See the migration guide at https://gymnasium.farama.org/introduction/migration_guide/ for additional information.
[adapt me_seed2] leg1_paralysed     ite         essais   4.2  % oracle  54.1  (31 s)
[adapt me_seed2] leg1_paralysed     top_k       essais  20.0  % oracle  73.4  (46 s)
[adapt me_seed2] leg1_paralysed     random      essais  20.0  % oracle  34.7  (60 s)
[adapt me_seed2] leg1_paralysed     best_intact essais   1.0  % oracle  29.6  (60 s)
[adapt me_seed2] leg2_paralysed     ite         essais   9.8  % oracle  35.2  (75 s)
[adapt me_seed2] leg2_paralysed     top_k       essais  20.0  % oracle  13.1  (89 s)
[adapt me_seed2] leg2_paralysed     random      essais  20.0  % oracle   0.8  (104 s)
[adapt me_seed2] leg2_paralysed     best_intact essais   1.0  % oracle -22.7  (104 s)
[adapt me_seed2] leg3_paralysed     ite         essais  11.2  % oracle  35.8  (119 s)
[adapt me_seed2] leg3_paralysed     top_k       essais  20.0  % oracle  35.5  (133 s)
[adapt me_seed2] leg3_paralysed     random      essais  20.0  % oracle  39.1  (148 s)
[adapt me_seed2] leg3_paralysed     best_intact essais   1.0  % oracle  44.4  (148 s)
[adapt me_seed2] leg4_paralysed     ite         essais   7.4  % oracle  38.8  (163 s)
[adapt me_seed2] leg4_paralysed     top_k       essais  20.0  % oracle  47.1  (177 s)
[adapt me_seed2] leg4_paralysed     random      essais  20.0  % oracle  33.6  (191 s)
[adapt me_seed2] leg4_paralysed     best_intact essais   1.0  % oracle   4.4  (192 s)
[adapt me_seed2] leg1_weak          ite         essais   1.8  % oracle  63.8  (207 s)
[adapt me_seed2] leg1_weak          top_k       essais  20.0  % oracle  75.3  (221 s)
[adapt me_seed2] leg1_weak          random      essais  20.0  % oracle  64.9  (235 s)
[adapt me_seed2] leg1_weak          best_intact essais   1.0  % oracle  45.7  (236 s)
[adapt me_seed2] leg2_weak          ite         essais   6.4  % oracle  37.6  (251 s)
[adapt me_seed2] leg2_weak          top_k       essais  20.0  % oracle  87.2  (265 s)
[adapt me_seed2] leg2_weak          random      essais  20.0  % oracle  66.2  (279 s)
[adapt me_seed2] leg2_weak          best_intact essais   1.0  % oracle  33.6  (280 s)
[adapt me_seed2] leg3_weak          ite         essais   5.6  % oracle  44.1  (295 s)
[adapt me_seed2] leg3_weak          top_k       essais  20.0  % oracle  68.6  (309 s)
[adapt me_seed2] leg3_weak          random      essais  20.0  % oracle  64.1  (323 s)
[adapt me_seed2] leg3_weak          best_intact essais   1.0  % oracle  50.0  (324 s)
[adapt me_seed2] leg4_weak          ite         essais   1.8  % oracle  84.1  (338 s)
[adapt me_seed2] leg4_weak          top_k       essais  20.0  % oracle  85.5  (353 s)
[adapt me_seed2] leg4_weak          random      essais  20.0  % oracle  51.5  (367 s)
[adapt me_seed2] leg4_weak          best_intact essais   1.0  % oracle  84.1  (368 s)
[adapt me_seed2] legs12_paralysed   ite         essais  14.4  % oracle  84.4  (383 s)
[adapt me_seed2] legs12_paralysed   top_k       essais  20.0  % oracle  24.0  (397 s)
[adapt me_seed2] legs12_paralysed   random      essais  20.0  % oracle   9.7  (411 s)
[adapt me_seed2] legs12_paralysed   best_intact essais   1.0  % oracle  -0.6  (412 s)
[adapt me_seed2] legs14_paralysed   ite         essais   8.6  % oracle   7.5  (426 s)
[adapt me_seed2] legs14_paralysed   top_k       essais  20.0  % oracle  36.8  (441 s)
[adapt me_seed2] legs14_paralysed   random      essais  20.0  % oracle  37.0  (455 s)
[adapt me_seed2] legs14_paralysed   best_intact essais   1.0  % oracle  -1.0  (456 s)
[adapt me_seed2] ankle1_paralysed   ite         essais   3.6  % oracle  52.0  (470 s)
[adapt me_seed2] ankle1_paralysed   top_k       essais  20.0  % oracle  57.4  (485 s)
[adapt me_seed2] ankle1_paralysed   random      essais  20.0  % oracle  54.5  (499 s)
[adapt me_seed2] ankle1_paralysed   best_intact essais   1.0  % oracle  43.6  (500 s)
[adapt me_seed2] ankle3_paralysed   ite         essais   2.0  % oracle  62.5  (514 s)
[adapt me_seed2] ankle3_paralysed   top_k       essais  20.0  % oracle  72.4  (528 s)
[adapt me_seed2] ankle3_paralysed   random      essais  20.0  % oracle  60.0  (543 s)
[adapt me_seed2] ankle3_paralysed   best_intact essais   1.0  % oracle  43.6  (543 s)
fatal: not a git repository (or any parent up to mount point /kaggle)
Stopping at filesystem boundary (GIT_DISCOVERY_ACROSS_FILESYSTEM not set).
/kaggle/working/outputs/adaptation/me_seed2
