Gym has been unmaintained since 2022 and does not support NumPy 2.0 amongst other critical functionality.
Please upgrade to Gymnasium, the maintained drop-in replacement of Gym, or contact the authors of your software and request that they upgrade.
Users of this version of Gym should be able to simply replace 'import gym' with 'import gymnasium as gym' in the vast majority of cases.
See the migration guide at https://gymnasium.farama.org/introduction/migration_guide/ for additional information.
[rl ankle1_paralysed finetune s1] 144 épisodes : 495.2 (83 s)
[rl ankle1_paralysed finetune s1] 304 épisodes : 822.2 (137 s)
[rl ankle1_paralysed finetune s1] 464 épisodes : 949.5 (191 s)
[rl ankle1_paralysed finetune s1] 624 épisodes : 975.4 (246 s)
[rl ankle1_paralysed finetune s1] 784 épisodes : 1002.5 (300 s)
[rl ankle1_paralysed finetune s1] 944 épisodes : 1014.2 (354 s)
[rl ankle1_paralysed finetune s1] 1104 épisodes : 1020.5 (408 s)
[rl ankle1_paralysed finetune s1] 1264 épisodes : 1027.3 (462 s)
[rl ankle1_paralysed finetune s1] 1424 épisodes : 1022.5 (516 s)
[rl ankle1_paralysed finetune s1] 1584 épisodes : 1034.3 (570 s)
[rl ankle1_paralysed finetune s1] 1744 épisodes : 1041.5 (624 s)
[rl ankle1_paralysed finetune s1] 1904 épisodes : 1043.7 (678 s)
[rl ankle1_paralysed finetune s1] 2000 épisodes : 1044.2 (711 s)
fatal: not a git repository (or any parent up to mount point /kaggle)
Stopping at filesystem boundary (GIT_DISCOVERY_ACROSS_FILESYSTEM not set).
/kaggle/working/outputs/rl/ankle1_paralysed_finetune_seed1
