Gym has been unmaintained since 2022 and does not support NumPy 2.0 amongst other critical functionality.
Please upgrade to Gymnasium, the maintained drop-in replacement of Gym, or contact the authors of your software and request that they upgrade.
Users of this version of Gym should be able to simply replace 'import gym' with 'import gymnasium as gym' in the vast majority of cases.
See the migration guide at https://gymnasium.farama.org/introduction/migration_guide/ for additional information.
[rl leg4_paralysed scratch s0] 144 épisodes : 788.9 (84 s)
[rl leg4_paralysed scratch s0] 304 épisodes : 1012.8 (138 s)
[rl leg4_paralysed scratch s0] 464 épisodes : 1009.1 (192 s)
[rl leg4_paralysed scratch s0] 624 épisodes : 1025.2 (246 s)
[rl leg4_paralysed scratch s0] 784 épisodes : 1027.4 (301 s)
[rl leg4_paralysed scratch s0] 944 épisodes : 1028.2 (355 s)
[rl leg4_paralysed scratch s0] 1104 épisodes : 1039.6 (409 s)
[rl leg4_paralysed scratch s0] 1264 épisodes : 1040.9 (463 s)
[rl leg4_paralysed scratch s0] 1424 épisodes : 1045.0 (517 s)
[rl leg4_paralysed scratch s0] 1584 épisodes : 1049.1 (571 s)
[rl leg4_paralysed scratch s0] 1744 épisodes : 1050.7 (626 s)
[rl leg4_paralysed scratch s0] 1904 épisodes : 1055.4 (680 s)
[rl leg4_paralysed scratch s0] 2000 épisodes : 1056.9 (713 s)
fatal: not a git repository (or any parent up to mount point /kaggle)
Stopping at filesystem boundary (GIT_DISCOVERY_ACROSS_FILESYSTEM not set).
/kaggle/working/outputs/rl/leg4_paralysed_scratch_seed0
