Gym has been unmaintained since 2022 and does not support NumPy 2.0 amongst other critical functionality.
Please upgrade to Gymnasium, the maintained drop-in replacement of Gym, or contact the authors of your software and request that they upgrade.
Users of this version of Gym should be able to simply replace 'import gym' with 'import gymnasium as gym' in the vast majority of cases.
See the migration guide at https://gymnasium.farama.org/introduction/migration_guide/ for additional information.
[rl leg2_weak finetune s1] 144 épisodes : 522.9 (83 s)
[rl leg2_weak finetune s1] 304 épisodes : 682.3 (137 s)
[rl leg2_weak finetune s1] 464 épisodes : 909.3 (192 s)
[rl leg2_weak finetune s1] 624 épisodes : 982.1 (246 s)
[rl leg2_weak finetune s1] 784 épisodes : 1104.6 (300 s)
[rl leg2_weak finetune s1] 944 épisodes : 1063.8 (355 s)
[rl leg2_weak finetune s1] 1104 épisodes : 1115.6 (409 s)
[rl leg2_weak finetune s1] 1264 épisodes : 1153.8 (464 s)
[rl leg2_weak finetune s1] 1424 épisodes : 1122.4 (518 s)
[rl leg2_weak finetune s1] 1584 épisodes : 1279.4 (573 s)
[rl leg2_weak finetune s1] 1744 épisodes : 1295.4 (627 s)
[rl leg2_weak finetune s1] 1904 épisodes : 1264.5 (682 s)
[rl leg2_weak finetune s1] 2000 épisodes : 1229.7 (715 s)
fatal: not a git repository (or any parent up to mount point /kaggle)
Stopping at filesystem boundary (GIT_DISCOVERY_ACROSS_FILESYSTEM not set).
/kaggle/working/outputs/rl/leg2_weak_finetune_seed1
