Gym has been unmaintained since 2022 and does not support NumPy 2.0 amongst other critical functionality.
Please upgrade to Gymnasium, the maintained drop-in replacement of Gym, or contact the authors of your software and request that they upgrade.
Users of this version of Gym should be able to simply replace 'import gym' with 'import gymnasium as gym' in the vast majority of cases.
See the migration guide at https://gymnasium.farama.org/introduction/migration_guide/ for additional information.
[dcrlme_seed0] init : {'iteration': 0, 'evaluations': 256, 'qd_score': 104879.90625, 'coverage': 10.44921875, 'max_fitness': 1045.7303466796875, 'time_s': 14.322504997253418}
[dcrlme_seed0] {'iteration': 10, 'evaluations': 2816, 'qd_score': 351969.9375, 'coverage': 37.79296875, 'max_fitness': 1068.6697998046875, 'time_s': 46.14120173454285}
[dcrlme_seed0] {'iteration': 20, 'evaluations': 5376, 'qd_score': 436045.65625, 'coverage': 45.41015625, 'max_fitness': 1068.6697998046875, 'time_s': 23.33622121810913}
[dcrlme_seed0] {'iteration': 30, 'evaluations': 7936, 'qd_score': 485475.96875, 'coverage': 49.90234375, 'max_fitness': 1081.974853515625, 'time_s': 23.876354694366455}
[dcrlme_seed0] {'iteration': 40, 'evaluations': 10496, 'qd_score': 522647.84375, 'coverage': 53.125, 'max_fitness': 1109.548095703125, 'time_s': 24.421504974365234}
[dcrlme_seed0] {'iteration': 50, 'evaluations': 13056, 'qd_score': 557694.0, 'coverage': 55.859375, 'max_fitness': 1165.422119140625, 'time_s': 24.815685272216797}
[dcrlme_seed0] {'iteration': 60, 'evaluations': 15616, 'qd_score': 586293.125, 'coverage': 57.91015625, 'max_fitness': 1185.75, 'time_s': 24.402119398117065}
[dcrlme_seed0] {'iteration': 70, 'evaluations': 18176, 'qd_score': 617349.625, 'coverage': 60.546875, 'max_fitness': 1185.75, 'time_s': 24.301233768463135}
[dcrlme_seed0] {'iteration': 80, 'evaluations': 20736, 'qd_score': 631624.5, 'coverage': 61.328125, 'max_fitness': 1185.75, 'time_s': 24.38341236114502}
[dcrlme_seed0] {'iteration': 90, 'evaluations': 23296, 'qd_score': 643036.75, 'coverage': 62.20703125, 'max_fitness': 1185.75, 'time_s': 24.414774417877197}
[dcrlme_seed0] {'iteration': 100, 'evaluations': 25856, 'qd_score': 658117.625, 'coverage': 63.4765625, 'max_fitness': 1219.3001708984375, 'time_s': 24.4291353225708}
[dcrlme_seed0] {'iteration': 110, 'evaluations': 28416, 'qd_score': 673499.625, 'coverage': 64.453125, 'max_fitness': 1219.3001708984375, 'time_s': 24.351637601852417}
[dcrlme_seed0] {'iteration': 120, 'evaluations': 30976, 'qd_score': 686918.375, 'coverage': 65.4296875, 'max_fitness': 1252.44189453125, 'time_s': 24.389610528945923}
[dcrlme_seed0] {'iteration': 130, 'evaluations': 33536, 'qd_score': 698134.875, 'coverage': 66.11328125, 'max_fitness': 1252.44189453125, 'time_s': 24.34591293334961}
[dcrlme_seed0] {'iteration': 140, 'evaluations': 36096, 'qd_score': 705104.5, 'coverage': 66.40625, 'max_fitness': 1301.48583984375, 'time_s': 24.412115573883057}
[dcrlme_seed0] {'iteration': 150, 'evaluations': 38656, 'qd_score': 716545.0, 'coverage': 67.1875, 'max_fitness': 1314.4434814453125, 'time_s': 24.35906744003296}
[dcrlme_seed0] {'iteration': 160, 'evaluations': 41216, 'qd_score': 727065.8125, 'coverage': 67.96875, 'max_fitness': 1314.4434814453125, 'time_s': 24.352203130722046}
[dcrlme_seed0] {'iteration': 170, 'evaluations': 43776, 'qd_score': 737341.375, 'coverage': 68.5546875, 'max_fitness': 1314.4434814453125, 'time_s': 24.31652808189392}
[dcrlme_seed0] {'iteration': 180, 'evaluations': 46336, 'qd_score': 746710.25, 'coverage': 69.140625, 'max_fitness': 1314.4434814453125, 'time_s': 24.31874942779541}
[dcrlme_seed0] {'iteration': 190, 'evaluations': 48896, 'qd_score': 753550.0, 'coverage': 69.62890625, 'max_fitness': 1314.4434814453125, 'time_s': 24.278908014297485}
[dcrlme_seed0] {'iteration': 200, 'evaluations': 51456, 'qd_score': 762864.75, 'coverage': 70.21484375, 'max_fitness': 1314.4434814453125, 'time_s': 24.327885389328003}
[dcrlme_seed0] {'iteration': 210, 'evaluations': 54016, 'qd_score': 769842.9375, 'coverage': 70.60546875, 'max_fitness': 1314.4434814453125, 'time_s': 24.321922540664673}
[dcrlme_seed0] {'iteration': 220, 'evaluations': 56576, 'qd_score': 775561.5, 'coverage': 71.09375, 'max_fitness': 1314.4434814453125, 'time_s': 24.324898958206177}
[dcrlme_seed0] {'iteration': 230, 'evaluations': 59136, 'qd_score': 782506.3125, 'coverage': 71.484375, 'max_fitness': 1315.630615234375, 'time_s': 24.287843704223633}
[dcrlme_seed0] {'iteration': 240, 'evaluations': 61696, 'qd_score': 791227.3125, 'coverage': 72.0703125, 'max_fitness': 1331.6768798828125, 'time_s': 24.30558204650879}
[dcrlme_seed0] {'iteration': 250, 'evaluations': 64256, 'qd_score': 797103.875, 'coverage': 72.4609375, 'max_fitness': 1331.6768798828125, 'time_s': 24.30106806755066}
[dcrlme_seed0] {'iteration': 260, 'evaluations': 66816, 'qd_score': 801989.1875, 'coverage': 72.55859375, 'max_fitness': 1341.3515625, 'time_s': 24.32261562347412}
[dcrlme_seed0] {'iteration': 270, 'evaluations': 69376, 'qd_score': 806603.5625, 'coverage': 72.8515625, 'max_fitness': 1350.217529296875, 'time_s': 24.33150362968445}
[dcrlme_seed0] {'iteration': 280, 'evaluations': 71936, 'qd_score': 812961.1875, 'coverage': 73.14453125, 'max_fitness': 1350.217529296875, 'time_s': 24.29759693145752}
[dcrlme_seed0] {'iteration': 290, 'evaluations': 74496, 'qd_score': 821663.0, 'coverage': 73.73046875, 'max_fitness': 1365.024169921875, 'time_s': 24.303875207901}
[dcrlme_seed0] {'iteration': 300, 'evaluations': 77056, 'qd_score': 825713.25, 'coverage': 73.92578125, 'max_fitness': 1365.024169921875, 'time_s': 24.29653525352478}
[dcrlme_seed0] {'iteration': 310, 'evaluations': 79616, 'qd_score': 830104.875, 'coverage': 74.12109375, 'max_fitness': 1365.024169921875, 'time_s': 24.290382862091064}
[dcrlme_seed0] {'iteration': 320, 'evaluations': 82176, 'qd_score': 833257.3125, 'coverage': 74.12109375, 'max_fitness': 1383.060546875, 'time_s': 24.3303964138031}
[dcrlme_seed0] {'iteration': 330, 'evaluations': 84736, 'qd_score': 835855.875, 'coverage': 74.21875, 'max_fitness': 1383.060546875, 'time_s': 24.301203727722168}
[dcrlme_seed0] {'iteration': 340, 'evaluations': 87296, 'qd_score': 839874.5625, 'coverage': 74.4140625, 'max_fitness': 1396.5072021484375, 'time_s': 24.301294565200806}
[dcrlme_seed0] {'iteration': 350, 'evaluations': 89856, 'qd_score': 844176.75, 'coverage': 74.609375, 'max_fitness': 1400.435302734375, 'time_s': 24.29820442199707}
[dcrlme_seed0] {'iteration': 360, 'evaluations': 92416, 'qd_score': 846544.625, 'coverage': 74.609375, 'max_fitness': 1400.435302734375, 'time_s': 24.324559450149536}
[dcrlme_seed0] {'iteration': 370, 'evaluations': 94976, 'qd_score': 848900.625, 'coverage': 74.609375, 'max_fitness': 1400.435302734375, 'time_s': 24.30352520942688}
[dcrlme_seed0] {'iteration': 380, 'evaluations': 97536, 'qd_score': 853234.625, 'coverage': 74.8046875, 'max_fitness': 1400.435302734375, 'time_s': 24.27379608154297}
[dcrlme_seed0] {'iteration': 390, 'evaluations': 100096, 'qd_score': 857706.5, 'coverage': 75.0, 'max_fitness': 1427.058837890625, 'time_s': 24.316061973571777}
[dcrlme_seed0] {'iteration': 400, 'evaluations': 102656, 'qd_score': 860261.0, 'coverage': 75.1953125, 'max_fitness': 1427.058837890625, 'time_s': 24.271467447280884}
[dcrlme_seed0] {'iteration': 410, 'evaluations': 105216, 'qd_score': 862818.875, 'coverage': 75.29296875, 'max_fitness': 1427.058837890625, 'time_s': 24.268916130065918}
[dcrlme_seed0] {'iteration': 420, 'evaluations': 107776, 'qd_score': 866689.125, 'coverage': 75.390625, 'max_fitness': 1427.058837890625, 'time_s': 24.22091555595398}
[dcrlme_seed0] {'iteration': 430, 'evaluations': 110336, 'qd_score': 869043.125, 'coverage': 75.48828125, 'max_fitness': 1427.058837890625, 'time_s': 24.345542669296265}
[dcrlme_seed0] {'iteration': 440, 'evaluations': 112896, 'qd_score': 871387.0625, 'coverage': 75.5859375, 'max_fitness': 1469.548583984375, 'time_s': 24.291985034942627}
[dcrlme_seed0] {'iteration': 450, 'evaluations': 115456, 'qd_score': 873807.5, 'coverage': 75.5859375, 'max_fitness': 1469.548583984375, 'time_s': 24.31696128845215}
[dcrlme_seed0] {'iteration': 460, 'evaluations': 118016, 'qd_score': 876950.3125, 'coverage': 75.68359375, 'max_fitness': 1469.548583984375, 'time_s': 24.285982608795166}
[dcrlme_seed0] {'iteration': 470, 'evaluations': 120576, 'qd_score': 879770.25, 'coverage': 75.87890625, 'max_fitness': 1469.548583984375, 'time_s': 24.297462940216064}
[dcrlme_seed0] {'iteration': 480, 'evaluations': 123136, 'qd_score': 882800.4375, 'coverage': 76.07421875, 'max_fitness': 1469.548583984375, 'time_s': 24.227863073349}
[dcrlme_seed0] {'iteration': 490, 'evaluations': 125696, 'qd_score': 884677.0, 'coverage': 76.171875, 'max_fitness': 1469.548583984375, 'time_s': 24.341673374176025}
[dcrlme_seed0] {'iteration': 500, 'evaluations': 128256, 'qd_score': 887177.875, 'coverage': 76.3671875, 'max_fitness': 1511.16650390625, 'time_s': 24.32814311981201}
[dcrlme_seed0] {'iteration': 510, 'evaluations': 130816, 'qd_score': 888821.875, 'coverage': 76.3671875, 'max_fitness': 1511.16650390625, 'time_s': 24.362303972244263}
[dcrlme_seed0] {'iteration': 520, 'evaluations': 133376, 'qd_score': 892252.0, 'coverage': 76.5625, 'max_fitness': 1511.16650390625, 'time_s': 24.327640295028687}
[dcrlme_seed0] {'iteration': 530, 'evaluations': 135936, 'qd_score': 896367.125, 'coverage': 76.85546875, 'max_fitness': 1511.16650390625, 'time_s': 24.29175305366516}
[dcrlme_seed0] {'iteration': 540, 'evaluations': 138496, 'qd_score': 899075.5, 'coverage': 76.953125, 'max_fitness': 1511.16650390625, 'time_s': 24.201393604278564}
[dcrlme_seed0] {'iteration': 550, 'evaluations': 141056, 'qd_score': 901374.6875, 'coverage': 77.05078125, 'max_fitness': 1511.16650390625, 'time_s': 24.2111713886261}
[dcrlme_seed0] {'iteration': 560, 'evaluations': 143616, 'qd_score': 903932.5, 'coverage': 77.24609375, 'max_fitness': 1511.16650390625, 'time_s': 24.237683296203613}
[dcrlme_seed0] {'iteration': 570, 'evaluations': 146176, 'qd_score': 906406.5625, 'coverage': 77.44140625, 'max_fitness': 1511.16650390625, 'time_s': 24.26746940612793}
[dcrlme_seed0] {'iteration': 580, 'evaluations': 148736, 'qd_score': 909820.625, 'coverage': 77.734375, 'max_fitness': 1511.16650390625, 'time_s': 24.24850869178772}
[dcrlme_seed0] {'iteration': 590, 'evaluations': 151296, 'qd_score': 912152.375, 'coverage': 77.83203125, 'max_fitness': 1511.16650390625, 'time_s': 24.276110410690308}
[dcrlme_seed0] {'iteration': 600, 'evaluations': 153856, 'qd_score': 914135.8125, 'coverage': 77.83203125, 'max_fitness': 1511.16650390625, 'time_s': 24.292909145355225}
[dcrlme_seed0] {'iteration': 610, 'evaluations': 156416, 'qd_score': 915679.5, 'coverage': 77.83203125, 'max_fitness': 1511.16650390625, 'time_s': 24.28942561149597}
[dcrlme_seed0] {'iteration': 620, 'evaluations': 158976, 'qd_score': 916864.8125, 'coverage': 77.83203125, 'max_fitness': 1511.16650390625, 'time_s': 24.259756088256836}
[dcrlme_seed0] {'iteration': 630, 'evaluations': 161536, 'qd_score': 917702.0625, 'coverage': 77.83203125, 'max_fitness': 1511.16650390625, 'time_s': 24.275180101394653}
[dcrlme_seed0] {'iteration': 640, 'evaluations': 164096, 'qd_score': 919320.875, 'coverage': 78.02734375, 'max_fitness': 1511.16650390625, 'time_s': 24.292039394378662}
[dcrlme_seed0] {'iteration': 650, 'evaluations': 166656, 'qd_score': 922066.0625, 'coverage': 78.125, 'max_fitness': 1511.16650390625, 'time_s': 24.30399227142334}
[dcrlme_seed0] {'iteration': 660, 'evaluations': 169216, 'qd_score': 922756.3125, 'coverage': 78.125, 'max_fitness': 1511.16650390625, 'time_s': 24.284544944763184}
[dcrlme_seed0] {'iteration': 670, 'evaluations': 171776, 'qd_score': 927078.75, 'coverage': 78.41796875, 'max_fitness': 1511.16650390625, 'time_s': 24.251176357269287}
[dcrlme_seed0] {'iteration': 680, 'evaluations': 174336, 'qd_score': 928175.75, 'coverage': 78.41796875, 'max_fitness': 1511.16650390625, 'time_s': 24.226813793182373}
[dcrlme_seed0] {'iteration': 690, 'evaluations': 176896, 'qd_score': 930507.125, 'coverage': 78.515625, 'max_fitness': 1511.16650390625, 'time_s': 24.26549744606018}
[dcrlme_seed0] {'iteration': 700, 'evaluations': 179456, 'qd_score': 932759.0, 'coverage': 78.61328125, 'max_fitness': 1511.16650390625, 'time_s': 24.246827363967896}
[dcrlme_seed0] {'iteration': 710, 'evaluations': 182016, 'qd_score': 935457.125, 'coverage': 78.7109375, 'max_fitness': 1511.16650390625, 'time_s': 24.30171847343445}
[dcrlme_seed0] {'iteration': 720, 'evaluations': 184576, 'qd_score': 936467.25, 'coverage': 78.7109375, 'max_fitness': 1511.16650390625, 'time_s': 24.26128911972046}
[dcrlme_seed0] {'iteration': 730, 'evaluations': 187136, 'qd_score': 938512.4375, 'coverage': 78.7109375, 'max_fitness': 1511.16650390625, 'time_s': 24.28197455406189}
[dcrlme_seed0] {'iteration': 740, 'evaluations': 189696, 'qd_score': 939568.0, 'coverage': 78.7109375, 'max_fitness': 1511.16650390625, 'time_s': 24.242744207382202}
[dcrlme_seed0] {'iteration': 750, 'evaluations': 192256, 'qd_score': 943209.375, 'coverage': 78.90625, 'max_fitness': 1511.16650390625, 'time_s': 24.260990619659424}
[dcrlme_seed0] {'iteration': 760, 'evaluations': 194816, 'qd_score': 945204.0625, 'coverage': 79.00390625, 'max_fitness': 1511.16650390625, 'time_s': 24.320847272872925}
[dcrlme_seed0] {'iteration': 770, 'evaluations': 197376, 'qd_score': 946245.125, 'coverage': 79.00390625, 'max_fitness': 1516.251953125, 'time_s': 24.2934410572052}
[dcrlme_seed0] {'iteration': 780, 'evaluations': 199936, 'qd_score': 947691.625, 'coverage': 79.00390625, 'max_fitness': 1516.327880859375, 'time_s': 24.220202922821045}
[dcrlme_seed0] {'iteration': 790, 'evaluations': 202496, 'qd_score': 948994.8125, 'coverage': 79.1015625, 'max_fitness': 1516.327880859375, 'time_s': 24.20895504951477}
[dcrlme_seed0] {'iteration': 800, 'evaluations': 205056, 'qd_score': 952206.75, 'coverage': 79.39453125, 'max_fitness': 1516.327880859375, 'time_s': 24.206433057785034}
[dcrlme_seed0] {'iteration': 810, 'evaluations': 207616, 'qd_score': 952793.125, 'coverage': 79.39453125, 'max_fitness': 1516.327880859375, 'time_s': 24.225932121276855}
[dcrlme_seed0] {'iteration': 820, 'evaluations': 210176, 'qd_score': 954954.75, 'coverage': 79.39453125, 'max_fitness': 1516.327880859375, 'time_s': 24.25570273399353}
[dcrlme_seed0] {'iteration': 830, 'evaluations': 212736, 'qd_score': 955669.0, 'coverage': 79.4921875, 'max_fitness': 1516.327880859375, 'time_s': 24.26781153678894}
[dcrlme_seed0] {'iteration': 840, 'evaluations': 215296, 'qd_score': 956988.9375, 'coverage': 79.4921875, 'max_fitness': 1518.074462890625, 'time_s': 24.278680324554443}
[dcrlme_seed0] {'iteration': 850, 'evaluations': 217856, 'qd_score': 958064.5, 'coverage': 79.58984375, 'max_fitness': 1518.074462890625, 'time_s': 24.28706669807434}
[dcrlme_seed0] {'iteration': 860, 'evaluations': 220416, 'qd_score': 958633.125, 'coverage': 79.58984375, 'max_fitness': 1518.074462890625, 'time_s': 24.297691106796265}
[dcrlme_seed0] {'iteration': 870, 'evaluations': 222976, 'qd_score': 960013.0625, 'coverage': 79.58984375, 'max_fitness': 1518.074462890625, 'time_s': 24.284733295440674}
[dcrlme_seed0] {'iteration': 880, 'evaluations': 225536, 'qd_score': 960864.875, 'coverage': 79.58984375, 'max_fitness': 1518.074462890625, 'time_s': 24.273929834365845}
[dcrlme_seed0] {'iteration': 890, 'evaluations': 228096, 'qd_score': 961490.5625, 'coverage': 79.58984375, 'max_fitness': 1526.19140625, 'time_s': 24.247077226638794}
[dcrlme_seed0] {'iteration': 900, 'evaluations': 230656, 'qd_score': 962133.0, 'coverage': 79.58984375, 'max_fitness': 1526.36572265625, 'time_s': 24.238929510116577}
[dcrlme_seed0] {'iteration': 910, 'evaluations': 233216, 'qd_score': 962696.5, 'coverage': 79.58984375, 'max_fitness': 1526.36572265625, 'time_s': 24.2186918258667}
[dcrlme_seed0] {'iteration': 920, 'evaluations': 235776, 'qd_score': 964390.5625, 'coverage': 79.58984375, 'max_fitness': 1526.36572265625, 'time_s': 24.21637749671936}
[dcrlme_seed0] {'iteration': 930, 'evaluations': 238336, 'qd_score': 966958.875, 'coverage': 79.6875, 'max_fitness': 1526.36572265625, 'time_s': 24.25293254852295}
[dcrlme_seed0] {'iteration': 940, 'evaluations': 240896, 'qd_score': 969007.0625, 'coverage': 79.78515625, 'max_fitness': 1526.36572265625, 'time_s': 24.264416694641113}
[dcrlme_seed0] {'iteration': 950, 'evaluations': 243456, 'qd_score': 969801.625, 'coverage': 79.78515625, 'max_fitness': 1526.36572265625, 'time_s': 24.264667987823486}
[dcrlme_seed0] {'iteration': 960, 'evaluations': 246016, 'qd_score': 970681.75, 'coverage': 79.8828125, 'max_fitness': 1526.36572265625, 'time_s': 24.254253387451172}
[dcrlme_seed0] {'iteration': 970, 'evaluations': 248576, 'qd_score': 971494.1875, 'coverage': 79.8828125, 'max_fitness': 1526.36572265625, 'time_s': 24.274636030197144}
[dcrlme_seed0] {'iteration': 980, 'evaluations': 251136, 'qd_score': 973560.125, 'coverage': 79.98046875, 'max_fitness': 1526.36572265625, 'time_s': 24.25454330444336}
[dcrlme_seed0] {'iteration': 990, 'evaluations': 253696, 'qd_score': 975342.75, 'coverage': 80.078125, 'max_fitness': 1526.36572265625, 'time_s': 24.258224725723267}
[dcrlme_seed0] {'iteration': 1000, 'evaluations': 256256, 'qd_score': 975676.875, 'coverage': 80.078125, 'max_fitness': 1526.36572265625, 'time_s': 24.25288701057434}
[dcrlme_seed0] {'iteration': 1010, 'evaluations': 258816, 'qd_score': 976635.875, 'coverage': 80.17578125, 'max_fitness': 1526.36572265625, 'time_s': 24.304473638534546}
[dcrlme_seed0] {'iteration': 1020, 'evaluations': 261376, 'qd_score': 977553.3125, 'coverage': 80.17578125, 'max_fitness': 1526.36572265625, 'time_s': 24.29443669319153}
[dcrlme_seed0] {'iteration': 1030, 'evaluations': 263936, 'qd_score': 978029.25, 'coverage': 80.17578125, 'max_fitness': 1526.36572265625, 'time_s': 24.246828079223633}
[dcrlme_seed0] {'iteration': 1040, 'evaluations': 266496, 'qd_score': 978578.0, 'coverage': 80.17578125, 'max_fitness': 1526.36572265625, 'time_s': 24.22306513786316}
[dcrlme_seed0] {'iteration': 1050, 'evaluations': 269056, 'qd_score': 979531.5625, 'coverage': 80.17578125, 'max_fitness': 1545.59326171875, 'time_s': 24.242363929748535}
[dcrlme_seed0] {'iteration': 1060, 'evaluations': 271616, 'qd_score': 980112.8125, 'coverage': 80.17578125, 'max_fitness': 1545.59326171875, 'time_s': 24.233763933181763}
[dcrlme_seed0] {'iteration': 1070, 'evaluations': 274176, 'qd_score': 980678.375, 'coverage': 80.17578125, 'max_fitness': 1545.59326171875, 'time_s': 24.2627375125885}
[dcrlme_seed0] {'iteration': 1080, 'evaluations': 276736, 'qd_score': 981125.5625, 'coverage': 80.17578125, 'max_fitness': 1545.59326171875, 'time_s': 24.255763292312622}
[dcrlme_seed0] {'iteration': 1090, 'evaluations': 279296, 'qd_score': 982434.4375, 'coverage': 80.2734375, 'max_fitness': 1545.59326171875, 'time_s': 24.252197265625}
[dcrlme_seed0] {'iteration': 1100, 'evaluations': 281856, 'qd_score': 984011.4375, 'coverage': 80.37109375, 'max_fitness': 1553.9404296875, 'time_s': 24.23809552192688}
[dcrlme_seed0] {'iteration': 1110, 'evaluations': 284416, 'qd_score': 985261.75, 'coverage': 80.37109375, 'max_fitness': 1553.9404296875, 'time_s': 24.236573219299316}
[dcrlme_seed0] {'iteration': 1120, 'evaluations': 286976, 'qd_score': 985784.4375, 'coverage': 80.37109375, 'max_fitness': 1586.073486328125, 'time_s': 24.22900104522705}
[dcrlme_seed0] {'iteration': 1130, 'evaluations': 289536, 'qd_score': 987681.625, 'coverage': 80.46875, 'max_fitness': 1586.073486328125, 'time_s': 24.25704550743103}
[dcrlme_seed0] {'iteration': 1140, 'evaluations': 292096, 'qd_score': 987926.6875, 'coverage': 80.46875, 'max_fitness': 1586.073486328125, 'time_s': 24.231738805770874}
[dcrlme_seed0] {'iteration': 1150, 'evaluations': 294656, 'qd_score': 988893.5, 'coverage': 80.46875, 'max_fitness': 1586.073486328125, 'time_s': 24.26059055328369}
[dcrlme_seed0] {'iteration': 1160, 'evaluations': 297216, 'qd_score': 989390.3125, 'coverage': 80.46875, 'max_fitness': 1586.073486328125, 'time_s': 24.24376392364502}
[dcrlme_seed0] {'iteration': 1170, 'evaluations': 299776, 'qd_score': 990099.375, 'coverage': 80.46875, 'max_fitness': 1586.073486328125, 'time_s': 24.251384258270264}
[dcrlme_seed0] {'iteration': 1180, 'evaluations': 302336, 'qd_score': 991282.625, 'coverage': 80.56640625, 'max_fitness': 1586.073486328125, 'time_s': 24.229742527008057}
[dcrlme_seed0] {'iteration': 1190, 'evaluations': 304896, 'qd_score': 991996.5, 'coverage': 80.6640625, 'max_fitness': 1586.073486328125, 'time_s': 24.23653221130371}
[dcrlme_seed0] {'iteration': 1200, 'evaluations': 307456, 'qd_score': 993550.8125, 'coverage': 80.76171875, 'max_fitness': 1586.073486328125, 'time_s': 24.21580696105957}
[dcrlme_seed0] {'iteration': 1210, 'evaluations': 310016, 'qd_score': 994321.5, 'coverage': 80.859375, 'max_fitness': 1586.073486328125, 'time_s': 24.262527227401733}
[dcrlme_seed0] {'iteration': 1220, 'evaluations': 312576, 'qd_score': 995481.6875, 'coverage': 80.95703125, 'max_fitness': 1586.073486328125, 'time_s': 24.251226663589478}
[dcrlme_seed0] {'iteration': 1230, 'evaluations': 315136, 'qd_score': 995983.875, 'coverage': 80.95703125, 'max_fitness': 1586.073486328125, 'time_s': 24.25747275352478}
[dcrlme_seed0] {'iteration': 1240, 'evaluations': 317696, 'qd_score': 996810.125, 'coverage': 80.95703125, 'max_fitness': 1586.073486328125, 'time_s': 24.230551719665527}
[dcrlme_seed0] {'iteration': 1250, 'evaluations': 320256, 'qd_score': 997478.75, 'coverage': 80.95703125, 'max_fitness': 1586.073486328125, 'time_s': 24.24910616874695}
[dcrlme_seed0] {'iteration': 1260, 'evaluations': 322816, 'qd_score': 998965.0625, 'coverage': 80.95703125, 'max_fitness': 1586.073486328125, 'time_s': 24.317296504974365}
[dcrlme_seed0] {'iteration': 1270, 'evaluations': 325376, 'qd_score': 1000202.25, 'coverage': 80.95703125, 'max_fitness': 1586.073486328125, 'time_s': 24.28695583343506}
[dcrlme_seed0] {'iteration': 1280, 'evaluations': 327936, 'qd_score': 1001430.375, 'coverage': 81.0546875, 'max_fitness': 1586.073486328125, 'time_s': 24.20371127128601}
[dcrlme_seed0] {'iteration': 1290, 'evaluations': 330496, 'qd_score': 1001628.125, 'coverage': 81.0546875, 'max_fitness': 1586.073486328125, 'time_s': 24.190571308135986}
[dcrlme_seed0] {'iteration': 1300, 'evaluations': 333056, 'qd_score': 1002734.125, 'coverage': 81.15234375, 'max_fitness': 1586.073486328125, 'time_s': 24.19581627845764}
[dcrlme_seed0] {'iteration': 1310, 'evaluations': 335616, 'qd_score': 1003374.375, 'coverage': 81.15234375, 'max_fitness': 1586.073486328125, 'time_s': 24.216768980026245}
[dcrlme_seed0] {'iteration': 1320, 'evaluations': 338176, 'qd_score': 1004045.25, 'coverage': 81.34765625, 'max_fitness': 1586.073486328125, 'time_s': 24.235095262527466}
[dcrlme_seed0] {'iteration': 1330, 'evaluations': 340736, 'qd_score': 1004521.625, 'coverage': 81.34765625, 'max_fitness': 1586.073486328125, 'time_s': 24.256937265396118}
[dcrlme_seed0] {'iteration': 1340, 'evaluations': 343296, 'qd_score': 1005349.875, 'coverage': 81.4453125, 'max_fitness': 1586.073486328125, 'time_s': 24.241095542907715}
[dcrlme_seed0] {'iteration': 1350, 'evaluations': 345856, 'qd_score': 1006061.5, 'coverage': 81.4453125, 'max_fitness': 1586.073486328125, 'time_s': 24.25937056541443}
[dcrlme_seed0] {'iteration': 1360, 'evaluations': 348416, 'qd_score': 1006786.125, 'coverage': 81.4453125, 'max_fitness': 1586.073486328125, 'time_s': 24.236417055130005}
[dcrlme_seed0] {'iteration': 1370, 'evaluations': 350976, 'qd_score': 1007688.875, 'coverage': 81.4453125, 'max_fitness': 1586.073486328125, 'time_s': 24.227338790893555}
[dcrlme_seed0] {'iteration': 1380, 'evaluations': 353536, 'qd_score': 1008952.25, 'coverage': 81.54296875, 'max_fitness': 1586.073486328125, 'time_s': 24.22985315322876}
[dcrlme_seed0] {'iteration': 1390, 'evaluations': 356096, 'qd_score': 1012906.4375, 'coverage': 81.73828125, 'max_fitness': 1586.073486328125, 'time_s': 24.233139038085938}
[dcrlme_seed0] {'iteration': 1400, 'evaluations': 358656, 'qd_score': 1013378.0625, 'coverage': 81.73828125, 'max_fitness': 1586.073486328125, 'time_s': 24.219452381134033}
[dcrlme_seed0] {'iteration': 1410, 'evaluations': 361216, 'qd_score': 1014944.625, 'coverage': 81.8359375, 'max_fitness': 1586.073486328125, 'time_s': 24.22573971748352}
[dcrlme_seed0] {'iteration': 1420, 'evaluations': 363776, 'qd_score': 1017294.875, 'coverage': 81.93359375, 'max_fitness': 1586.073486328125, 'time_s': 24.233832836151123}
[dcrlme_seed0] {'iteration': 1430, 'evaluations': 366336, 'qd_score': 1017688.5625, 'coverage': 82.03125, 'max_fitness': 1586.073486328125, 'time_s': 24.230467081069946}
[dcrlme_seed0] {'iteration': 1440, 'evaluations': 368896, 'qd_score': 1017971.75, 'coverage': 82.12890625, 'max_fitness': 1586.073486328125, 'time_s': 24.215755939483643}
[dcrlme_seed0] {'iteration': 1450, 'evaluations': 371456, 'qd_score': 1021009.0, 'coverage': 82.32421875, 'max_fitness': 1586.073486328125, 'time_s': 24.226235389709473}
[dcrlme_seed0] {'iteration': 1460, 'evaluations': 374016, 'qd_score': 1022505.8125, 'coverage': 82.421875, 'max_fitness': 1586.073486328125, 'time_s': 24.220871686935425}
[dcrlme_seed0] {'iteration': 1470, 'evaluations': 376576, 'qd_score': 1022782.1875, 'coverage': 82.421875, 'max_fitness': 1586.073486328125, 'time_s': 24.233823537826538}
[dcrlme_seed0] {'iteration': 1480, 'evaluations': 379136, 'qd_score': 1023134.5, 'coverage': 82.51953125, 'max_fitness': 1586.073486328125, 'time_s': 24.22506284713745}
[dcrlme_seed0] {'iteration': 1490, 'evaluations': 381696, 'qd_score': 1023530.8125, 'coverage': 82.6171875, 'max_fitness': 1586.073486328125, 'time_s': 24.230683088302612}
[dcrlme_seed0] {'iteration': 1500, 'evaluations': 384256, 'qd_score': 1023948.875, 'coverage': 82.6171875, 'max_fitness': 1586.073486328125, 'time_s': 24.21584177017212}
[dcrlme_seed0] {'iteration': 1510, 'evaluations': 386816, 'qd_score': 1024329.75, 'coverage': 82.71484375, 'max_fitness': 1586.073486328125, 'time_s': 24.290644645690918}
[dcrlme_seed0] {'iteration': 1520, 'evaluations': 389376, 'qd_score': 1024940.875, 'coverage': 82.71484375, 'max_fitness': 1586.073486328125, 'time_s': 24.232369422912598}
[dcrlme_seed0] {'iteration': 1530, 'evaluations': 391936, 'qd_score': 1026291.375, 'coverage': 82.91015625, 'max_fitness': 1586.073486328125, 'time_s': 24.22399401664734}
[dcrlme_seed0] {'iteration': 1540, 'evaluations': 394496, 'qd_score': 1027097.0, 'coverage': 82.91015625, 'max_fitness': 1597.275390625, 'time_s': 24.19982409477234}
[dcrlme_seed0] {'iteration': 1550, 'evaluations': 397056, 'qd_score': 1027323.0, 'coverage': 82.91015625, 'max_fitness': 1597.275390625, 'time_s': 24.22392773628235}
[dcrlme_seed0] {'iteration': 1560, 'evaluations': 399616, 'qd_score': 1028033.1875, 'coverage': 82.91015625, 'max_fitness': 1597.275390625, 'time_s': 24.220659971237183}
[dcrlme_seed0] {'iteration': 1570, 'evaluations': 402176, 'qd_score': 1028399.4375, 'coverage': 82.91015625, 'max_fitness': 1597.275390625, 'time_s': 24.215614318847656}
[dcrlme_seed0] {'iteration': 1580, 'evaluations': 404736, 'qd_score': 1028909.9375, 'coverage': 83.0078125, 'max_fitness': 1597.275390625, 'time_s': 24.203699827194214}
[dcrlme_seed0] {'iteration': 1590, 'evaluations': 407296, 'qd_score': 1029159.9375, 'coverage': 83.0078125, 'max_fitness': 1597.275390625, 'time_s': 24.20298719406128}
[dcrlme_seed0] {'iteration': 1600, 'evaluations': 409856, 'qd_score': 1030260.375, 'coverage': 83.10546875, 'max_fitness': 1597.275390625, 'time_s': 24.20649790763855}
[dcrlme_seed0] {'iteration': 1610, 'evaluations': 412416, 'qd_score': 1031253.25, 'coverage': 83.203125, 'max_fitness': 1597.275390625, 'time_s': 24.213202714920044}
[dcrlme_seed0] {'iteration': 1620, 'evaluations': 414976, 'qd_score': 1031332.375, 'coverage': 83.203125, 'max_fitness': 1597.275390625, 'time_s': 24.23551034927368}
[dcrlme_seed0] {'iteration': 1630, 'evaluations': 417536, 'qd_score': 1031572.5, 'coverage': 83.203125, 'max_fitness': 1597.275390625, 'time_s': 24.224268913269043}
[dcrlme_seed0] {'iteration': 1640, 'evaluations': 420096, 'qd_score': 1032269.0, 'coverage': 83.203125, 'max_fitness': 1597.275390625, 'time_s': 24.23185706138611}
[dcrlme_seed0] {'iteration': 1650, 'evaluations': 422656, 'qd_score': 1032778.4375, 'coverage': 83.203125, 'max_fitness': 1597.275390625, 'time_s': 24.183289527893066}
[dcrlme_seed0] {'iteration': 1660, 'evaluations': 425216, 'qd_score': 1033205.5, 'coverage': 83.203125, 'max_fitness': 1597.275390625, 'time_s': 24.180100440979004}
[dcrlme_seed0] {'iteration': 1670, 'evaluations': 427776, 'qd_score': 1033420.875, 'coverage': 83.203125, 'max_fitness': 1597.275390625, 'time_s': 24.163159132003784}
[dcrlme_seed0] {'iteration': 1680, 'evaluations': 430336, 'qd_score': 1033678.375, 'coverage': 83.203125, 'max_fitness': 1597.275390625, 'time_s': 24.185344219207764}
[dcrlme_seed0] {'iteration': 1690, 'evaluations': 432896, 'qd_score': 1034162.75, 'coverage': 83.203125, 'max_fitness': 1597.275390625, 'time_s': 24.1616370677948}
[dcrlme_seed0] {'iteration': 1700, 'evaluations': 435456, 'qd_score': 1034405.875, 'coverage': 83.203125, 'max_fitness': 1597.275390625, 'time_s': 24.187803268432617}
[dcrlme_seed0] {'iteration': 1710, 'evaluations': 438016, 'qd_score': 1034675.625, 'coverage': 83.203125, 'max_fitness': 1597.275390625, 'time_s': 24.17308473587036}
[dcrlme_seed0] {'iteration': 1720, 'evaluations': 440576, 'qd_score': 1035013.375, 'coverage': 83.203125, 'max_fitness': 1597.275390625, 'time_s': 24.182167291641235}
[dcrlme_seed0] {'iteration': 1730, 'evaluations': 443136, 'qd_score': 1035964.5, 'coverage': 83.203125, 'max_fitness': 1597.275390625, 'time_s': 24.146360397338867}
[dcrlme_seed0] {'iteration': 1740, 'evaluations': 445696, 'qd_score': 1036325.25, 'coverage': 83.203125, 'max_fitness': 1597.275390625, 'time_s': 24.16160798072815}
[dcrlme_seed0] {'iteration': 1750, 'evaluations': 448256, 'qd_score': 1036587.1875, 'coverage': 83.203125, 'max_fitness': 1597.275390625, 'time_s': 24.1560480594635}
[dcrlme_seed0] {'iteration': 1760, 'evaluations': 450816, 'qd_score': 1038413.875, 'coverage': 83.30078125, 'max_fitness': 1597.275390625, 'time_s': 24.253185033798218}
[dcrlme_seed0] {'iteration': 1770, 'evaluations': 453376, 'qd_score': 1038755.75, 'coverage': 83.30078125, 'max_fitness': 1597.275390625, 'time_s': 24.180818796157837}
[dcrlme_seed0] {'iteration': 1780, 'evaluations': 455936, 'qd_score': 1040098.125, 'coverage': 83.49609375, 'max_fitness': 1597.275390625, 'time_s': 24.14415192604065}
[dcrlme_seed0] {'iteration': 1790, 'evaluations': 458496, 'qd_score': 1040331.625, 'coverage': 83.49609375, 'max_fitness': 1597.275390625, 'time_s': 24.11509132385254}
[dcrlme_seed0] {'iteration': 1800, 'evaluations': 461056, 'qd_score': 1041974.625, 'coverage': 83.59375, 'max_fitness': 1597.275390625, 'time_s': 24.142123222351074}
[dcrlme_seed0] {'iteration': 1810, 'evaluations': 463616, 'qd_score': 1042831.375, 'coverage': 83.59375, 'max_fitness': 1597.275390625, 'time_s': 24.155268669128418}
[dcrlme_seed0] {'iteration': 1820, 'evaluations': 466176, 'qd_score': 1043123.6875, 'coverage': 83.59375, 'max_fitness': 1597.275390625, 'time_s': 24.163021326065063}
[dcrlme_seed0] {'iteration': 1830, 'evaluations': 468736, 'qd_score': 1043375.4375, 'coverage': 83.59375, 'max_fitness': 1597.275390625, 'time_s': 24.15713357925415}
[dcrlme_seed0] {'iteration': 1840, 'evaluations': 471296, 'qd_score': 1043650.9375, 'coverage': 83.59375, 'max_fitness': 1600.834716796875, 'time_s': 24.149333715438843}
[dcrlme_seed0] {'iteration': 1850, 'evaluations': 473856, 'qd_score': 1044086.125, 'coverage': 83.69140625, 'max_fitness': 1600.834716796875, 'time_s': 24.123717784881592}
[dcrlme_seed0] {'iteration': 1860, 'evaluations': 476416, 'qd_score': 1046241.5, 'coverage': 83.7890625, 'max_fitness': 1600.834716796875, 'time_s': 24.131727695465088}
[dcrlme_seed0] {'iteration': 1870, 'evaluations': 478976, 'qd_score': 1046450.4375, 'coverage': 83.7890625, 'max_fitness': 1600.834716796875, 'time_s': 24.138569355010986}
[dcrlme_seed0] {'iteration': 1880, 'evaluations': 481536, 'qd_score': 1046561.5, 'coverage': 83.7890625, 'max_fitness': 1600.834716796875, 'time_s': 24.19046425819397}
[dcrlme_seed0] {'iteration': 1890, 'evaluations': 484096, 'qd_score': 1048294.8125, 'coverage': 83.88671875, 'max_fitness': 1609.9405517578125, 'time_s': 24.102487325668335}
[dcrlme_seed0] {'iteration': 1900, 'evaluations': 486656, 'qd_score': 1049383.75, 'coverage': 83.88671875, 'max_fitness': 1609.9405517578125, 'time_s': 24.162593603134155}
[dcrlme_seed0] {'iteration': 1910, 'evaluations': 489216, 'qd_score': 1049597.125, 'coverage': 83.88671875, 'max_fitness': 1609.9405517578125, 'time_s': 24.215670585632324}
[dcrlme_seed0] {'iteration': 1920, 'evaluations': 491776, 'qd_score': 1049805.125, 'coverage': 83.88671875, 'max_fitness': 1609.9405517578125, 'time_s': 24.204712390899658}
[dcrlme_seed0] {'iteration': 1930, 'evaluations': 494336, 'qd_score': 1049934.625, 'coverage': 83.88671875, 'max_fitness': 1609.9405517578125, 'time_s': 24.134555339813232}
[dcrlme_seed0] {'iteration': 1940, 'evaluations': 496896, 'qd_score': 1051554.75, 'coverage': 84.08203125, 'max_fitness': 1609.9405517578125, 'time_s': 24.17113447189331}
[dcrlme_seed0] {'iteration': 1950, 'evaluations': 499456, 'qd_score': 1051924.0, 'coverage': 84.08203125, 'max_fitness': 1609.9405517578125, 'time_s': 24.18670392036438}
[dcrlme_seed0] {'iteration': 1960, 'evaluations': 502016, 'qd_score': 1052089.75, 'coverage': 84.08203125, 'max_fitness': 1609.9405517578125, 'time_s': 24.206103801727295}
[dcrlme_seed0] {'iteration': 1970, 'evaluations': 504576, 'qd_score': 1052421.125, 'coverage': 84.08203125, 'max_fitness': 1609.9405517578125, 'time_s': 24.184704303741455}
[dcrlme_seed0] {'iteration': 1980, 'evaluations': 507136, 'qd_score': 1052802.0, 'coverage': 84.1796875, 'max_fitness': 1609.9405517578125, 'time_s': 24.182495594024658}
[dcrlme_seed0] {'iteration': 1990, 'evaluations': 509696, 'qd_score': 1052948.125, 'coverage': 84.1796875, 'max_fitness': 1609.9405517578125, 'time_s': 24.190552473068237}
[dcrlme_seed0] {'iteration': 2000, 'evaluations': 512256, 'qd_score': 1053168.0, 'coverage': 84.1796875, 'max_fitness': 1609.9405517578125, 'time_s': 24.193152904510498}
fatal: not a git repository (or any parent up to mount point /kaggle)
Stopping at filesystem boundary (GIT_DISCOVERY_ACROSS_FILESYSTEM not set).
[dcrlme_seed0] terminé en 4903 s -> /kaggle/working/outputs/dcrlme_seed0
