Gym has been unmaintained since 2022 and does not support NumPy 2.0 amongst other critical functionality.
Please upgrade to Gymnasium, the maintained drop-in replacement of Gym, or contact the authors of your software and request that they upgrade.
Users of this version of Gym should be able to simply replace 'import gym' with 'import gymnasium as gym' in the vast majority of cases.
See the migration guide at https://gymnasium.farama.org/introduction/migration_guide/ for additional information.
[dcrlme_seed1] init : {'iteration': 0, 'evaluations': 256, 'qd_score': 105936.4609375, 'coverage': 10.546875, 'max_fitness': 1044.901611328125, 'time_s': 14.169161081314087}
[dcrlme_seed1] {'iteration': 10, 'evaluations': 2816, 'qd_score': 350921.59375, 'coverage': 37.890625, 'max_fitness': 1062.0596923828125, 'time_s': 46.0952525138855}
[dcrlme_seed1] {'iteration': 20, 'evaluations': 5376, 'qd_score': 451208.25, 'coverage': 46.6796875, 'max_fitness': 1089.24072265625, 'time_s': 23.327357053756714}
[dcrlme_seed1] {'iteration': 30, 'evaluations': 7936, 'qd_score': 502767.75, 'coverage': 51.171875, 'max_fitness': 1089.24072265625, 'time_s': 23.808180332183838}
[dcrlme_seed1] {'iteration': 40, 'evaluations': 10496, 'qd_score': 542716.9375, 'coverage': 54.39453125, 'max_fitness': 1115.603759765625, 'time_s': 24.332958459854126}
[dcrlme_seed1] {'iteration': 50, 'evaluations': 13056, 'qd_score': 563835.0625, 'coverage': 56.0546875, 'max_fitness': 1129.677490234375, 'time_s': 24.642128944396973}
[dcrlme_seed1] {'iteration': 60, 'evaluations': 15616, 'qd_score': 581710.625, 'coverage': 57.32421875, 'max_fitness': 1143.1993408203125, 'time_s': 24.333683967590332}
[dcrlme_seed1] {'iteration': 70, 'evaluations': 18176, 'qd_score': 606322.6875, 'coverage': 59.47265625, 'max_fitness': 1177.250732421875, 'time_s': 24.197915077209473}
[dcrlme_seed1] {'iteration': 80, 'evaluations': 20736, 'qd_score': 627832.1875, 'coverage': 60.7421875, 'max_fitness': 1177.250732421875, 'time_s': 24.32930064201355}
[dcrlme_seed1] {'iteration': 90, 'evaluations': 23296, 'qd_score': 645784.25, 'coverage': 61.81640625, 'max_fitness': 1227.91845703125, 'time_s': 24.371748208999634}
[dcrlme_seed1] {'iteration': 100, 'evaluations': 25856, 'qd_score': 672880.0, 'coverage': 63.671875, 'max_fitness': 1301.268310546875, 'time_s': 24.38307285308838}
[dcrlme_seed1] {'iteration': 110, 'evaluations': 28416, 'qd_score': 692506.25, 'coverage': 64.74609375, 'max_fitness': 1335.873046875, 'time_s': 24.261718034744263}
[dcrlme_seed1] {'iteration': 120, 'evaluations': 30976, 'qd_score': 705511.5, 'coverage': 65.4296875, 'max_fitness': 1335.873046875, 'time_s': 24.366817712783813}
[dcrlme_seed1] {'iteration': 130, 'evaluations': 33536, 'qd_score': 717161.25, 'coverage': 65.91796875, 'max_fitness': 1345.5843505859375, 'time_s': 24.271265029907227}
[dcrlme_seed1] {'iteration': 140, 'evaluations': 36096, 'qd_score': 734606.0, 'coverage': 66.89453125, 'max_fitness': 1362.6927490234375, 'time_s': 24.323069095611572}
[dcrlme_seed1] {'iteration': 150, 'evaluations': 38656, 'qd_score': 747002.4375, 'coverage': 67.48046875, 'max_fitness': 1396.9638671875, 'time_s': 24.27329111099243}
[dcrlme_seed1] {'iteration': 160, 'evaluations': 41216, 'qd_score': 755957.875, 'coverage': 67.7734375, 'max_fitness': 1396.9638671875, 'time_s': 24.292293548583984}
[dcrlme_seed1] {'iteration': 170, 'evaluations': 43776, 'qd_score': 765390.5625, 'coverage': 68.26171875, 'max_fitness': 1450.707763671875, 'time_s': 24.233649730682373}
[dcrlme_seed1] {'iteration': 180, 'evaluations': 46336, 'qd_score': 775089.6875, 'coverage': 68.84765625, 'max_fitness': 1450.707763671875, 'time_s': 24.246960401535034}
[dcrlme_seed1] {'iteration': 190, 'evaluations': 48896, 'qd_score': 786698.125, 'coverage': 69.53125, 'max_fitness': 1450.707763671875, 'time_s': 24.225592374801636}
[dcrlme_seed1] {'iteration': 200, 'evaluations': 51456, 'qd_score': 795588.3125, 'coverage': 69.921875, 'max_fitness': 1496.1387939453125, 'time_s': 24.27368187904358}
[dcrlme_seed1] {'iteration': 210, 'evaluations': 54016, 'qd_score': 801693.9375, 'coverage': 70.21484375, 'max_fitness': 1496.1387939453125, 'time_s': 24.256215572357178}
[dcrlme_seed1] {'iteration': 220, 'evaluations': 56576, 'qd_score': 805852.75, 'coverage': 70.3125, 'max_fitness': 1496.1387939453125, 'time_s': 24.28777027130127}
[dcrlme_seed1] {'iteration': 230, 'evaluations': 59136, 'qd_score': 815387.75, 'coverage': 70.80078125, 'max_fitness': 1496.1387939453125, 'time_s': 24.21168875694275}
[dcrlme_seed1] {'iteration': 240, 'evaluations': 61696, 'qd_score': 825877.4375, 'coverage': 71.484375, 'max_fitness': 1502.5015869140625, 'time_s': 24.264947652816772}
[dcrlme_seed1] {'iteration': 250, 'evaluations': 64256, 'qd_score': 830830.75, 'coverage': 71.6796875, 'max_fitness': 1502.5015869140625, 'time_s': 24.209738969802856}
[dcrlme_seed1] {'iteration': 260, 'evaluations': 66816, 'qd_score': 837741.875, 'coverage': 72.0703125, 'max_fitness': 1525.977294921875, 'time_s': 24.27445960044861}
[dcrlme_seed1] {'iteration': 270, 'evaluations': 69376, 'qd_score': 843302.125, 'coverage': 72.36328125, 'max_fitness': 1525.977294921875, 'time_s': 24.222077131271362}
[dcrlme_seed1] {'iteration': 280, 'evaluations': 71936, 'qd_score': 846640.375, 'coverage': 72.4609375, 'max_fitness': 1525.977294921875, 'time_s': 24.255485773086548}
[dcrlme_seed1] {'iteration': 290, 'evaluations': 74496, 'qd_score': 853669.625, 'coverage': 72.8515625, 'max_fitness': 1525.977294921875, 'time_s': 24.17379593849182}
[dcrlme_seed1] {'iteration': 300, 'evaluations': 77056, 'qd_score': 861888.75, 'coverage': 73.33984375, 'max_fitness': 1525.977294921875, 'time_s': 24.20589542388916}
[dcrlme_seed1] {'iteration': 310, 'evaluations': 79616, 'qd_score': 867318.875, 'coverage': 73.6328125, 'max_fitness': 1525.977294921875, 'time_s': 24.24387836456299}
[dcrlme_seed1] {'iteration': 320, 'evaluations': 82176, 'qd_score': 869482.0, 'coverage': 73.6328125, 'max_fitness': 1525.977294921875, 'time_s': 24.22005581855774}
[dcrlme_seed1] {'iteration': 330, 'evaluations': 84736, 'qd_score': 875044.0625, 'coverage': 74.0234375, 'max_fitness': 1525.977294921875, 'time_s': 24.27262043952942}
[dcrlme_seed1] {'iteration': 340, 'evaluations': 87296, 'qd_score': 878648.625, 'coverage': 74.21875, 'max_fitness': 1525.977294921875, 'time_s': 24.20075035095215}
[dcrlme_seed1] {'iteration': 350, 'evaluations': 89856, 'qd_score': 883696.5, 'coverage': 74.4140625, 'max_fitness': 1525.977294921875, 'time_s': 24.259883880615234}
[dcrlme_seed1] {'iteration': 360, 'evaluations': 92416, 'qd_score': 886417.3125, 'coverage': 74.51171875, 'max_fitness': 1525.977294921875, 'time_s': 24.20017409324646}
[dcrlme_seed1] {'iteration': 370, 'evaluations': 94976, 'qd_score': 892207.875, 'coverage': 75.0, 'max_fitness': 1525.977294921875, 'time_s': 24.271886587142944}
[dcrlme_seed1] {'iteration': 380, 'evaluations': 97536, 'qd_score': 897173.375, 'coverage': 75.1953125, 'max_fitness': 1525.977294921875, 'time_s': 24.278404712677002}
[dcrlme_seed1] {'iteration': 390, 'evaluations': 100096, 'qd_score': 899243.75, 'coverage': 75.29296875, 'max_fitness': 1525.977294921875, 'time_s': 24.263665199279785}
[dcrlme_seed1] {'iteration': 400, 'evaluations': 102656, 'qd_score': 900625.25, 'coverage': 75.29296875, 'max_fitness': 1525.977294921875, 'time_s': 24.269266843795776}
[dcrlme_seed1] {'iteration': 410, 'evaluations': 105216, 'qd_score': 902725.1875, 'coverage': 75.29296875, 'max_fitness': 1525.977294921875, 'time_s': 24.232399463653564}
[dcrlme_seed1] {'iteration': 420, 'evaluations': 107776, 'qd_score': 904613.9375, 'coverage': 75.29296875, 'max_fitness': 1525.977294921875, 'time_s': 24.20987296104431}
[dcrlme_seed1] {'iteration': 430, 'evaluations': 110336, 'qd_score': 908709.0625, 'coverage': 75.5859375, 'max_fitness': 1525.977294921875, 'time_s': 24.27528429031372}
[dcrlme_seed1] {'iteration': 440, 'evaluations': 112896, 'qd_score': 910308.875, 'coverage': 75.5859375, 'max_fitness': 1525.977294921875, 'time_s': 24.294438123703003}
[dcrlme_seed1] {'iteration': 450, 'evaluations': 115456, 'qd_score': 911617.4375, 'coverage': 75.5859375, 'max_fitness': 1525.977294921875, 'time_s': 24.22148871421814}
[dcrlme_seed1] {'iteration': 460, 'evaluations': 118016, 'qd_score': 915016.625, 'coverage': 75.68359375, 'max_fitness': 1525.977294921875, 'time_s': 24.230131149291992}
[dcrlme_seed1] {'iteration': 470, 'evaluations': 120576, 'qd_score': 917033.3125, 'coverage': 75.68359375, 'max_fitness': 1525.977294921875, 'time_s': 24.242016553878784}
[dcrlme_seed1] {'iteration': 480, 'evaluations': 123136, 'qd_score': 918836.0625, 'coverage': 75.68359375, 'max_fitness': 1525.977294921875, 'time_s': 24.25590682029724}
[dcrlme_seed1] {'iteration': 490, 'evaluations': 125696, 'qd_score': 922337.875, 'coverage': 75.78125, 'max_fitness': 1525.977294921875, 'time_s': 24.288593530654907}
[dcrlme_seed1] {'iteration': 500, 'evaluations': 128256, 'qd_score': 924603.25, 'coverage': 75.87890625, 'max_fitness': 1525.977294921875, 'time_s': 24.21480083465576}
[dcrlme_seed1] {'iteration': 510, 'evaluations': 130816, 'qd_score': 928932.8125, 'coverage': 76.171875, 'max_fitness': 1525.977294921875, 'time_s': 24.285980463027954}
[dcrlme_seed1] {'iteration': 520, 'evaluations': 133376, 'qd_score': 930390.0, 'coverage': 76.26953125, 'max_fitness': 1525.977294921875, 'time_s': 24.2900869846344}
[dcrlme_seed1] {'iteration': 530, 'evaluations': 135936, 'qd_score': 933527.75, 'coverage': 76.46484375, 'max_fitness': 1537.458740234375, 'time_s': 24.250824689865112}
[dcrlme_seed1] {'iteration': 540, 'evaluations': 138496, 'qd_score': 935463.5, 'coverage': 76.46484375, 'max_fitness': 1537.458740234375, 'time_s': 24.22501301765442}
[dcrlme_seed1] {'iteration': 550, 'evaluations': 141056, 'qd_score': 937598.125, 'coverage': 76.5625, 'max_fitness': 1560.5947265625, 'time_s': 24.19165301322937}
[dcrlme_seed1] {'iteration': 560, 'evaluations': 143616, 'qd_score': 940816.6875, 'coverage': 76.7578125, 'max_fitness': 1560.5947265625, 'time_s': 24.190184831619263}
[dcrlme_seed1] {'iteration': 570, 'evaluations': 146176, 'qd_score': 942306.75, 'coverage': 76.7578125, 'max_fitness': 1560.5947265625, 'time_s': 24.236852407455444}
[dcrlme_seed1] {'iteration': 580, 'evaluations': 148736, 'qd_score': 945525.5, 'coverage': 76.953125, 'max_fitness': 1560.5947265625, 'time_s': 24.232789993286133}
[dcrlme_seed1] {'iteration': 590, 'evaluations': 151296, 'qd_score': 946588.375, 'coverage': 76.953125, 'max_fitness': 1591.017578125, 'time_s': 24.23564100265503}
[dcrlme_seed1] {'iteration': 600, 'evaluations': 153856, 'qd_score': 948600.125, 'coverage': 77.05078125, 'max_fitness': 1591.017578125, 'time_s': 24.236193895339966}
[dcrlme_seed1] {'iteration': 610, 'evaluations': 156416, 'qd_score': 951223.0625, 'coverage': 77.24609375, 'max_fitness': 1591.017578125, 'time_s': 24.231845378875732}
[dcrlme_seed1] {'iteration': 620, 'evaluations': 158976, 'qd_score': 951954.0, 'coverage': 77.24609375, 'max_fitness': 1591.017578125, 'time_s': 24.232335567474365}
[dcrlme_seed1] {'iteration': 630, 'evaluations': 161536, 'qd_score': 957070.3125, 'coverage': 77.5390625, 'max_fitness': 1591.017578125, 'time_s': 24.235172748565674}
[dcrlme_seed1] {'iteration': 640, 'evaluations': 164096, 'qd_score': 957875.9375, 'coverage': 77.5390625, 'max_fitness': 1591.017578125, 'time_s': 24.246472597122192}
[dcrlme_seed1] {'iteration': 650, 'evaluations': 166656, 'qd_score': 958778.625, 'coverage': 77.5390625, 'max_fitness': 1591.017578125, 'time_s': 24.253678798675537}
[dcrlme_seed1] {'iteration': 660, 'evaluations': 169216, 'qd_score': 961032.4375, 'coverage': 77.734375, 'max_fitness': 1591.017578125, 'time_s': 24.23952341079712}
[dcrlme_seed1] {'iteration': 670, 'evaluations': 171776, 'qd_score': 963137.0, 'coverage': 77.83203125, 'max_fitness': 1591.017578125, 'time_s': 24.233073711395264}
[dcrlme_seed1] {'iteration': 680, 'evaluations': 174336, 'qd_score': 963822.5625, 'coverage': 77.83203125, 'max_fitness': 1591.017578125, 'time_s': 24.22170925140381}
[dcrlme_seed1] {'iteration': 690, 'evaluations': 176896, 'qd_score': 964997.8125, 'coverage': 77.83203125, 'max_fitness': 1591.017578125, 'time_s': 24.222556114196777}
[dcrlme_seed1] {'iteration': 700, 'evaluations': 179456, 'qd_score': 966341.5, 'coverage': 77.83203125, 'max_fitness': 1591.017578125, 'time_s': 24.24505043029785}
[dcrlme_seed1] {'iteration': 710, 'evaluations': 182016, 'qd_score': 968603.5, 'coverage': 77.83203125, 'max_fitness': 1591.017578125, 'time_s': 24.2486834526062}
[dcrlme_seed1] {'iteration': 720, 'evaluations': 184576, 'qd_score': 970147.625, 'coverage': 78.02734375, 'max_fitness': 1591.017578125, 'time_s': 24.252915859222412}
[dcrlme_seed1] {'iteration': 730, 'evaluations': 187136, 'qd_score': 972105.5625, 'coverage': 78.22265625, 'max_fitness': 1591.017578125, 'time_s': 24.225216388702393}
[dcrlme_seed1] {'iteration': 740, 'evaluations': 189696, 'qd_score': 973589.625, 'coverage': 78.22265625, 'max_fitness': 1591.017578125, 'time_s': 24.228058338165283}
[dcrlme_seed1] {'iteration': 750, 'evaluations': 192256, 'qd_score': 974927.5, 'coverage': 78.3203125, 'max_fitness': 1591.017578125, 'time_s': 24.224304914474487}
[dcrlme_seed1] {'iteration': 760, 'evaluations': 194816, 'qd_score': 975887.8125, 'coverage': 78.3203125, 'max_fitness': 1591.017578125, 'time_s': 24.270037412643433}
[dcrlme_seed1] {'iteration': 770, 'evaluations': 197376, 'qd_score': 976787.0625, 'coverage': 78.3203125, 'max_fitness': 1591.017578125, 'time_s': 24.266607522964478}
[dcrlme_seed1] {'iteration': 780, 'evaluations': 199936, 'qd_score': 978739.9375, 'coverage': 78.41796875, 'max_fitness': 1591.017578125, 'time_s': 24.219395399093628}
[dcrlme_seed1] {'iteration': 790, 'evaluations': 202496, 'qd_score': 980271.8125, 'coverage': 78.41796875, 'max_fitness': 1591.017578125, 'time_s': 24.17295789718628}
[dcrlme_seed1] {'iteration': 800, 'evaluations': 205056, 'qd_score': 981575.875, 'coverage': 78.515625, 'max_fitness': 1591.017578125, 'time_s': 24.200775146484375}
[dcrlme_seed1] {'iteration': 810, 'evaluations': 207616, 'qd_score': 983873.5, 'coverage': 78.61328125, 'max_fitness': 1591.017578125, 'time_s': 24.1962947845459}
[dcrlme_seed1] {'iteration': 820, 'evaluations': 210176, 'qd_score': 986243.4375, 'coverage': 78.80859375, 'max_fitness': 1591.017578125, 'time_s': 24.2246356010437}
[dcrlme_seed1] {'iteration': 830, 'evaluations': 212736, 'qd_score': 986966.875, 'coverage': 78.80859375, 'max_fitness': 1591.017578125, 'time_s': 24.220333576202393}
[dcrlme_seed1] {'iteration': 840, 'evaluations': 215296, 'qd_score': 988830.125, 'coverage': 78.90625, 'max_fitness': 1591.017578125, 'time_s': 24.24515986442566}
[dcrlme_seed1] {'iteration': 850, 'evaluations': 217856, 'qd_score': 989592.4375, 'coverage': 78.90625, 'max_fitness': 1616.4072265625, 'time_s': 24.25615906715393}
[dcrlme_seed1] {'iteration': 860, 'evaluations': 220416, 'qd_score': 990146.125, 'coverage': 79.00390625, 'max_fitness': 1616.4072265625, 'time_s': 24.254650831222534}
[dcrlme_seed1] {'iteration': 870, 'evaluations': 222976, 'qd_score': 993346.625, 'coverage': 79.19921875, 'max_fitness': 1616.4072265625, 'time_s': 24.2529354095459}
[dcrlme_seed1] {'iteration': 880, 'evaluations': 225536, 'qd_score': 994560.6875, 'coverage': 79.19921875, 'max_fitness': 1627.8956298828125, 'time_s': 24.236466646194458}
[dcrlme_seed1] {'iteration': 890, 'evaluations': 228096, 'qd_score': 995104.3125, 'coverage': 79.19921875, 'max_fitness': 1627.8956298828125, 'time_s': 24.221529006958008}
[dcrlme_seed1] {'iteration': 900, 'evaluations': 230656, 'qd_score': 997885.8125, 'coverage': 79.296875, 'max_fitness': 1627.8956298828125, 'time_s': 24.21028971672058}
[dcrlme_seed1] {'iteration': 910, 'evaluations': 233216, 'qd_score': 998677.875, 'coverage': 79.296875, 'max_fitness': 1627.8956298828125, 'time_s': 24.201849937438965}
[dcrlme_seed1] {'iteration': 920, 'evaluations': 235776, 'qd_score': 1000102.5, 'coverage': 79.39453125, 'max_fitness': 1627.8956298828125, 'time_s': 24.202852487564087}
[dcrlme_seed1] {'iteration': 930, 'evaluations': 238336, 'qd_score': 1000504.6875, 'coverage': 79.39453125, 'max_fitness': 1627.8956298828125, 'time_s': 24.208844900131226}
[dcrlme_seed1] {'iteration': 940, 'evaluations': 240896, 'qd_score': 1001174.1875, 'coverage': 79.39453125, 'max_fitness': 1627.8956298828125, 'time_s': 24.214287996292114}
[dcrlme_seed1] {'iteration': 950, 'evaluations': 243456, 'qd_score': 1001712.625, 'coverage': 79.39453125, 'max_fitness': 1627.8956298828125, 'time_s': 24.227553367614746}
[dcrlme_seed1] {'iteration': 960, 'evaluations': 246016, 'qd_score': 1003686.0625, 'coverage': 79.4921875, 'max_fitness': 1627.8956298828125, 'time_s': 24.2332820892334}
[dcrlme_seed1] {'iteration': 970, 'evaluations': 248576, 'qd_score': 1004801.0, 'coverage': 79.58984375, 'max_fitness': 1627.8956298828125, 'time_s': 24.219945430755615}
[dcrlme_seed1] {'iteration': 980, 'evaluations': 251136, 'qd_score': 1005479.875, 'coverage': 79.58984375, 'max_fitness': 1627.8956298828125, 'time_s': 24.240320205688477}
[dcrlme_seed1] {'iteration': 990, 'evaluations': 253696, 'qd_score': 1006678.3125, 'coverage': 79.6875, 'max_fitness': 1627.8956298828125, 'time_s': 24.233287811279297}
[dcrlme_seed1] {'iteration': 1000, 'evaluations': 256256, 'qd_score': 1007197.625, 'coverage': 79.6875, 'max_fitness': 1631.683349609375, 'time_s': 24.22932481765747}
[dcrlme_seed1] {'iteration': 1010, 'evaluations': 258816, 'qd_score': 1010375.5, 'coverage': 79.8828125, 'max_fitness': 1631.683349609375, 'time_s': 24.234682321548462}
[dcrlme_seed1] {'iteration': 1020, 'evaluations': 261376, 'qd_score': 1010806.375, 'coverage': 79.8828125, 'max_fitness': 1631.683349609375, 'time_s': 24.2610342502594}
[dcrlme_seed1] {'iteration': 1030, 'evaluations': 263936, 'qd_score': 1011399.625, 'coverage': 79.8828125, 'max_fitness': 1631.683349609375, 'time_s': 24.205239295959473}
[dcrlme_seed1] {'iteration': 1040, 'evaluations': 266496, 'qd_score': 1011815.5625, 'coverage': 79.8828125, 'max_fitness': 1631.683349609375, 'time_s': 24.190675020217896}
[dcrlme_seed1] {'iteration': 1050, 'evaluations': 269056, 'qd_score': 1013649.3125, 'coverage': 79.98046875, 'max_fitness': 1631.683349609375, 'time_s': 24.195287227630615}
[dcrlme_seed1] {'iteration': 1060, 'evaluations': 271616, 'qd_score': 1015202.875, 'coverage': 80.078125, 'max_fitness': 1631.683349609375, 'time_s': 24.20392870903015}
[dcrlme_seed1] {'iteration': 1070, 'evaluations': 274176, 'qd_score': 1015766.625, 'coverage': 80.078125, 'max_fitness': 1631.683349609375, 'time_s': 24.206586360931396}
[dcrlme_seed1] {'iteration': 1080, 'evaluations': 276736, 'qd_score': 1016472.875, 'coverage': 80.17578125, 'max_fitness': 1631.683349609375, 'time_s': 24.2053484916687}
[dcrlme_seed1] {'iteration': 1090, 'evaluations': 279296, 'qd_score': 1016786.25, 'coverage': 80.17578125, 'max_fitness': 1631.683349609375, 'time_s': 24.18459987640381}
[dcrlme_seed1] {'iteration': 1100, 'evaluations': 281856, 'qd_score': 1017039.0625, 'coverage': 80.17578125, 'max_fitness': 1631.683349609375, 'time_s': 24.193418264389038}
[dcrlme_seed1] {'iteration': 1110, 'evaluations': 284416, 'qd_score': 1018504.3125, 'coverage': 80.2734375, 'max_fitness': 1631.683349609375, 'time_s': 24.21178364753723}
[dcrlme_seed1] {'iteration': 1120, 'evaluations': 286976, 'qd_score': 1019782.25, 'coverage': 80.2734375, 'max_fitness': 1631.683349609375, 'time_s': 24.213276863098145}
[dcrlme_seed1] {'iteration': 1130, 'evaluations': 289536, 'qd_score': 1020197.875, 'coverage': 80.2734375, 'max_fitness': 1631.683349609375, 'time_s': 24.191659688949585}
[dcrlme_seed1] {'iteration': 1140, 'evaluations': 292096, 'qd_score': 1021107.5, 'coverage': 80.37109375, 'max_fitness': 1631.683349609375, 'time_s': 24.208550691604614}
[dcrlme_seed1] {'iteration': 1150, 'evaluations': 294656, 'qd_score': 1021775.75, 'coverage': 80.37109375, 'max_fitness': 1631.683349609375, 'time_s': 24.180723667144775}
[dcrlme_seed1] {'iteration': 1160, 'evaluations': 297216, 'qd_score': 1022042.5, 'coverage': 80.37109375, 'max_fitness': 1631.683349609375, 'time_s': 24.217931509017944}
[dcrlme_seed1] {'iteration': 1170, 'evaluations': 299776, 'qd_score': 1022491.1875, 'coverage': 80.37109375, 'max_fitness': 1631.683349609375, 'time_s': 24.210607528686523}
[dcrlme_seed1] {'iteration': 1180, 'evaluations': 302336, 'qd_score': 1023187.375, 'coverage': 80.37109375, 'max_fitness': 1631.683349609375, 'time_s': 24.203722715377808}
[dcrlme_seed1] {'iteration': 1190, 'evaluations': 304896, 'qd_score': 1024871.125, 'coverage': 80.46875, 'max_fitness': 1631.683349609375, 'time_s': 24.17143988609314}
[dcrlme_seed1] {'iteration': 1200, 'evaluations': 307456, 'qd_score': 1025444.6875, 'coverage': 80.46875, 'max_fitness': 1631.683349609375, 'time_s': 24.18690252304077}
[dcrlme_seed1] {'iteration': 1210, 'evaluations': 310016, 'qd_score': 1025822.875, 'coverage': 80.56640625, 'max_fitness': 1631.683349609375, 'time_s': 24.200593948364258}
[dcrlme_seed1] {'iteration': 1220, 'evaluations': 312576, 'qd_score': 1026288.5625, 'coverage': 80.56640625, 'max_fitness': 1631.683349609375, 'time_s': 24.21757745742798}
[dcrlme_seed1] {'iteration': 1230, 'evaluations': 315136, 'qd_score': 1029140.25, 'coverage': 80.6640625, 'max_fitness': 1631.683349609375, 'time_s': 24.208972454071045}
[dcrlme_seed1] {'iteration': 1240, 'evaluations': 317696, 'qd_score': 1029666.0, 'coverage': 80.6640625, 'max_fitness': 1631.683349609375, 'time_s': 24.20654559135437}
[dcrlme_seed1] {'iteration': 1250, 'evaluations': 320256, 'qd_score': 1030074.5, 'coverage': 80.6640625, 'max_fitness': 1631.683349609375, 'time_s': 24.216936588287354}
[dcrlme_seed1] {'iteration': 1260, 'evaluations': 322816, 'qd_score': 1031164.0, 'coverage': 80.76171875, 'max_fitness': 1631.683349609375, 'time_s': 24.237384796142578}
[dcrlme_seed1] {'iteration': 1270, 'evaluations': 325376, 'qd_score': 1031706.6875, 'coverage': 80.859375, 'max_fitness': 1631.683349609375, 'time_s': 24.23989963531494}
[dcrlme_seed1] {'iteration': 1280, 'evaluations': 327936, 'qd_score': 1033286.9375, 'coverage': 81.0546875, 'max_fitness': 1631.683349609375, 'time_s': 24.192716121673584}
[dcrlme_seed1] {'iteration': 1290, 'evaluations': 330496, 'qd_score': 1033764.375, 'coverage': 81.0546875, 'max_fitness': 1631.683349609375, 'time_s': 24.171269416809082}
[dcrlme_seed1] {'iteration': 1300, 'evaluations': 333056, 'qd_score': 1034171.875, 'coverage': 81.0546875, 'max_fitness': 1631.683349609375, 'time_s': 24.169419765472412}
[dcrlme_seed1] {'iteration': 1310, 'evaluations': 335616, 'qd_score': 1034643.125, 'coverage': 81.0546875, 'max_fitness': 1631.683349609375, 'time_s': 24.174399852752686}
[dcrlme_seed1] {'iteration': 1320, 'evaluations': 338176, 'qd_score': 1035533.375, 'coverage': 81.0546875, 'max_fitness': 1631.683349609375, 'time_s': 24.179750442504883}
[dcrlme_seed1] {'iteration': 1330, 'evaluations': 340736, 'qd_score': 1035835.4375, 'coverage': 81.0546875, 'max_fitness': 1631.683349609375, 'time_s': 24.206268072128296}
[dcrlme_seed1] {'iteration': 1340, 'evaluations': 343296, 'qd_score': 1036389.25, 'coverage': 81.0546875, 'max_fitness': 1631.683349609375, 'time_s': 24.19818091392517}
[dcrlme_seed1] {'iteration': 1350, 'evaluations': 345856, 'qd_score': 1037634.0, 'coverage': 81.25, 'max_fitness': 1631.683349609375, 'time_s': 24.213720321655273}
[dcrlme_seed1] {'iteration': 1360, 'evaluations': 348416, 'qd_score': 1038042.125, 'coverage': 81.34765625, 'max_fitness': 1631.683349609375, 'time_s': 24.208361387252808}
[dcrlme_seed1] {'iteration': 1370, 'evaluations': 350976, 'qd_score': 1039509.6875, 'coverage': 81.34765625, 'max_fitness': 1631.683349609375, 'time_s': 24.204291105270386}
[dcrlme_seed1] {'iteration': 1380, 'evaluations': 353536, 'qd_score': 1040172.1875, 'coverage': 81.4453125, 'max_fitness': 1631.683349609375, 'time_s': 24.18974995613098}
[dcrlme_seed1] {'iteration': 1390, 'evaluations': 356096, 'qd_score': 1040806.0625, 'coverage': 81.4453125, 'max_fitness': 1631.683349609375, 'time_s': 24.18628716468811}
[dcrlme_seed1] {'iteration': 1400, 'evaluations': 358656, 'qd_score': 1041757.8125, 'coverage': 81.4453125, 'max_fitness': 1631.683349609375, 'time_s': 24.17180871963501}
[dcrlme_seed1] {'iteration': 1410, 'evaluations': 361216, 'qd_score': 1043010.0625, 'coverage': 81.54296875, 'max_fitness': 1631.683349609375, 'time_s': 24.17991352081299}
[dcrlme_seed1] {'iteration': 1420, 'evaluations': 363776, 'qd_score': 1043543.0625, 'coverage': 81.54296875, 'max_fitness': 1631.683349609375, 'time_s': 24.168818473815918}
[dcrlme_seed1] {'iteration': 1430, 'evaluations': 366336, 'qd_score': 1043876.6875, 'coverage': 81.54296875, 'max_fitness': 1631.683349609375, 'time_s': 24.18352961540222}
[dcrlme_seed1] {'iteration': 1440, 'evaluations': 368896, 'qd_score': 1044214.625, 'coverage': 81.54296875, 'max_fitness': 1631.683349609375, 'time_s': 24.17711353302002}
[dcrlme_seed1] {'iteration': 1450, 'evaluations': 371456, 'qd_score': 1044450.75, 'coverage': 81.54296875, 'max_fitness': 1631.683349609375, 'time_s': 24.193669319152832}
[dcrlme_seed1] {'iteration': 1460, 'evaluations': 374016, 'qd_score': 1045202.8125, 'coverage': 81.640625, 'max_fitness': 1631.683349609375, 'time_s': 24.155112266540527}
[dcrlme_seed1] {'iteration': 1470, 'evaluations': 376576, 'qd_score': 1045505.375, 'coverage': 81.73828125, 'max_fitness': 1631.683349609375, 'time_s': 24.17391800880432}
[dcrlme_seed1] {'iteration': 1480, 'evaluations': 379136, 'qd_score': 1045846.0, 'coverage': 81.73828125, 'max_fitness': 1631.683349609375, 'time_s': 24.16585636138916}
[dcrlme_seed1] {'iteration': 1490, 'evaluations': 381696, 'qd_score': 1046299.6875, 'coverage': 81.73828125, 'max_fitness': 1631.683349609375, 'time_s': 24.17271399497986}
[dcrlme_seed1] {'iteration': 1500, 'evaluations': 384256, 'qd_score': 1046640.125, 'coverage': 81.73828125, 'max_fitness': 1631.683349609375, 'time_s': 24.168537855148315}
[dcrlme_seed1] {'iteration': 1510, 'evaluations': 386816, 'qd_score': 1047002.75, 'coverage': 81.73828125, 'max_fitness': 1631.683349609375, 'time_s': 24.23526430130005}
[dcrlme_seed1] {'iteration': 1520, 'evaluations': 389376, 'qd_score': 1047626.6875, 'coverage': 81.73828125, 'max_fitness': 1631.683349609375, 'time_s': 24.185014486312866}
[dcrlme_seed1] {'iteration': 1530, 'evaluations': 391936, 'qd_score': 1048537.875, 'coverage': 81.93359375, 'max_fitness': 1631.683349609375, 'time_s': 24.1646990776062}
[dcrlme_seed1] {'iteration': 1540, 'evaluations': 394496, 'qd_score': 1048964.75, 'coverage': 82.03125, 'max_fitness': 1631.683349609375, 'time_s': 24.152809858322144}
[dcrlme_seed1] {'iteration': 1550, 'evaluations': 397056, 'qd_score': 1049393.875, 'coverage': 82.12890625, 'max_fitness': 1631.683349609375, 'time_s': 24.15899634361267}
[dcrlme_seed1] {'iteration': 1560, 'evaluations': 399616, 'qd_score': 1050684.5, 'coverage': 82.2265625, 'max_fitness': 1631.683349609375, 'time_s': 24.154048919677734}
[dcrlme_seed1] {'iteration': 1570, 'evaluations': 402176, 'qd_score': 1052258.0, 'coverage': 82.32421875, 'max_fitness': 1654.9158935546875, 'time_s': 24.183484315872192}
[dcrlme_seed1] {'iteration': 1580, 'evaluations': 404736, 'qd_score': 1053060.25, 'coverage': 82.421875, 'max_fitness': 1654.9158935546875, 'time_s': 24.14512324333191}
[dcrlme_seed1] {'iteration': 1590, 'evaluations': 407296, 'qd_score': 1054155.5, 'coverage': 82.51953125, 'max_fitness': 1654.9158935546875, 'time_s': 24.145405292510986}
[dcrlme_seed1] {'iteration': 1600, 'evaluations': 409856, 'qd_score': 1056202.0, 'coverage': 82.6171875, 'max_fitness': 1654.9158935546875, 'time_s': 24.14444875717163}
[dcrlme_seed1] {'iteration': 1610, 'evaluations': 412416, 'qd_score': 1058537.625, 'coverage': 82.8125, 'max_fitness': 1654.9158935546875, 'time_s': 24.16720676422119}
[dcrlme_seed1] {'iteration': 1620, 'evaluations': 414976, 'qd_score': 1058825.375, 'coverage': 82.8125, 'max_fitness': 1654.9158935546875, 'time_s': 24.165142059326172}
[dcrlme_seed1] {'iteration': 1630, 'evaluations': 417536, 'qd_score': 1059120.75, 'coverage': 82.8125, 'max_fitness': 1654.9158935546875, 'time_s': 24.190898418426514}
[dcrlme_seed1] {'iteration': 1640, 'evaluations': 420096, 'qd_score': 1059534.625, 'coverage': 82.8125, 'max_fitness': 1654.9158935546875, 'time_s': 24.15735936164856}
[dcrlme_seed1] {'iteration': 1650, 'evaluations': 422656, 'qd_score': 1060064.75, 'coverage': 82.8125, 'max_fitness': 1654.9158935546875, 'time_s': 24.169673681259155}
[dcrlme_seed1] {'iteration': 1660, 'evaluations': 425216, 'qd_score': 1061182.25, 'coverage': 82.91015625, 'max_fitness': 1654.9158935546875, 'time_s': 24.1379554271698}
[dcrlme_seed1] {'iteration': 1670, 'evaluations': 427776, 'qd_score': 1062379.875, 'coverage': 83.0078125, 'max_fitness': 1654.9158935546875, 'time_s': 24.127551317214966}
[dcrlme_seed1] {'iteration': 1680, 'evaluations': 430336, 'qd_score': 1062672.125, 'coverage': 83.0078125, 'max_fitness': 1654.9158935546875, 'time_s': 24.12299871444702}
[dcrlme_seed1] {'iteration': 1690, 'evaluations': 432896, 'qd_score': 1062969.625, 'coverage': 83.0078125, 'max_fitness': 1654.9158935546875, 'time_s': 24.166390419006348}
[dcrlme_seed1] {'iteration': 1700, 'evaluations': 435456, 'qd_score': 1063635.125, 'coverage': 83.0078125, 'max_fitness': 1654.9158935546875, 'time_s': 24.13754653930664}
[dcrlme_seed1] {'iteration': 1710, 'evaluations': 438016, 'qd_score': 1063819.25, 'coverage': 83.0078125, 'max_fitness': 1654.9158935546875, 'time_s': 24.169541597366333}
[dcrlme_seed1] {'iteration': 1720, 'evaluations': 440576, 'qd_score': 1064282.0, 'coverage': 83.0078125, 'max_fitness': 1654.9158935546875, 'time_s': 24.136709928512573}
[dcrlme_seed1] {'iteration': 1730, 'evaluations': 443136, 'qd_score': 1064665.25, 'coverage': 83.0078125, 'max_fitness': 1654.9158935546875, 'time_s': 24.146137714385986}
[dcrlme_seed1] {'iteration': 1740, 'evaluations': 445696, 'qd_score': 1065828.125, 'coverage': 83.10546875, 'max_fitness': 1654.9158935546875, 'time_s': 24.120544910430908}
[dcrlme_seed1] {'iteration': 1750, 'evaluations': 448256, 'qd_score': 1066510.0, 'coverage': 83.10546875, 'max_fitness': 1654.9158935546875, 'time_s': 24.132617712020874}
[dcrlme_seed1] {'iteration': 1760, 'evaluations': 450816, 'qd_score': 1068717.5, 'coverage': 83.30078125, 'max_fitness': 1654.9158935546875, 'time_s': 24.16645884513855}
[dcrlme_seed1] {'iteration': 1770, 'evaluations': 453376, 'qd_score': 1069023.5, 'coverage': 83.30078125, 'max_fitness': 1654.9158935546875, 'time_s': 24.202898263931274}
[dcrlme_seed1] {'iteration': 1780, 'evaluations': 455936, 'qd_score': 1069339.125, 'coverage': 83.30078125, 'max_fitness': 1654.9158935546875, 'time_s': 24.111770629882812}
[dcrlme_seed1] {'iteration': 1790, 'evaluations': 458496, 'qd_score': 1069732.0, 'coverage': 83.3984375, 'max_fitness': 1654.9158935546875, 'time_s': 24.111648559570312}
[dcrlme_seed1] {'iteration': 1800, 'evaluations': 461056, 'qd_score': 1070129.75, 'coverage': 83.3984375, 'max_fitness': 1654.9158935546875, 'time_s': 24.095271587371826}
[dcrlme_seed1] {'iteration': 1810, 'evaluations': 463616, 'qd_score': 1071603.75, 'coverage': 83.49609375, 'max_fitness': 1654.9158935546875, 'time_s': 24.12905263900757}
[dcrlme_seed1] {'iteration': 1820, 'evaluations': 466176, 'qd_score': 1071805.25, 'coverage': 83.49609375, 'max_fitness': 1654.9158935546875, 'time_s': 24.11255955696106}
[dcrlme_seed1] {'iteration': 1830, 'evaluations': 468736, 'qd_score': 1072263.0, 'coverage': 83.49609375, 'max_fitness': 1654.9158935546875, 'time_s': 24.166924953460693}
[dcrlme_seed1] {'iteration': 1840, 'evaluations': 471296, 'qd_score': 1072606.5, 'coverage': 83.49609375, 'max_fitness': 1654.9158935546875, 'time_s': 24.12137246131897}
[dcrlme_seed1] {'iteration': 1850, 'evaluations': 473856, 'qd_score': 1072928.75, 'coverage': 83.49609375, 'max_fitness': 1654.9158935546875, 'time_s': 24.131176233291626}
[dcrlme_seed1] {'iteration': 1860, 'evaluations': 476416, 'qd_score': 1073381.0, 'coverage': 83.49609375, 'max_fitness': 1654.9158935546875, 'time_s': 24.105899333953857}
[dcrlme_seed1] {'iteration': 1870, 'evaluations': 478976, 'qd_score': 1073543.75, 'coverage': 83.59375, 'max_fitness': 1654.9158935546875, 'time_s': 24.143995761871338}
[dcrlme_seed1] {'iteration': 1880, 'evaluations': 481536, 'qd_score': 1074130.875, 'coverage': 83.59375, 'max_fitness': 1654.9158935546875, 'time_s': 24.13780689239502}
[dcrlme_seed1] {'iteration': 1890, 'evaluations': 484096, 'qd_score': 1074332.25, 'coverage': 83.59375, 'max_fitness': 1654.9158935546875, 'time_s': 24.12196397781372}
[dcrlme_seed1] {'iteration': 1900, 'evaluations': 486656, 'qd_score': 1074445.5, 'coverage': 83.59375, 'max_fitness': 1654.9158935546875, 'time_s': 24.07000231742859}
[dcrlme_seed1] {'iteration': 1910, 'evaluations': 489216, 'qd_score': 1074602.75, 'coverage': 83.59375, 'max_fitness': 1654.9158935546875, 'time_s': 24.148897409439087}
[dcrlme_seed1] {'iteration': 1920, 'evaluations': 491776, 'qd_score': 1074833.5, 'coverage': 83.59375, 'max_fitness': 1654.9158935546875, 'time_s': 24.12651824951172}
[dcrlme_seed1] {'iteration': 1930, 'evaluations': 494336, 'qd_score': 1075025.0, 'coverage': 83.59375, 'max_fitness': 1654.9158935546875, 'time_s': 24.093144178390503}
[dcrlme_seed1] {'iteration': 1940, 'evaluations': 496896, 'qd_score': 1075214.375, 'coverage': 83.59375, 'max_fitness': 1654.9158935546875, 'time_s': 24.08484411239624}
[dcrlme_seed1] {'iteration': 1950, 'evaluations': 499456, 'qd_score': 1075466.75, 'coverage': 83.59375, 'max_fitness': 1654.9158935546875, 'time_s': 24.11298632621765}
[dcrlme_seed1] {'iteration': 1960, 'evaluations': 502016, 'qd_score': 1076594.375, 'coverage': 83.59375, 'max_fitness': 1654.9158935546875, 'time_s': 24.128018140792847}
[dcrlme_seed1] {'iteration': 1970, 'evaluations': 504576, 'qd_score': 1077999.75, 'coverage': 83.69140625, 'max_fitness': 1654.9158935546875, 'time_s': 24.12711763381958}
[dcrlme_seed1] {'iteration': 1980, 'evaluations': 507136, 'qd_score': 1078243.125, 'coverage': 83.69140625, 'max_fitness': 1654.9158935546875, 'time_s': 24.101778984069824}
[dcrlme_seed1] {'iteration': 1990, 'evaluations': 509696, 'qd_score': 1078552.875, 'coverage': 83.7890625, 'max_fitness': 1654.9158935546875, 'time_s': 24.109907150268555}
[dcrlme_seed1] {'iteration': 2000, 'evaluations': 512256, 'qd_score': 1078811.25, 'coverage': 83.7890625, 'max_fitness': 1654.9158935546875, 'time_s': 24.115933656692505}
fatal: not a git repository (or any parent up to mount point /kaggle)
Stopping at filesystem boundary (GIT_DISCOVERY_ACROSS_FILESYSTEM not set).
[dcrlme_seed1] terminé en 4893 s -> /kaggle/working/outputs/dcrlme_seed1
