Gym has been unmaintained since 2022 and does not support NumPy 2.0 amongst other critical functionality.
Please upgrade to Gymnasium, the maintained drop-in replacement of Gym, or contact the authors of your software and request that they upgrade.
Users of this version of Gym should be able to simply replace 'import gym' with 'import gymnasium as gym' in the vast majority of cases.
See the migration guide at https://gymnasium.farama.org/introduction/migration_guide/ for additional information.
[dcrlme_seed2] init : {'iteration': 0, 'evaluations': 256, 'qd_score': 105604.765625, 'coverage': 10.44921875, 'max_fitness': 1045.8992919921875, 'time_s': 17.57493758201599}
[dcrlme_seed2] {'iteration': 10, 'evaluations': 2816, 'qd_score': 348079.53125, 'coverage': 38.0859375, 'max_fitness': 1055.521240234375, 'time_s': 48.95881772041321}
[dcrlme_seed2] {'iteration': 20, 'evaluations': 5376, 'qd_score': 439848.625, 'coverage': 46.09375, 'max_fitness': 1065.80322265625, 'time_s': 25.23994278907776}
[dcrlme_seed2] {'iteration': 30, 'evaluations': 7936, 'qd_score': 485797.9375, 'coverage': 50.1953125, 'max_fitness': 1095.230224609375, 'time_s': 24.79068946838379}
[dcrlme_seed2] {'iteration': 40, 'evaluations': 10496, 'qd_score': 518376.0625, 'coverage': 53.125, 'max_fitness': 1095.230224609375, 'time_s': 24.67689800262451}
[dcrlme_seed2] {'iteration': 50, 'evaluations': 13056, 'qd_score': 550650.8125, 'coverage': 55.859375, 'max_fitness': 1133.49560546875, 'time_s': 24.827800273895264}
[dcrlme_seed2] {'iteration': 60, 'evaluations': 15616, 'qd_score': 568355.875, 'coverage': 57.421875, 'max_fitness': 1133.49560546875, 'time_s': 24.889082670211792}
[dcrlme_seed2] {'iteration': 70, 'evaluations': 18176, 'qd_score': 595327.75, 'coverage': 59.375, 'max_fitness': 1224.370361328125, 'time_s': 24.806278944015503}
[dcrlme_seed2] {'iteration': 80, 'evaluations': 20736, 'qd_score': 614150.5625, 'coverage': 60.83984375, 'max_fitness': 1224.370361328125, 'time_s': 24.83913564682007}
[dcrlme_seed2] {'iteration': 90, 'evaluations': 23296, 'qd_score': 633163.625, 'coverage': 62.3046875, 'max_fitness': 1224.370361328125, 'time_s': 24.796735048294067}
[dcrlme_seed2] {'iteration': 100, 'evaluations': 25856, 'qd_score': 652300.1875, 'coverage': 63.671875, 'max_fitness': 1225.650390625, 'time_s': 24.869770288467407}
[dcrlme_seed2] {'iteration': 110, 'evaluations': 28416, 'qd_score': 671120.25, 'coverage': 65.0390625, 'max_fitness': 1225.650390625, 'time_s': 24.829540252685547}
[dcrlme_seed2] {'iteration': 120, 'evaluations': 30976, 'qd_score': 687012.375, 'coverage': 66.015625, 'max_fitness': 1225.650390625, 'time_s': 24.884743213653564}
[dcrlme_seed2] {'iteration': 130, 'evaluations': 33536, 'qd_score': 697402.125, 'coverage': 66.6015625, 'max_fitness': 1229.0205078125, 'time_s': 24.815279006958008}
[dcrlme_seed2] {'iteration': 140, 'evaluations': 36096, 'qd_score': 706308.125, 'coverage': 67.08984375, 'max_fitness': 1229.0205078125, 'time_s': 24.84537386894226}
[dcrlme_seed2] {'iteration': 150, 'evaluations': 38656, 'qd_score': 713311.375, 'coverage': 67.28515625, 'max_fitness': 1269.1314697265625, 'time_s': 24.800724506378174}
[dcrlme_seed2] {'iteration': 160, 'evaluations': 41216, 'qd_score': 723254.5, 'coverage': 67.87109375, 'max_fitness': 1290.986572265625, 'time_s': 24.79895520210266}
[dcrlme_seed2] {'iteration': 170, 'evaluations': 43776, 'qd_score': 731710.5, 'coverage': 68.5546875, 'max_fitness': 1290.986572265625, 'time_s': 24.789203643798828}
[dcrlme_seed2] {'iteration': 180, 'evaluations': 46336, 'qd_score': 738144.0, 'coverage': 68.84765625, 'max_fitness': 1303.970703125, 'time_s': 24.817453861236572}
[dcrlme_seed2] {'iteration': 190, 'evaluations': 48896, 'qd_score': 749363.75, 'coverage': 69.43359375, 'max_fitness': 1303.970703125, 'time_s': 24.78620147705078}
[dcrlme_seed2] {'iteration': 200, 'evaluations': 51456, 'qd_score': 754337.3125, 'coverage': 69.7265625, 'max_fitness': 1308.551513671875, 'time_s': 24.777175188064575}
[dcrlme_seed2] {'iteration': 210, 'evaluations': 54016, 'qd_score': 762853.875, 'coverage': 70.21484375, 'max_fitness': 1308.551513671875, 'time_s': 24.738503456115723}
[dcrlme_seed2] {'iteration': 220, 'evaluations': 56576, 'qd_score': 772634.9375, 'coverage': 70.60546875, 'max_fitness': 1381.423095703125, 'time_s': 24.768033742904663}
[dcrlme_seed2] {'iteration': 230, 'evaluations': 59136, 'qd_score': 781611.5625, 'coverage': 71.09375, 'max_fitness': 1381.423095703125, 'time_s': 24.77476215362549}
[dcrlme_seed2] {'iteration': 240, 'evaluations': 61696, 'qd_score': 786450.0, 'coverage': 71.2890625, 'max_fitness': 1381.423095703125, 'time_s': 24.761616230010986}
[dcrlme_seed2] {'iteration': 250, 'evaluations': 64256, 'qd_score': 789788.75, 'coverage': 71.2890625, 'max_fitness': 1381.423095703125, 'time_s': 24.810481548309326}
[dcrlme_seed2] {'iteration': 260, 'evaluations': 66816, 'qd_score': 795992.625, 'coverage': 71.6796875, 'max_fitness': 1381.423095703125, 'time_s': 24.78068733215332}
[dcrlme_seed2] {'iteration': 270, 'evaluations': 69376, 'qd_score': 802819.25, 'coverage': 71.875, 'max_fitness': 1449.79638671875, 'time_s': 24.803584575653076}
[dcrlme_seed2] {'iteration': 280, 'evaluations': 71936, 'qd_score': 809786.125, 'coverage': 72.16796875, 'max_fitness': 1449.79638671875, 'time_s': 24.7478346824646}
[dcrlme_seed2] {'iteration': 290, 'evaluations': 74496, 'qd_score': 816675.5, 'coverage': 72.4609375, 'max_fitness': 1449.79638671875, 'time_s': 24.71700930595398}
[dcrlme_seed2] {'iteration': 300, 'evaluations': 77056, 'qd_score': 821916.5, 'coverage': 72.65625, 'max_fitness': 1449.79638671875, 'time_s': 24.702391624450684}
[dcrlme_seed2] {'iteration': 310, 'evaluations': 79616, 'qd_score': 828828.125, 'coverage': 73.046875, 'max_fitness': 1449.79638671875, 'time_s': 24.736868619918823}
[dcrlme_seed2] {'iteration': 320, 'evaluations': 82176, 'qd_score': 833085.375, 'coverage': 73.14453125, 'max_fitness': 1449.79638671875, 'time_s': 24.76520562171936}
[dcrlme_seed2] {'iteration': 330, 'evaluations': 84736, 'qd_score': 836133.625, 'coverage': 73.14453125, 'max_fitness': 1449.79638671875, 'time_s': 24.704288244247437}
[dcrlme_seed2] {'iteration': 340, 'evaluations': 87296, 'qd_score': 840982.625, 'coverage': 73.4375, 'max_fitness': 1449.79638671875, 'time_s': 24.70575499534607}
[dcrlme_seed2] {'iteration': 350, 'evaluations': 89856, 'qd_score': 844768.875, 'coverage': 73.53515625, 'max_fitness': 1449.79638671875, 'time_s': 24.71777081489563}
[dcrlme_seed2] {'iteration': 360, 'evaluations': 92416, 'qd_score': 847241.25, 'coverage': 73.53515625, 'max_fitness': 1449.79638671875, 'time_s': 24.73570227622986}
[dcrlme_seed2] {'iteration': 370, 'evaluations': 94976, 'qd_score': 851051.6875, 'coverage': 73.828125, 'max_fitness': 1449.79638671875, 'time_s': 24.715752840042114}
[dcrlme_seed2] {'iteration': 380, 'evaluations': 97536, 'qd_score': 854590.75, 'coverage': 74.0234375, 'max_fitness': 1449.79638671875, 'time_s': 24.724510192871094}
[dcrlme_seed2] {'iteration': 390, 'evaluations': 100096, 'qd_score': 860320.25, 'coverage': 74.4140625, 'max_fitness': 1449.79638671875, 'time_s': 24.719412326812744}
[dcrlme_seed2] {'iteration': 400, 'evaluations': 102656, 'qd_score': 862361.6875, 'coverage': 74.4140625, 'max_fitness': 1477.0498046875, 'time_s': 24.728845834732056}
[dcrlme_seed2] {'iteration': 410, 'evaluations': 105216, 'qd_score': 865536.625, 'coverage': 74.51171875, 'max_fitness': 1477.0498046875, 'time_s': 24.69082498550415}
[dcrlme_seed2] {'iteration': 420, 'evaluations': 107776, 'qd_score': 870275.25, 'coverage': 74.8046875, 'max_fitness': 1477.0498046875, 'time_s': 24.683878660202026}
[dcrlme_seed2] {'iteration': 430, 'evaluations': 110336, 'qd_score': 872101.25, 'coverage': 75.0, 'max_fitness': 1477.0498046875, 'time_s': 24.65558648109436}
[dcrlme_seed2] {'iteration': 440, 'evaluations': 112896, 'qd_score': 876810.25, 'coverage': 75.1953125, 'max_fitness': 1477.0498046875, 'time_s': 24.67732334136963}
[dcrlme_seed2] {'iteration': 450, 'evaluations': 115456, 'qd_score': 879578.875, 'coverage': 75.1953125, 'max_fitness': 1477.0498046875, 'time_s': 24.689683437347412}
[dcrlme_seed2] {'iteration': 460, 'evaluations': 118016, 'qd_score': 883908.5625, 'coverage': 75.48828125, 'max_fitness': 1477.0498046875, 'time_s': 24.716527462005615}
[dcrlme_seed2] {'iteration': 470, 'evaluations': 120576, 'qd_score': 886294.6875, 'coverage': 75.48828125, 'max_fitness': 1487.144775390625, 'time_s': 24.681978940963745}
[dcrlme_seed2] {'iteration': 480, 'evaluations': 123136, 'qd_score': 891695.1875, 'coverage': 75.78125, 'max_fitness': 1487.144775390625, 'time_s': 24.71267032623291}
[dcrlme_seed2] {'iteration': 490, 'evaluations': 125696, 'qd_score': 894478.5, 'coverage': 75.87890625, 'max_fitness': 1487.144775390625, 'time_s': 24.700435638427734}
[dcrlme_seed2] {'iteration': 500, 'evaluations': 128256, 'qd_score': 896999.5, 'coverage': 75.9765625, 'max_fitness': 1487.144775390625, 'time_s': 24.683127641677856}
[dcrlme_seed2] {'iteration': 510, 'evaluations': 130816, 'qd_score': 901121.875, 'coverage': 76.171875, 'max_fitness': 1490.7890625, 'time_s': 24.742416858673096}
[dcrlme_seed2] {'iteration': 520, 'evaluations': 133376, 'qd_score': 903054.3125, 'coverage': 76.171875, 'max_fitness': 1490.7890625, 'time_s': 24.750715970993042}
[dcrlme_seed2] {'iteration': 530, 'evaluations': 135936, 'qd_score': 907081.875, 'coverage': 76.3671875, 'max_fitness': 1490.7890625, 'time_s': 24.683529376983643}
[dcrlme_seed2] {'iteration': 540, 'evaluations': 138496, 'qd_score': 909171.75, 'coverage': 76.3671875, 'max_fitness': 1490.7890625, 'time_s': 24.63216471672058}
[dcrlme_seed2] {'iteration': 550, 'evaluations': 141056, 'qd_score': 910932.0625, 'coverage': 76.3671875, 'max_fitness': 1496.4232177734375, 'time_s': 24.653417348861694}
[dcrlme_seed2] {'iteration': 560, 'evaluations': 143616, 'qd_score': 913578.375, 'coverage': 76.5625, 'max_fitness': 1496.4232177734375, 'time_s': 24.636958360671997}
[dcrlme_seed2] {'iteration': 570, 'evaluations': 146176, 'qd_score': 915571.5, 'coverage': 76.7578125, 'max_fitness': 1496.4232177734375, 'time_s': 24.672016859054565}
[dcrlme_seed2] {'iteration': 580, 'evaluations': 148736, 'qd_score': 916609.0, 'coverage': 76.7578125, 'max_fitness': 1496.4232177734375, 'time_s': 24.69196391105652}
[dcrlme_seed2] {'iteration': 590, 'evaluations': 151296, 'qd_score': 918361.5, 'coverage': 76.7578125, 'max_fitness': 1496.4232177734375, 'time_s': 24.696569442749023}
[dcrlme_seed2] {'iteration': 600, 'evaluations': 153856, 'qd_score': 920743.0, 'coverage': 76.953125, 'max_fitness': 1499.9951171875, 'time_s': 24.669478178024292}
[dcrlme_seed2] {'iteration': 610, 'evaluations': 156416, 'qd_score': 925438.0625, 'coverage': 77.24609375, 'max_fitness': 1499.9951171875, 'time_s': 24.69686460494995}
[dcrlme_seed2] {'iteration': 620, 'evaluations': 158976, 'qd_score': 928812.375, 'coverage': 77.34375, 'max_fitness': 1554.84130859375, 'time_s': 24.663755416870117}
[dcrlme_seed2] {'iteration': 630, 'evaluations': 161536, 'qd_score': 931874.3125, 'coverage': 77.5390625, 'max_fitness': 1554.84130859375, 'time_s': 24.688493490219116}
[dcrlme_seed2] {'iteration': 640, 'evaluations': 164096, 'qd_score': 934880.4375, 'coverage': 77.734375, 'max_fitness': 1554.84130859375, 'time_s': 24.65030288696289}
[dcrlme_seed2] {'iteration': 650, 'evaluations': 166656, 'qd_score': 936644.4375, 'coverage': 77.83203125, 'max_fitness': 1554.84130859375, 'time_s': 24.690147876739502}
[dcrlme_seed2] {'iteration': 660, 'evaluations': 169216, 'qd_score': 938943.25, 'coverage': 77.9296875, 'max_fitness': 1554.84130859375, 'time_s': 24.671703338623047}
[dcrlme_seed2] {'iteration': 670, 'evaluations': 171776, 'qd_score': 942230.0, 'coverage': 78.125, 'max_fitness': 1554.84130859375, 'time_s': 24.71069860458374}
[dcrlme_seed2] {'iteration': 680, 'evaluations': 174336, 'qd_score': 943926.625, 'coverage': 78.22265625, 'max_fitness': 1554.84130859375, 'time_s': 24.676023721694946}
[dcrlme_seed2] {'iteration': 690, 'evaluations': 176896, 'qd_score': 945402.9375, 'coverage': 78.22265625, 'max_fitness': 1559.260986328125, 'time_s': 24.680076599121094}
[dcrlme_seed2] {'iteration': 700, 'evaluations': 179456, 'qd_score': 946670.25, 'coverage': 78.22265625, 'max_fitness': 1559.260986328125, 'time_s': 24.677677392959595}
[dcrlme_seed2] {'iteration': 710, 'evaluations': 182016, 'qd_score': 949000.875, 'coverage': 78.41796875, 'max_fitness': 1559.260986328125, 'time_s': 24.698599576950073}
[dcrlme_seed2] {'iteration': 720, 'evaluations': 184576, 'qd_score': 950087.8125, 'coverage': 78.41796875, 'max_fitness': 1559.260986328125, 'time_s': 24.678346157073975}
[dcrlme_seed2] {'iteration': 730, 'evaluations': 187136, 'qd_score': 955093.25, 'coverage': 78.80859375, 'max_fitness': 1559.260986328125, 'time_s': 24.682317972183228}
[dcrlme_seed2] {'iteration': 740, 'evaluations': 189696, 'qd_score': 956164.125, 'coverage': 78.80859375, 'max_fitness': 1559.260986328125, 'time_s': 24.675878047943115}
[dcrlme_seed2] {'iteration': 750, 'evaluations': 192256, 'qd_score': 957618.9375, 'coverage': 78.90625, 'max_fitness': 1559.260986328125, 'time_s': 24.69499182701111}
[dcrlme_seed2] {'iteration': 760, 'evaluations': 194816, 'qd_score': 958578.625, 'coverage': 78.90625, 'max_fitness': 1559.260986328125, 'time_s': 24.682221174240112}
[dcrlme_seed2] {'iteration': 770, 'evaluations': 197376, 'qd_score': 963119.125, 'coverage': 79.19921875, 'max_fitness': 1559.260986328125, 'time_s': 24.718486070632935}
[dcrlme_seed2] {'iteration': 780, 'evaluations': 199936, 'qd_score': 964238.875, 'coverage': 79.19921875, 'max_fitness': 1559.260986328125, 'time_s': 24.67166018486023}
[dcrlme_seed2] {'iteration': 790, 'evaluations': 202496, 'qd_score': 966410.125, 'coverage': 79.296875, 'max_fitness': 1559.260986328125, 'time_s': 24.669696807861328}
[dcrlme_seed2] {'iteration': 800, 'evaluations': 205056, 'qd_score': 967962.125, 'coverage': 79.296875, 'max_fitness': 1559.260986328125, 'time_s': 24.64082169532776}
[dcrlme_seed2] {'iteration': 810, 'evaluations': 207616, 'qd_score': 968882.0625, 'coverage': 79.296875, 'max_fitness': 1559.260986328125, 'time_s': 24.679572820663452}
[dcrlme_seed2] {'iteration': 820, 'evaluations': 210176, 'qd_score': 969821.0625, 'coverage': 79.39453125, 'max_fitness': 1559.260986328125, 'time_s': 24.643025398254395}
[dcrlme_seed2] {'iteration': 830, 'evaluations': 212736, 'qd_score': 970978.1875, 'coverage': 79.39453125, 'max_fitness': 1559.260986328125, 'time_s': 24.689101457595825}
[dcrlme_seed2] {'iteration': 840, 'evaluations': 215296, 'qd_score': 971768.625, 'coverage': 79.39453125, 'max_fitness': 1559.260986328125, 'time_s': 24.64392066001892}
[dcrlme_seed2] {'iteration': 850, 'evaluations': 217856, 'qd_score': 972962.625, 'coverage': 79.58984375, 'max_fitness': 1559.260986328125, 'time_s': 24.663416147232056}
[dcrlme_seed2] {'iteration': 860, 'evaluations': 220416, 'qd_score': 974603.375, 'coverage': 79.58984375, 'max_fitness': 1559.260986328125, 'time_s': 24.64679265022278}
[dcrlme_seed2] {'iteration': 870, 'evaluations': 222976, 'qd_score': 977501.375, 'coverage': 79.58984375, 'max_fitness': 1559.260986328125, 'time_s': 24.677910089492798}
[dcrlme_seed2] {'iteration': 880, 'evaluations': 225536, 'qd_score': 978622.875, 'coverage': 79.58984375, 'max_fitness': 1559.260986328125, 'time_s': 24.649450302124023}
[dcrlme_seed2] {'iteration': 890, 'evaluations': 228096, 'qd_score': 979557.875, 'coverage': 79.58984375, 'max_fitness': 1559.260986328125, 'time_s': 24.668063640594482}
[dcrlme_seed2] {'iteration': 900, 'evaluations': 230656, 'qd_score': 981656.625, 'coverage': 79.6875, 'max_fitness': 1559.260986328125, 'time_s': 24.634357452392578}
[dcrlme_seed2] {'iteration': 910, 'evaluations': 233216, 'qd_score': 982634.75, 'coverage': 79.78515625, 'max_fitness': 1559.260986328125, 'time_s': 24.6744966506958}
[dcrlme_seed2] {'iteration': 920, 'evaluations': 235776, 'qd_score': 983344.625, 'coverage': 79.78515625, 'max_fitness': 1559.260986328125, 'time_s': 24.63578724861145}
[dcrlme_seed2] {'iteration': 930, 'evaluations': 238336, 'qd_score': 984197.625, 'coverage': 79.78515625, 'max_fitness': 1559.260986328125, 'time_s': 24.67381453514099}
[dcrlme_seed2] {'iteration': 940, 'evaluations': 240896, 'qd_score': 985368.875, 'coverage': 79.78515625, 'max_fitness': 1559.260986328125, 'time_s': 24.642288208007812}
[dcrlme_seed2] {'iteration': 950, 'evaluations': 243456, 'qd_score': 987372.75, 'coverage': 79.8828125, 'max_fitness': 1559.260986328125, 'time_s': 24.674484968185425}
[dcrlme_seed2] {'iteration': 960, 'evaluations': 246016, 'qd_score': 988763.125, 'coverage': 79.8828125, 'max_fitness': 1559.260986328125, 'time_s': 24.64436149597168}
[dcrlme_seed2] {'iteration': 970, 'evaluations': 248576, 'qd_score': 990457.5, 'coverage': 79.98046875, 'max_fitness': 1559.260986328125, 'time_s': 24.700631618499756}
[dcrlme_seed2] {'iteration': 980, 'evaluations': 251136, 'qd_score': 992573.6875, 'coverage': 80.17578125, 'max_fitness': 1559.260986328125, 'time_s': 24.650745630264282}
[dcrlme_seed2] {'iteration': 990, 'evaluations': 253696, 'qd_score': 993294.875, 'coverage': 80.2734375, 'max_fitness': 1559.260986328125, 'time_s': 24.676225662231445}
[dcrlme_seed2] {'iteration': 1000, 'evaluations': 256256, 'qd_score': 994814.625, 'coverage': 80.2734375, 'max_fitness': 1559.260986328125, 'time_s': 24.649850845336914}
[dcrlme_seed2] {'iteration': 1010, 'evaluations': 258816, 'qd_score': 995616.0625, 'coverage': 80.2734375, 'max_fitness': 1559.260986328125, 'time_s': 24.711918115615845}
[dcrlme_seed2] {'iteration': 1020, 'evaluations': 261376, 'qd_score': 996342.125, 'coverage': 80.2734375, 'max_fitness': 1559.260986328125, 'time_s': 24.65333342552185}
[dcrlme_seed2] {'iteration': 1030, 'evaluations': 263936, 'qd_score': 997564.0625, 'coverage': 80.2734375, 'max_fitness': 1559.260986328125, 'time_s': 24.656697034835815}
[dcrlme_seed2] {'iteration': 1040, 'evaluations': 266496, 'qd_score': 998569.625, 'coverage': 80.2734375, 'max_fitness': 1559.260986328125, 'time_s': 24.610000371932983}
[dcrlme_seed2] {'iteration': 1050, 'evaluations': 269056, 'qd_score': 999348.6875, 'coverage': 80.2734375, 'max_fitness': 1559.260986328125, 'time_s': 24.60616946220398}
[dcrlme_seed2] {'iteration': 1060, 'evaluations': 271616, 'qd_score': 999868.0625, 'coverage': 80.2734375, 'max_fitness': 1559.260986328125, 'time_s': 24.631227254867554}
[dcrlme_seed2] {'iteration': 1070, 'evaluations': 274176, 'qd_score': 1000554.0, 'coverage': 80.2734375, 'max_fitness': 1575.08642578125, 'time_s': 24.686697959899902}
[dcrlme_seed2] {'iteration': 1080, 'evaluations': 276736, 'qd_score': 1000955.0625, 'coverage': 80.37109375, 'max_fitness': 1575.08642578125, 'time_s': 24.647825241088867}
[dcrlme_seed2] {'iteration': 1090, 'evaluations': 279296, 'qd_score': 1001810.625, 'coverage': 80.46875, 'max_fitness': 1575.08642578125, 'time_s': 24.632375717163086}
[dcrlme_seed2] {'iteration': 1100, 'evaluations': 281856, 'qd_score': 1002978.0, 'coverage': 80.46875, 'max_fitness': 1585.269775390625, 'time_s': 24.62967276573181}
[dcrlme_seed2] {'iteration': 1110, 'evaluations': 284416, 'qd_score': 1003850.75, 'coverage': 80.46875, 'max_fitness': 1585.269775390625, 'time_s': 24.638006925582886}
[dcrlme_seed2] {'iteration': 1120, 'evaluations': 286976, 'qd_score': 1005438.875, 'coverage': 80.6640625, 'max_fitness': 1585.269775390625, 'time_s': 24.639909982681274}
[dcrlme_seed2] {'iteration': 1130, 'evaluations': 289536, 'qd_score': 1005972.125, 'coverage': 80.6640625, 'max_fitness': 1585.269775390625, 'time_s': 24.68849539756775}
[dcrlme_seed2] {'iteration': 1140, 'evaluations': 292096, 'qd_score': 1006579.25, 'coverage': 80.6640625, 'max_fitness': 1585.269775390625, 'time_s': 24.632843017578125}
[dcrlme_seed2] {'iteration': 1150, 'evaluations': 294656, 'qd_score': 1007539.5, 'coverage': 80.76171875, 'max_fitness': 1585.269775390625, 'time_s': 24.642101049423218}
[dcrlme_seed2] {'iteration': 1160, 'evaluations': 297216, 'qd_score': 1009613.9375, 'coverage': 80.95703125, 'max_fitness': 1585.269775390625, 'time_s': 24.63611078262329}
[dcrlme_seed2] {'iteration': 1170, 'evaluations': 299776, 'qd_score': 1010218.125, 'coverage': 80.95703125, 'max_fitness': 1585.269775390625, 'time_s': 24.65499711036682}
[dcrlme_seed2] {'iteration': 1180, 'evaluations': 302336, 'qd_score': 1010700.1875, 'coverage': 80.95703125, 'max_fitness': 1585.269775390625, 'time_s': 24.634949445724487}
[dcrlme_seed2] {'iteration': 1190, 'evaluations': 304896, 'qd_score': 1011443.9375, 'coverage': 80.95703125, 'max_fitness': 1585.269775390625, 'time_s': 24.660547733306885}
[dcrlme_seed2] {'iteration': 1200, 'evaluations': 307456, 'qd_score': 1012109.1875, 'coverage': 80.95703125, 'max_fitness': 1585.269775390625, 'time_s': 24.65139365196228}
[dcrlme_seed2] {'iteration': 1210, 'evaluations': 310016, 'qd_score': 1012774.5, 'coverage': 80.95703125, 'max_fitness': 1585.269775390625, 'time_s': 24.674007654190063}
[dcrlme_seed2] {'iteration': 1220, 'evaluations': 312576, 'qd_score': 1014295.25, 'coverage': 81.0546875, 'max_fitness': 1585.269775390625, 'time_s': 24.626627683639526}
[dcrlme_seed2] {'iteration': 1230, 'evaluations': 315136, 'qd_score': 1014757.875, 'coverage': 81.0546875, 'max_fitness': 1585.269775390625, 'time_s': 24.674107551574707}
[dcrlme_seed2] {'iteration': 1240, 'evaluations': 317696, 'qd_score': 1015906.8125, 'coverage': 81.15234375, 'max_fitness': 1585.269775390625, 'time_s': 24.636845111846924}
[dcrlme_seed2] {'iteration': 1250, 'evaluations': 320256, 'qd_score': 1016493.625, 'coverage': 81.25, 'max_fitness': 1585.269775390625, 'time_s': 24.660205125808716}
[dcrlme_seed2] {'iteration': 1260, 'evaluations': 322816, 'qd_score': 1019678.625, 'coverage': 81.4453125, 'max_fitness': 1585.269775390625, 'time_s': 24.653135538101196}
[dcrlme_seed2] {'iteration': 1270, 'evaluations': 325376, 'qd_score': 1020512.6875, 'coverage': 81.54296875, 'max_fitness': 1585.269775390625, 'time_s': 24.689121961593628}
[dcrlme_seed2] {'iteration': 1280, 'evaluations': 327936, 'qd_score': 1023123.5625, 'coverage': 81.73828125, 'max_fitness': 1585.269775390625, 'time_s': 24.652085781097412}
[dcrlme_seed2] {'iteration': 1290, 'evaluations': 330496, 'qd_score': 1024823.3125, 'coverage': 81.8359375, 'max_fitness': 1585.269775390625, 'time_s': 24.655944108963013}
[dcrlme_seed2] {'iteration': 1300, 'evaluations': 333056, 'qd_score': 1025139.625, 'coverage': 81.8359375, 'max_fitness': 1585.269775390625, 'time_s': 24.640323877334595}
[dcrlme_seed2] {'iteration': 1310, 'evaluations': 335616, 'qd_score': 1026229.25, 'coverage': 81.8359375, 'max_fitness': 1585.269775390625, 'time_s': 24.66784429550171}
[dcrlme_seed2] {'iteration': 1320, 'evaluations': 338176, 'qd_score': 1026430.875, 'coverage': 81.8359375, 'max_fitness': 1585.269775390625, 'time_s': 24.6098415851593}
[dcrlme_seed2] {'iteration': 1330, 'evaluations': 340736, 'qd_score': 1026907.25, 'coverage': 81.8359375, 'max_fitness': 1585.269775390625, 'time_s': 24.599124908447266}
[dcrlme_seed2] {'iteration': 1340, 'evaluations': 343296, 'qd_score': 1027603.625, 'coverage': 81.8359375, 'max_fitness': 1585.269775390625, 'time_s': 24.669126987457275}
[dcrlme_seed2] {'iteration': 1350, 'evaluations': 345856, 'qd_score': 1027949.0, 'coverage': 81.8359375, 'max_fitness': 1597.3499755859375, 'time_s': 24.68345069885254}
[dcrlme_seed2] {'iteration': 1360, 'evaluations': 348416, 'qd_score': 1028405.875, 'coverage': 81.8359375, 'max_fitness': 1597.3499755859375, 'time_s': 24.597212553024292}
[dcrlme_seed2] {'iteration': 1370, 'evaluations': 350976, 'qd_score': 1028652.25, 'coverage': 81.8359375, 'max_fitness': 1597.3499755859375, 'time_s': 24.62821316719055}
[dcrlme_seed2] {'iteration': 1380, 'evaluations': 353536, 'qd_score': 1030849.0, 'coverage': 82.03125, 'max_fitness': 1597.3499755859375, 'time_s': 24.640836715698242}
[dcrlme_seed2] {'iteration': 1390, 'evaluations': 356096, 'qd_score': 1031163.5, 'coverage': 82.03125, 'max_fitness': 1597.3499755859375, 'time_s': 24.664931297302246}
[dcrlme_seed2] {'iteration': 1400, 'evaluations': 358656, 'qd_score': 1031662.0625, 'coverage': 82.03125, 'max_fitness': 1597.3499755859375, 'time_s': 24.61397099494934}
[dcrlme_seed2] {'iteration': 1410, 'evaluations': 361216, 'qd_score': 1032487.375, 'coverage': 82.03125, 'max_fitness': 1597.3499755859375, 'time_s': 24.65635895729065}
[dcrlme_seed2] {'iteration': 1420, 'evaluations': 363776, 'qd_score': 1033322.75, 'coverage': 82.12890625, 'max_fitness': 1597.3499755859375, 'time_s': 24.633347988128662}
[dcrlme_seed2] {'iteration': 1430, 'evaluations': 366336, 'qd_score': 1033871.125, 'coverage': 82.12890625, 'max_fitness': 1597.3499755859375, 'time_s': 24.67269206047058}
[dcrlme_seed2] {'iteration': 1440, 'evaluations': 368896, 'qd_score': 1034450.3125, 'coverage': 82.12890625, 'max_fitness': 1597.3499755859375, 'time_s': 24.639106273651123}
[dcrlme_seed2] {'iteration': 1450, 'evaluations': 371456, 'qd_score': 1034698.3125, 'coverage': 82.12890625, 'max_fitness': 1597.3499755859375, 'time_s': 24.66865873336792}
[dcrlme_seed2] {'iteration': 1460, 'evaluations': 374016, 'qd_score': 1035117.6875, 'coverage': 82.12890625, 'max_fitness': 1597.3499755859375, 'time_s': 24.638766050338745}
[dcrlme_seed2] {'iteration': 1470, 'evaluations': 376576, 'qd_score': 1035732.25, 'coverage': 82.12890625, 'max_fitness': 1597.3499755859375, 'time_s': 24.66278910636902}
[dcrlme_seed2] {'iteration': 1480, 'evaluations': 379136, 'qd_score': 1036109.5, 'coverage': 82.12890625, 'max_fitness': 1597.3499755859375, 'time_s': 24.630497455596924}
[dcrlme_seed2] {'iteration': 1490, 'evaluations': 381696, 'qd_score': 1036627.1875, 'coverage': 82.12890625, 'max_fitness': 1597.3499755859375, 'time_s': 24.62625026702881}
[dcrlme_seed2] {'iteration': 1500, 'evaluations': 384256, 'qd_score': 1038304.25, 'coverage': 82.2265625, 'max_fitness': 1597.3499755859375, 'time_s': 24.6428062915802}
[dcrlme_seed2] {'iteration': 1510, 'evaluations': 386816, 'qd_score': 1039785.375, 'coverage': 82.32421875, 'max_fitness': 1597.3499755859375, 'time_s': 24.716597080230713}
[dcrlme_seed2] {'iteration': 1520, 'evaluations': 389376, 'qd_score': 1040267.25, 'coverage': 82.32421875, 'max_fitness': 1597.3499755859375, 'time_s': 24.66620635986328}
[dcrlme_seed2] {'iteration': 1530, 'evaluations': 391936, 'qd_score': 1040466.625, 'coverage': 82.32421875, 'max_fitness': 1597.3499755859375, 'time_s': 24.64407706260681}
[dcrlme_seed2] {'iteration': 1540, 'evaluations': 394496, 'qd_score': 1041459.6875, 'coverage': 82.32421875, 'max_fitness': 1597.3499755859375, 'time_s': 24.615426301956177}
[dcrlme_seed2] {'iteration': 1550, 'evaluations': 397056, 'qd_score': 1041776.75, 'coverage': 82.32421875, 'max_fitness': 1597.3499755859375, 'time_s': 24.610227584838867}
[dcrlme_seed2] {'iteration': 1560, 'evaluations': 399616, 'qd_score': 1041997.4375, 'coverage': 82.32421875, 'max_fitness': 1597.3499755859375, 'time_s': 24.61836051940918}
[dcrlme_seed2] {'iteration': 1570, 'evaluations': 402176, 'qd_score': 1042820.5, 'coverage': 82.32421875, 'max_fitness': 1597.3499755859375, 'time_s': 24.662988901138306}
[dcrlme_seed2] {'iteration': 1580, 'evaluations': 404736, 'qd_score': 1043353.375, 'coverage': 82.32421875, 'max_fitness': 1597.3499755859375, 'time_s': 24.63229513168335}
[dcrlme_seed2] {'iteration': 1590, 'evaluations': 407296, 'qd_score': 1044684.25, 'coverage': 82.32421875, 'max_fitness': 1597.3499755859375, 'time_s': 24.653117179870605}
[dcrlme_seed2] {'iteration': 1600, 'evaluations': 409856, 'qd_score': 1044924.875, 'coverage': 82.32421875, 'max_fitness': 1597.3499755859375, 'time_s': 24.622833728790283}
[dcrlme_seed2] {'iteration': 1610, 'evaluations': 412416, 'qd_score': 1046744.0, 'coverage': 82.32421875, 'max_fitness': 1614.57470703125, 'time_s': 24.63893413543701}
[dcrlme_seed2] {'iteration': 1620, 'evaluations': 414976, 'qd_score': 1046944.8125, 'coverage': 82.32421875, 'max_fitness': 1614.57470703125, 'time_s': 24.643675327301025}
[dcrlme_seed2] {'iteration': 1630, 'evaluations': 417536, 'qd_score': 1047419.25, 'coverage': 82.421875, 'max_fitness': 1614.57470703125, 'time_s': 24.659395217895508}
[dcrlme_seed2] {'iteration': 1640, 'evaluations': 420096, 'qd_score': 1047969.0625, 'coverage': 82.421875, 'max_fitness': 1614.57470703125, 'time_s': 24.6333065032959}
[dcrlme_seed2] {'iteration': 1650, 'evaluations': 422656, 'qd_score': 1050572.5, 'coverage': 82.6171875, 'max_fitness': 1614.57470703125, 'time_s': 24.653972864151}
[dcrlme_seed2] {'iteration': 1660, 'evaluations': 425216, 'qd_score': 1051916.25, 'coverage': 82.71484375, 'max_fitness': 1614.57470703125, 'time_s': 24.633475065231323}
[dcrlme_seed2] {'iteration': 1670, 'evaluations': 427776, 'qd_score': 1052325.75, 'coverage': 82.8125, 'max_fitness': 1614.57470703125, 'time_s': 24.651684045791626}
[dcrlme_seed2] {'iteration': 1680, 'evaluations': 430336, 'qd_score': 1052637.875, 'coverage': 82.8125, 'max_fitness': 1614.57470703125, 'time_s': 24.624496698379517}
[dcrlme_seed2] {'iteration': 1690, 'evaluations': 432896, 'qd_score': 1052870.5, 'coverage': 82.8125, 'max_fitness': 1614.57470703125, 'time_s': 24.656139850616455}
[dcrlme_seed2] {'iteration': 1700, 'evaluations': 435456, 'qd_score': 1054186.0, 'coverage': 82.91015625, 'max_fitness': 1614.57470703125, 'time_s': 24.637482166290283}
[dcrlme_seed2] {'iteration': 1710, 'evaluations': 438016, 'qd_score': 1054590.25, 'coverage': 82.91015625, 'max_fitness': 1614.57470703125, 'time_s': 24.654950618743896}
[dcrlme_seed2] {'iteration': 1720, 'evaluations': 440576, 'qd_score': 1055808.5, 'coverage': 83.0078125, 'max_fitness': 1614.57470703125, 'time_s': 24.62698006629944}
[dcrlme_seed2] {'iteration': 1730, 'evaluations': 443136, 'qd_score': 1057651.5, 'coverage': 83.10546875, 'max_fitness': 1614.57470703125, 'time_s': 24.641193151474}
[dcrlme_seed2] {'iteration': 1740, 'evaluations': 445696, 'qd_score': 1058070.0, 'coverage': 83.203125, 'max_fitness': 1614.57470703125, 'time_s': 24.61545705795288}
[dcrlme_seed2] {'iteration': 1750, 'evaluations': 448256, 'qd_score': 1058654.5, 'coverage': 83.203125, 'max_fitness': 1614.57470703125, 'time_s': 24.62534236907959}
[dcrlme_seed2] {'iteration': 1760, 'evaluations': 450816, 'qd_score': 1059100.75, 'coverage': 83.203125, 'max_fitness': 1614.57470703125, 'time_s': 24.639400243759155}
[dcrlme_seed2] {'iteration': 1770, 'evaluations': 453376, 'qd_score': 1059983.625, 'coverage': 83.203125, 'max_fitness': 1614.57470703125, 'time_s': 24.66114568710327}
[dcrlme_seed2] {'iteration': 1780, 'evaluations': 455936, 'qd_score': 1060312.5, 'coverage': 83.203125, 'max_fitness': 1614.57470703125, 'time_s': 24.629955768585205}
[dcrlme_seed2] {'iteration': 1790, 'evaluations': 458496, 'qd_score': 1060862.0, 'coverage': 83.203125, 'max_fitness': 1614.57470703125, 'time_s': 24.608367919921875}
[dcrlme_seed2] {'iteration': 1800, 'evaluations': 461056, 'qd_score': 1062333.75, 'coverage': 83.30078125, 'max_fitness': 1614.57470703125, 'time_s': 24.610467195510864}
[dcrlme_seed2] {'iteration': 1810, 'evaluations': 463616, 'qd_score': 1063246.125, 'coverage': 83.30078125, 'max_fitness': 1614.57470703125, 'time_s': 24.626323699951172}
[dcrlme_seed2] {'iteration': 1820, 'evaluations': 466176, 'qd_score': 1063606.0, 'coverage': 83.30078125, 'max_fitness': 1614.57470703125, 'time_s': 24.62183380126953}
[dcrlme_seed2] {'iteration': 1830, 'evaluations': 468736, 'qd_score': 1064249.25, 'coverage': 83.30078125, 'max_fitness': 1614.57470703125, 'time_s': 24.625734090805054}
[dcrlme_seed2] {'iteration': 1840, 'evaluations': 471296, 'qd_score': 1065138.875, 'coverage': 83.30078125, 'max_fitness': 1614.57470703125, 'time_s': 24.640803337097168}
[dcrlme_seed2] {'iteration': 1850, 'evaluations': 473856, 'qd_score': 1065479.125, 'coverage': 83.30078125, 'max_fitness': 1614.57470703125, 'time_s': 24.63057255744934}
[dcrlme_seed2] {'iteration': 1860, 'evaluations': 476416, 'qd_score': 1065695.5, 'coverage': 83.30078125, 'max_fitness': 1614.57470703125, 'time_s': 24.61256504058838}
[dcrlme_seed2] {'iteration': 1870, 'evaluations': 478976, 'qd_score': 1066232.0, 'coverage': 83.30078125, 'max_fitness': 1614.57470703125, 'time_s': 24.63147473335266}
[dcrlme_seed2] {'iteration': 1880, 'evaluations': 481536, 'qd_score': 1066497.25, 'coverage': 83.30078125, 'max_fitness': 1614.57470703125, 'time_s': 24.62617564201355}
[dcrlme_seed2] {'iteration': 1890, 'evaluations': 484096, 'qd_score': 1066938.625, 'coverage': 83.30078125, 'max_fitness': 1614.57470703125, 'time_s': 24.637256860733032}
[dcrlme_seed2] {'iteration': 1900, 'evaluations': 486656, 'qd_score': 1067509.0, 'coverage': 83.30078125, 'max_fitness': 1614.57470703125, 'time_s': 24.622613430023193}
[dcrlme_seed2] {'iteration': 1910, 'evaluations': 489216, 'qd_score': 1068181.75, 'coverage': 83.30078125, 'max_fitness': 1614.57470703125, 'time_s': 24.680784463882446}
[dcrlme_seed2] {'iteration': 1920, 'evaluations': 491776, 'qd_score': 1068433.75, 'coverage': 83.30078125, 'max_fitness': 1614.57470703125, 'time_s': 24.626652717590332}
[dcrlme_seed2] {'iteration': 1930, 'evaluations': 494336, 'qd_score': 1070315.5, 'coverage': 83.3984375, 'max_fitness': 1614.57470703125, 'time_s': 24.662679433822632}
[dcrlme_seed2] {'iteration': 1940, 'evaluations': 496896, 'qd_score': 1071572.25, 'coverage': 83.3984375, 'max_fitness': 1614.57470703125, 'time_s': 24.618523120880127}
[dcrlme_seed2] {'iteration': 1950, 'evaluations': 499456, 'qd_score': 1071808.5, 'coverage': 83.3984375, 'max_fitness': 1614.57470703125, 'time_s': 24.640257358551025}
[dcrlme_seed2] {'iteration': 1960, 'evaluations': 502016, 'qd_score': 1072344.125, 'coverage': 83.3984375, 'max_fitness': 1614.57470703125, 'time_s': 24.625013828277588}
[dcrlme_seed2] {'iteration': 1970, 'evaluations': 504576, 'qd_score': 1072554.5, 'coverage': 83.3984375, 'max_fitness': 1624.890625, 'time_s': 24.641556978225708}
[dcrlme_seed2] {'iteration': 1980, 'evaluations': 507136, 'qd_score': 1072696.0, 'coverage': 83.3984375, 'max_fitness': 1624.890625, 'time_s': 24.641825199127197}
[dcrlme_seed2] {'iteration': 1990, 'evaluations': 509696, 'qd_score': 1073870.0, 'coverage': 83.3984375, 'max_fitness': 1624.890625, 'time_s': 24.62541699409485}
[dcrlme_seed2] {'iteration': 2000, 'evaluations': 512256, 'qd_score': 1074222.75, 'coverage': 83.3984375, 'max_fitness': 1624.890625, 'time_s': 24.607170581817627}
fatal: not a git repository (or any parent up to mount point /kaggle)
Stopping at filesystem boundary (GIT_DISCOVERY_ACROSS_FILESYSTEM not set).
[dcrlme_seed2] terminé en 4994 s -> /kaggle/working/outputs/dcrlme_seed2
