Gym has been unmaintained since 2022 and does not support NumPy 2.0 amongst other critical functionality.
Please upgrade to Gymnasium, the maintained drop-in replacement of Gym, or contact the authors of your software and request that they upgrade.
Users of this version of Gym should be able to simply replace 'import gym' with 'import gymnasium as gym' in the vast majority of cases.
See the migration guide at https://gymnasium.farama.org/introduction/migration_guide/ for additional information.
[me_seed0] init : {'iteration': 0, 'evaluations': 256, 'qd_score': 110429.3359375, 'coverage': 11.1328125, 'max_fitness': 1045.2808837890625, 'time_s': 10.056796550750732}
[me_seed0] {'iteration': 10, 'evaluations': 2816, 'qd_score': 401936.0, 'coverage': 40.625, 'max_fitness': 1066.664306640625, 'time_s': 14.776276111602783}
[me_seed0] {'iteration': 20, 'evaluations': 5376, 'qd_score': 473009.375, 'coverage': 47.0703125, 'max_fitness': 1066.664306640625, 'time_s': 2.1701388359069824}
[me_seed0] {'iteration': 30, 'evaluations': 7936, 'qd_score': 514937.1875, 'coverage': 50.9765625, 'max_fitness': 1067.1226806640625, 'time_s': 2.1688144207000732}
[me_seed0] {'iteration': 40, 'evaluations': 10496, 'qd_score': 542210.875, 'coverage': 53.41796875, 'max_fitness': 1070.193359375, 'time_s': 2.1722543239593506}
[me_seed0] {'iteration': 50, 'evaluations': 13056, 'qd_score': 560384.75, 'coverage': 54.98046875, 'max_fitness': 1082.7191162109375, 'time_s': 2.170254945755005}
[me_seed0] {'iteration': 60, 'evaluations': 15616, 'qd_score': 569486.5625, 'coverage': 55.6640625, 'max_fitness': 1083.77490234375, 'time_s': 2.172940254211426}
[me_seed0] {'iteration': 70, 'evaluations': 18176, 'qd_score': 579153.875, 'coverage': 56.4453125, 'max_fitness': 1083.77490234375, 'time_s': 2.171464681625366}
[me_seed0] {'iteration': 80, 'evaluations': 20736, 'qd_score': 585717.5, 'coverage': 57.12890625, 'max_fitness': 1084.6876220703125, 'time_s': 2.174320936203003}
[me_seed0] {'iteration': 90, 'evaluations': 23296, 'qd_score': 590833.375, 'coverage': 57.421875, 'max_fitness': 1098.2215576171875, 'time_s': 2.1720306873321533}
[me_seed0] {'iteration': 100, 'evaluations': 25856, 'qd_score': 597852.3125, 'coverage': 58.0078125, 'max_fitness': 1098.2215576171875, 'time_s': 2.1728148460388184}
[me_seed0] {'iteration': 110, 'evaluations': 28416, 'qd_score': 604163.25, 'coverage': 58.49609375, 'max_fitness': 1098.2215576171875, 'time_s': 2.169447183609009}
[me_seed0] {'iteration': 120, 'evaluations': 30976, 'qd_score': 610103.5, 'coverage': 58.984375, 'max_fitness': 1098.2215576171875, 'time_s': 2.1735215187072754}
[me_seed0] {'iteration': 130, 'evaluations': 33536, 'qd_score': 614124.25, 'coverage': 59.27734375, 'max_fitness': 1098.2215576171875, 'time_s': 2.17050838470459}
[me_seed0] {'iteration': 140, 'evaluations': 36096, 'qd_score': 617836.875, 'coverage': 59.5703125, 'max_fitness': 1100.972412109375, 'time_s': 2.173478364944458}
[me_seed0] {'iteration': 150, 'evaluations': 38656, 'qd_score': 621822.9375, 'coverage': 59.86328125, 'max_fitness': 1113.8289794921875, 'time_s': 2.1706528663635254}
[me_seed0] {'iteration': 160, 'evaluations': 41216, 'qd_score': 624942.25, 'coverage': 60.05859375, 'max_fitness': 1113.8289794921875, 'time_s': 2.172684669494629}
[me_seed0] {'iteration': 170, 'evaluations': 43776, 'qd_score': 629109.5, 'coverage': 60.44921875, 'max_fitness': 1116.3280029296875, 'time_s': 2.1700892448425293}
[me_seed0] {'iteration': 180, 'evaluations': 46336, 'qd_score': 629898.875, 'coverage': 60.44921875, 'max_fitness': 1116.3280029296875, 'time_s': 2.1723852157592773}
[me_seed0] {'iteration': 190, 'evaluations': 48896, 'qd_score': 637009.625, 'coverage': 61.03515625, 'max_fitness': 1116.3280029296875, 'time_s': 2.1705737113952637}
[me_seed0] {'iteration': 200, 'evaluations': 51456, 'qd_score': 642492.3125, 'coverage': 61.5234375, 'max_fitness': 1116.3280029296875, 'time_s': 2.173703670501709}
[me_seed0] {'iteration': 210, 'evaluations': 54016, 'qd_score': 646404.5, 'coverage': 61.81640625, 'max_fitness': 1116.3280029296875, 'time_s': 2.170640707015991}
[me_seed0] {'iteration': 220, 'evaluations': 56576, 'qd_score': 650383.0, 'coverage': 62.20703125, 'max_fitness': 1119.662841796875, 'time_s': 2.1734020709991455}
[me_seed0] {'iteration': 230, 'evaluations': 59136, 'qd_score': 652708.125, 'coverage': 62.40234375, 'max_fitness': 1119.662841796875, 'time_s': 2.1708145141601562}
[me_seed0] {'iteration': 240, 'evaluations': 61696, 'qd_score': 653339.875, 'coverage': 62.40234375, 'max_fitness': 1119.662841796875, 'time_s': 2.17301607131958}
[me_seed0] {'iteration': 250, 'evaluations': 64256, 'qd_score': 656119.5625, 'coverage': 62.6953125, 'max_fitness': 1119.662841796875, 'time_s': 2.170388698577881}
[me_seed0] {'iteration': 260, 'evaluations': 66816, 'qd_score': 661968.625, 'coverage': 63.18359375, 'max_fitness': 1119.662841796875, 'time_s': 2.1738383769989014}
[me_seed0] {'iteration': 270, 'evaluations': 69376, 'qd_score': 663895.375, 'coverage': 63.28125, 'max_fitness': 1119.662841796875, 'time_s': 2.1708524227142334}
[me_seed0] {'iteration': 280, 'evaluations': 71936, 'qd_score': 664590.0, 'coverage': 63.28125, 'max_fitness': 1119.662841796875, 'time_s': 2.173314332962036}
[me_seed0] {'iteration': 290, 'evaluations': 74496, 'qd_score': 665296.25, 'coverage': 63.28125, 'max_fitness': 1119.662841796875, 'time_s': 2.171483039855957}
[me_seed0] {'iteration': 300, 'evaluations': 77056, 'qd_score': 667931.375, 'coverage': 63.4765625, 'max_fitness': 1119.662841796875, 'time_s': 2.173048496246338}
[me_seed0] {'iteration': 310, 'evaluations': 79616, 'qd_score': 669641.9375, 'coverage': 63.57421875, 'max_fitness': 1119.662841796875, 'time_s': 2.1700432300567627}
[me_seed0] {'iteration': 320, 'evaluations': 82176, 'qd_score': 670321.6875, 'coverage': 63.671875, 'max_fitness': 1119.662841796875, 'time_s': 2.173173666000366}
[me_seed0] {'iteration': 330, 'evaluations': 84736, 'qd_score': 672019.875, 'coverage': 63.76953125, 'max_fitness': 1119.662841796875, 'time_s': 2.171138048171997}
[me_seed0] {'iteration': 340, 'evaluations': 87296, 'qd_score': 676459.625, 'coverage': 64.0625, 'max_fitness': 1119.662841796875, 'time_s': 2.1734976768493652}
[me_seed0] {'iteration': 350, 'evaluations': 89856, 'qd_score': 677063.9375, 'coverage': 64.0625, 'max_fitness': 1125.626708984375, 'time_s': 2.171356678009033}
[me_seed0] {'iteration': 360, 'evaluations': 92416, 'qd_score': 679672.875, 'coverage': 64.2578125, 'max_fitness': 1125.626708984375, 'time_s': 2.173393487930298}
[me_seed0] {'iteration': 370, 'evaluations': 94976, 'qd_score': 681421.875, 'coverage': 64.35546875, 'max_fitness': 1128.1361083984375, 'time_s': 2.170736312866211}
[me_seed0] {'iteration': 380, 'evaluations': 97536, 'qd_score': 683212.9375, 'coverage': 64.453125, 'max_fitness': 1128.1361083984375, 'time_s': 2.173021078109741}
[me_seed0] {'iteration': 390, 'evaluations': 100096, 'qd_score': 686719.875, 'coverage': 64.74609375, 'max_fitness': 1128.1361083984375, 'time_s': 2.1701486110687256}
[me_seed0] {'iteration': 400, 'evaluations': 102656, 'qd_score': 688575.25, 'coverage': 64.84375, 'max_fitness': 1128.1361083984375, 'time_s': 2.1729941368103027}
[me_seed0] {'iteration': 410, 'evaluations': 105216, 'qd_score': 690439.75, 'coverage': 64.94140625, 'max_fitness': 1128.1361083984375, 'time_s': 2.1704580783843994}
[me_seed0] {'iteration': 420, 'evaluations': 107776, 'qd_score': 691308.6875, 'coverage': 64.94140625, 'max_fitness': 1128.1361083984375, 'time_s': 2.172945737838745}
[me_seed0] {'iteration': 430, 'evaluations': 110336, 'qd_score': 692821.625, 'coverage': 65.0390625, 'max_fitness': 1128.1361083984375, 'time_s': 2.1701595783233643}
[me_seed0] {'iteration': 440, 'evaluations': 112896, 'qd_score': 695059.0, 'coverage': 65.234375, 'max_fitness': 1128.1361083984375, 'time_s': 2.1729588508605957}
[me_seed0] {'iteration': 450, 'evaluations': 115456, 'qd_score': 697458.6875, 'coverage': 65.4296875, 'max_fitness': 1128.1361083984375, 'time_s': 2.170488119125366}
[me_seed0] {'iteration': 460, 'evaluations': 118016, 'qd_score': 697943.375, 'coverage': 65.4296875, 'max_fitness': 1128.1361083984375, 'time_s': 2.1729259490966797}
[me_seed0] {'iteration': 470, 'evaluations': 120576, 'qd_score': 700658.5, 'coverage': 65.72265625, 'max_fitness': 1128.1361083984375, 'time_s': 2.1725175380706787}
[me_seed0] {'iteration': 480, 'evaluations': 123136, 'qd_score': 701253.5, 'coverage': 65.72265625, 'max_fitness': 1129.5657958984375, 'time_s': 2.1731815338134766}
[me_seed0] {'iteration': 490, 'evaluations': 125696, 'qd_score': 701825.25, 'coverage': 65.72265625, 'max_fitness': 1129.5657958984375, 'time_s': 2.1709702014923096}
[me_seed0] {'iteration': 500, 'evaluations': 128256, 'qd_score': 703292.0625, 'coverage': 65.8203125, 'max_fitness': 1129.5657958984375, 'time_s': 2.1733651161193848}
[me_seed0] {'iteration': 510, 'evaluations': 130816, 'qd_score': 703841.25, 'coverage': 65.8203125, 'max_fitness': 1129.5657958984375, 'time_s': 2.170384168624878}
[me_seed0] {'iteration': 520, 'evaluations': 133376, 'qd_score': 704239.375, 'coverage': 65.8203125, 'max_fitness': 1129.5657958984375, 'time_s': 2.172898530960083}
[me_seed0] {'iteration': 530, 'evaluations': 135936, 'qd_score': 704749.75, 'coverage': 65.8203125, 'max_fitness': 1134.2203369140625, 'time_s': 2.1700687408447266}
[me_seed0] {'iteration': 540, 'evaluations': 138496, 'qd_score': 705381.375, 'coverage': 65.8203125, 'max_fitness': 1134.2203369140625, 'time_s': 2.173119068145752}
[me_seed0] {'iteration': 550, 'evaluations': 141056, 'qd_score': 708142.0, 'coverage': 66.015625, 'max_fitness': 1134.2203369140625, 'time_s': 2.170938014984131}
[me_seed0] {'iteration': 560, 'evaluations': 143616, 'qd_score': 708547.3125, 'coverage': 66.015625, 'max_fitness': 1134.2203369140625, 'time_s': 2.1741178035736084}
[me_seed0] {'iteration': 570, 'evaluations': 146176, 'qd_score': 709226.3125, 'coverage': 66.015625, 'max_fitness': 1137.080810546875, 'time_s': 2.1710197925567627}
[me_seed0] {'iteration': 580, 'evaluations': 148736, 'qd_score': 710829.875, 'coverage': 66.11328125, 'max_fitness': 1151.0184326171875, 'time_s': 2.1736156940460205}
[me_seed0] {'iteration': 590, 'evaluations': 151296, 'qd_score': 711414.75, 'coverage': 66.11328125, 'max_fitness': 1151.0184326171875, 'time_s': 2.1710619926452637}
[me_seed0] {'iteration': 600, 'evaluations': 153856, 'qd_score': 711932.9375, 'coverage': 66.11328125, 'max_fitness': 1151.0184326171875, 'time_s': 2.173602342605591}
[me_seed0] {'iteration': 610, 'evaluations': 156416, 'qd_score': 712624.8125, 'coverage': 66.11328125, 'max_fitness': 1151.0184326171875, 'time_s': 2.1709041595458984}
[me_seed0] {'iteration': 620, 'evaluations': 158976, 'qd_score': 713524.0, 'coverage': 66.11328125, 'max_fitness': 1151.0184326171875, 'time_s': 2.1740684509277344}
[me_seed0] {'iteration': 630, 'evaluations': 161536, 'qd_score': 715776.75, 'coverage': 66.2109375, 'max_fitness': 1151.0184326171875, 'time_s': 2.170994997024536}
[me_seed0] {'iteration': 640, 'evaluations': 164096, 'qd_score': 717630.1875, 'coverage': 66.30859375, 'max_fitness': 1152.6094970703125, 'time_s': 2.173816204071045}
[me_seed0] {'iteration': 650, 'evaluations': 166656, 'qd_score': 719002.1875, 'coverage': 66.40625, 'max_fitness': 1152.6094970703125, 'time_s': 2.170382261276245}
[me_seed0] {'iteration': 660, 'evaluations': 169216, 'qd_score': 722518.125, 'coverage': 66.69921875, 'max_fitness': 1152.6094970703125, 'time_s': 2.1731832027435303}
[me_seed0] {'iteration': 670, 'evaluations': 171776, 'qd_score': 723062.0, 'coverage': 66.69921875, 'max_fitness': 1153.218017578125, 'time_s': 2.170152187347412}
[me_seed0] {'iteration': 680, 'evaluations': 174336, 'qd_score': 724604.75, 'coverage': 66.796875, 'max_fitness': 1153.218017578125, 'time_s': 2.1728506088256836}
[me_seed0] {'iteration': 690, 'evaluations': 176896, 'qd_score': 725037.875, 'coverage': 66.796875, 'max_fitness': 1153.218017578125, 'time_s': 2.170581579208374}
[me_seed0] {'iteration': 700, 'evaluations': 179456, 'qd_score': 726586.25, 'coverage': 66.89453125, 'max_fitness': 1153.218017578125, 'time_s': 2.1733615398406982}
[me_seed0] {'iteration': 710, 'evaluations': 182016, 'qd_score': 727071.375, 'coverage': 66.89453125, 'max_fitness': 1153.218017578125, 'time_s': 2.1712045669555664}
[me_seed0] {'iteration': 720, 'evaluations': 184576, 'qd_score': 727391.125, 'coverage': 66.89453125, 'max_fitness': 1153.218017578125, 'time_s': 2.173649787902832}
[me_seed0] {'iteration': 730, 'evaluations': 187136, 'qd_score': 727729.625, 'coverage': 66.89453125, 'max_fitness': 1153.218017578125, 'time_s': 2.1705057621002197}
[me_seed0] {'iteration': 740, 'evaluations': 189696, 'qd_score': 728187.0, 'coverage': 66.89453125, 'max_fitness': 1153.218017578125, 'time_s': 2.173966884613037}
[me_seed0] {'iteration': 750, 'evaluations': 192256, 'qd_score': 729607.875, 'coverage': 66.9921875, 'max_fitness': 1153.218017578125, 'time_s': 2.170621633529663}
[me_seed0] {'iteration': 760, 'evaluations': 194816, 'qd_score': 729995.875, 'coverage': 66.9921875, 'max_fitness': 1153.218017578125, 'time_s': 2.173590898513794}
[me_seed0] {'iteration': 770, 'evaluations': 197376, 'qd_score': 730311.875, 'coverage': 66.9921875, 'max_fitness': 1156.585693359375, 'time_s': 2.170257329940796}
[me_seed0] {'iteration': 780, 'evaluations': 199936, 'qd_score': 731963.0625, 'coverage': 67.08984375, 'max_fitness': 1156.585693359375, 'time_s': 2.1733903884887695}
[me_seed0] {'iteration': 790, 'evaluations': 202496, 'qd_score': 733197.75, 'coverage': 67.1875, 'max_fitness': 1160.2884521484375, 'time_s': 2.170255661010742}
[me_seed0] {'iteration': 800, 'evaluations': 205056, 'qd_score': 733501.125, 'coverage': 67.1875, 'max_fitness': 1160.2884521484375, 'time_s': 2.1736016273498535}
[me_seed0] {'iteration': 810, 'evaluations': 207616, 'qd_score': 734951.875, 'coverage': 67.28515625, 'max_fitness': 1171.012939453125, 'time_s': 2.170804738998413}
[me_seed0] {'iteration': 820, 'evaluations': 210176, 'qd_score': 735277.75, 'coverage': 67.28515625, 'max_fitness': 1171.012939453125, 'time_s': 2.173302412033081}
[me_seed0] {'iteration': 830, 'evaluations': 212736, 'qd_score': 736511.1875, 'coverage': 67.3828125, 'max_fitness': 1171.012939453125, 'time_s': 2.1712148189544678}
[me_seed0] {'iteration': 840, 'evaluations': 215296, 'qd_score': 737872.25, 'coverage': 67.48046875, 'max_fitness': 1171.012939453125, 'time_s': 2.173973321914673}
[me_seed0] {'iteration': 850, 'evaluations': 217856, 'qd_score': 739059.5, 'coverage': 67.578125, 'max_fitness': 1171.012939453125, 'time_s': 2.170795440673828}
[me_seed0] {'iteration': 860, 'evaluations': 220416, 'qd_score': 740575.0, 'coverage': 67.67578125, 'max_fitness': 1178.203369140625, 'time_s': 2.1731605529785156}
[me_seed0] {'iteration': 870, 'evaluations': 222976, 'qd_score': 741085.125, 'coverage': 67.67578125, 'max_fitness': 1178.203369140625, 'time_s': 2.1701877117156982}
[me_seed0] {'iteration': 880, 'evaluations': 225536, 'qd_score': 741464.875, 'coverage': 67.67578125, 'max_fitness': 1178.203369140625, 'time_s': 2.173161268234253}
[me_seed0] {'iteration': 890, 'evaluations': 228096, 'qd_score': 742733.25, 'coverage': 67.7734375, 'max_fitness': 1178.203369140625, 'time_s': 2.1711983680725098}
[me_seed0] {'iteration': 900, 'evaluations': 230656, 'qd_score': 742903.75, 'coverage': 67.7734375, 'max_fitness': 1178.203369140625, 'time_s': 2.1741936206817627}
[me_seed0] {'iteration': 910, 'evaluations': 233216, 'qd_score': 743725.875, 'coverage': 67.7734375, 'max_fitness': 1178.203369140625, 'time_s': 2.171208620071411}
[me_seed0] {'iteration': 920, 'evaluations': 235776, 'qd_score': 745003.5, 'coverage': 67.87109375, 'max_fitness': 1178.203369140625, 'time_s': 2.171372890472412}
[me_seed0] {'iteration': 930, 'evaluations': 238336, 'qd_score': 745443.5, 'coverage': 67.87109375, 'max_fitness': 1189.818603515625, 'time_s': 2.167576313018799}
[me_seed0] {'iteration': 940, 'evaluations': 240896, 'qd_score': 746888.5, 'coverage': 67.96875, 'max_fitness': 1189.818603515625, 'time_s': 2.16955828666687}
[me_seed0] {'iteration': 950, 'evaluations': 243456, 'qd_score': 747131.25, 'coverage': 67.96875, 'max_fitness': 1189.818603515625, 'time_s': 2.1678078174591064}
[me_seed0] {'iteration': 960, 'evaluations': 246016, 'qd_score': 747460.75, 'coverage': 67.96875, 'max_fitness': 1189.818603515625, 'time_s': 2.1703643798828125}
[me_seed0] {'iteration': 970, 'evaluations': 248576, 'qd_score': 747671.25, 'coverage': 67.96875, 'max_fitness': 1189.818603515625, 'time_s': 2.167421817779541}
[me_seed0] {'iteration': 980, 'evaluations': 251136, 'qd_score': 748677.25, 'coverage': 68.06640625, 'max_fitness': 1189.818603515625, 'time_s': 2.1697707176208496}
[me_seed0] {'iteration': 990, 'evaluations': 253696, 'qd_score': 749077.5, 'coverage': 68.06640625, 'max_fitness': 1189.818603515625, 'time_s': 2.1675214767456055}
[me_seed0] {'iteration': 1000, 'evaluations': 256256, 'qd_score': 749335.5, 'coverage': 68.06640625, 'max_fitness': 1189.818603515625, 'time_s': 2.170149564743042}
[me_seed0] {'iteration': 1010, 'evaluations': 258816, 'qd_score': 750609.0625, 'coverage': 68.1640625, 'max_fitness': 1189.818603515625, 'time_s': 2.168034791946411}
[me_seed0] {'iteration': 1020, 'evaluations': 261376, 'qd_score': 752115.3125, 'coverage': 68.26171875, 'max_fitness': 1189.818603515625, 'time_s': 2.1699352264404297}
[me_seed0] {'iteration': 1030, 'evaluations': 263936, 'qd_score': 752299.125, 'coverage': 68.26171875, 'max_fitness': 1189.818603515625, 'time_s': 2.171372413635254}
[me_seed0] {'iteration': 1040, 'evaluations': 266496, 'qd_score': 752571.6875, 'coverage': 68.26171875, 'max_fitness': 1204.76513671875, 'time_s': 2.1701648235321045}
[me_seed0] {'iteration': 1050, 'evaluations': 269056, 'qd_score': 752991.125, 'coverage': 68.26171875, 'max_fitness': 1204.76513671875, 'time_s': 2.1674764156341553}
[me_seed0] {'iteration': 1060, 'evaluations': 271616, 'qd_score': 753267.6875, 'coverage': 68.26171875, 'max_fitness': 1204.76513671875, 'time_s': 2.169574499130249}
[me_seed0] {'iteration': 1070, 'evaluations': 274176, 'qd_score': 754826.125, 'coverage': 68.359375, 'max_fitness': 1204.76513671875, 'time_s': 2.167865514755249}
[me_seed0] {'iteration': 1080, 'evaluations': 276736, 'qd_score': 755242.375, 'coverage': 68.359375, 'max_fitness': 1204.76513671875, 'time_s': 2.1695218086242676}
[me_seed0] {'iteration': 1090, 'evaluations': 279296, 'qd_score': 756494.0, 'coverage': 68.45703125, 'max_fitness': 1204.76513671875, 'time_s': 2.167753219604492}
[me_seed0] {'iteration': 1100, 'evaluations': 281856, 'qd_score': 757739.375, 'coverage': 68.5546875, 'max_fitness': 1204.76513671875, 'time_s': 2.1705799102783203}
[me_seed0] {'iteration': 1110, 'evaluations': 284416, 'qd_score': 757925.875, 'coverage': 68.5546875, 'max_fitness': 1204.76513671875, 'time_s': 2.1674110889434814}
[me_seed0] {'iteration': 1120, 'evaluations': 286976, 'qd_score': 758123.5, 'coverage': 68.5546875, 'max_fitness': 1204.76513671875, 'time_s': 2.1698474884033203}
[me_seed0] {'iteration': 1130, 'evaluations': 289536, 'qd_score': 759347.0, 'coverage': 68.65234375, 'max_fitness': 1204.76513671875, 'time_s': 2.168025493621826}
[me_seed0] {'iteration': 1140, 'evaluations': 292096, 'qd_score': 759501.8125, 'coverage': 68.65234375, 'max_fitness': 1204.76513671875, 'time_s': 2.169962167739868}
[me_seed0] {'iteration': 1150, 'evaluations': 294656, 'qd_score': 759789.875, 'coverage': 68.65234375, 'max_fitness': 1204.76513671875, 'time_s': 2.168142795562744}
[me_seed0] {'iteration': 1160, 'evaluations': 297216, 'qd_score': 760068.25, 'coverage': 68.65234375, 'max_fitness': 1204.76513671875, 'time_s': 2.1702635288238525}
[me_seed0] {'iteration': 1170, 'evaluations': 299776, 'qd_score': 761188.8125, 'coverage': 68.75, 'max_fitness': 1204.76513671875, 'time_s': 2.167574644088745}
[me_seed0] {'iteration': 1180, 'evaluations': 302336, 'qd_score': 762373.3125, 'coverage': 68.84765625, 'max_fitness': 1204.76513671875, 'time_s': 2.17020845413208}
[me_seed0] {'iteration': 1190, 'evaluations': 304896, 'qd_score': 762523.625, 'coverage': 68.84765625, 'max_fitness': 1204.76513671875, 'time_s': 2.1685516834259033}
[me_seed0] {'iteration': 1200, 'evaluations': 307456, 'qd_score': 763819.1875, 'coverage': 68.9453125, 'max_fitness': 1204.76513671875, 'time_s': 2.169856071472168}
[me_seed0] {'iteration': 1210, 'evaluations': 310016, 'qd_score': 765111.6875, 'coverage': 69.04296875, 'max_fitness': 1204.76513671875, 'time_s': 2.1668756008148193}
[me_seed0] {'iteration': 1220, 'evaluations': 312576, 'qd_score': 765556.75, 'coverage': 69.04296875, 'max_fitness': 1204.76513671875, 'time_s': 2.1698639392852783}
[me_seed0] {'iteration': 1230, 'evaluations': 315136, 'qd_score': 766851.125, 'coverage': 69.140625, 'max_fitness': 1204.76513671875, 'time_s': 2.167579174041748}
[me_seed0] {'iteration': 1240, 'evaluations': 317696, 'qd_score': 767009.75, 'coverage': 69.140625, 'max_fitness': 1204.76513671875, 'time_s': 2.169761896133423}
[me_seed0] {'iteration': 1250, 'evaluations': 320256, 'qd_score': 767217.625, 'coverage': 69.140625, 'max_fitness': 1204.76513671875, 'time_s': 2.1675291061401367}
[me_seed0] {'iteration': 1260, 'evaluations': 322816, 'qd_score': 769151.0, 'coverage': 69.3359375, 'max_fitness': 1204.76513671875, 'time_s': 2.169886350631714}
[me_seed0] {'iteration': 1270, 'evaluations': 325376, 'qd_score': 769336.625, 'coverage': 69.3359375, 'max_fitness': 1204.76513671875, 'time_s': 2.1673765182495117}
[me_seed0] {'iteration': 1280, 'evaluations': 327936, 'qd_score': 769589.75, 'coverage': 69.3359375, 'max_fitness': 1204.76513671875, 'time_s': 2.1701316833496094}
[me_seed0] {'iteration': 1290, 'evaluations': 330496, 'qd_score': 770935.75, 'coverage': 69.43359375, 'max_fitness': 1204.76513671875, 'time_s': 2.167783260345459}
[me_seed0] {'iteration': 1300, 'evaluations': 333056, 'qd_score': 772145.75, 'coverage': 69.53125, 'max_fitness': 1204.76513671875, 'time_s': 2.1696815490722656}
[me_seed0] {'iteration': 1310, 'evaluations': 335616, 'qd_score': 773709.5625, 'coverage': 69.62890625, 'max_fitness': 1204.76513671875, 'time_s': 2.167898416519165}
[me_seed0] {'iteration': 1320, 'evaluations': 338176, 'qd_score': 774384.125, 'coverage': 69.62890625, 'max_fitness': 1204.76513671875, 'time_s': 2.169700860977173}
[me_seed0] {'iteration': 1330, 'evaluations': 340736, 'qd_score': 774785.75, 'coverage': 69.62890625, 'max_fitness': 1204.76513671875, 'time_s': 2.168090581893921}
[me_seed0] {'iteration': 1340, 'evaluations': 343296, 'qd_score': 775349.375, 'coverage': 69.62890625, 'max_fitness': 1204.76513671875, 'time_s': 2.169703960418701}
[me_seed0] {'iteration': 1350, 'evaluations': 345856, 'qd_score': 776020.375, 'coverage': 69.62890625, 'max_fitness': 1204.76513671875, 'time_s': 2.1675376892089844}
[me_seed0] {'iteration': 1360, 'evaluations': 348416, 'qd_score': 776265.75, 'coverage': 69.62890625, 'max_fitness': 1204.76513671875, 'time_s': 2.1701767444610596}
[me_seed0] {'iteration': 1370, 'evaluations': 350976, 'qd_score': 776765.375, 'coverage': 69.62890625, 'max_fitness': 1204.76513671875, 'time_s': 2.1671206951141357}
[me_seed0] {'iteration': 1380, 'evaluations': 353536, 'qd_score': 776923.375, 'coverage': 69.62890625, 'max_fitness': 1204.76513671875, 'time_s': 2.1696043014526367}
[me_seed0] {'iteration': 1390, 'evaluations': 356096, 'qd_score': 778120.625, 'coverage': 69.7265625, 'max_fitness': 1204.76513671875, 'time_s': 2.167088270187378}
[me_seed0] {'iteration': 1400, 'evaluations': 358656, 'qd_score': 780420.125, 'coverage': 69.921875, 'max_fitness': 1204.76513671875, 'time_s': 2.169725179672241}
[me_seed0] {'iteration': 1410, 'evaluations': 361216, 'qd_score': 780638.625, 'coverage': 69.921875, 'max_fitness': 1204.76513671875, 'time_s': 2.167318344116211}
[me_seed0] {'iteration': 1420, 'evaluations': 363776, 'qd_score': 782003.0625, 'coverage': 70.01953125, 'max_fitness': 1204.76513671875, 'time_s': 2.1700894832611084}
[me_seed0] {'iteration': 1430, 'evaluations': 366336, 'qd_score': 782328.25, 'coverage': 70.01953125, 'max_fitness': 1204.76513671875, 'time_s': 2.1676673889160156}
[me_seed0] {'iteration': 1440, 'evaluations': 368896, 'qd_score': 782631.3125, 'coverage': 70.01953125, 'max_fitness': 1204.76513671875, 'time_s': 2.1693620681762695}
[me_seed0] {'iteration': 1450, 'evaluations': 371456, 'qd_score': 782806.75, 'coverage': 70.01953125, 'max_fitness': 1204.76513671875, 'time_s': 2.167743444442749}
[me_seed0] {'iteration': 1460, 'evaluations': 374016, 'qd_score': 783151.625, 'coverage': 70.01953125, 'max_fitness': 1204.76513671875, 'time_s': 2.16922664642334}
[me_seed0] {'iteration': 1470, 'evaluations': 376576, 'qd_score': 784556.5, 'coverage': 70.1171875, 'max_fitness': 1204.76513671875, 'time_s': 2.1676859855651855}
[me_seed0] {'iteration': 1480, 'evaluations': 379136, 'qd_score': 785756.25, 'coverage': 70.21484375, 'max_fitness': 1204.76513671875, 'time_s': 2.1698031425476074}
[me_seed0] {'iteration': 1490, 'evaluations': 381696, 'qd_score': 785953.5, 'coverage': 70.21484375, 'max_fitness': 1204.76513671875, 'time_s': 2.166693687438965}
[me_seed0] {'iteration': 1500, 'evaluations': 384256, 'qd_score': 786091.125, 'coverage': 70.21484375, 'max_fitness': 1204.76513671875, 'time_s': 2.1696431636810303}
[me_seed0] {'iteration': 1510, 'evaluations': 386816, 'qd_score': 786397.875, 'coverage': 70.21484375, 'max_fitness': 1204.76513671875, 'time_s': 2.1677680015563965}
[me_seed0] {'iteration': 1520, 'evaluations': 389376, 'qd_score': 786593.4375, 'coverage': 70.21484375, 'max_fitness': 1204.76513671875, 'time_s': 2.1700093746185303}
[me_seed0] {'iteration': 1530, 'evaluations': 391936, 'qd_score': 788185.875, 'coverage': 70.3125, 'max_fitness': 1204.76513671875, 'time_s': 2.16754150390625}
[me_seed0] {'iteration': 1540, 'evaluations': 394496, 'qd_score': 788449.75, 'coverage': 70.3125, 'max_fitness': 1204.76513671875, 'time_s': 2.1695261001586914}
[me_seed0] {'iteration': 1550, 'evaluations': 397056, 'qd_score': 788693.9375, 'coverage': 70.3125, 'max_fitness': 1204.76513671875, 'time_s': 2.16744327545166}
[me_seed0] {'iteration': 1560, 'evaluations': 399616, 'qd_score': 789826.875, 'coverage': 70.41015625, 'max_fitness': 1204.76513671875, 'time_s': 2.1701595783233643}
[me_seed0] {'iteration': 1570, 'evaluations': 402176, 'qd_score': 790012.8125, 'coverage': 70.41015625, 'max_fitness': 1204.76513671875, 'time_s': 2.167951822280884}
[me_seed0] {'iteration': 1580, 'evaluations': 404736, 'qd_score': 790245.6875, 'coverage': 70.41015625, 'max_fitness': 1204.76513671875, 'time_s': 2.1700873374938965}
[me_seed0] {'iteration': 1590, 'evaluations': 407296, 'qd_score': 790539.0, 'coverage': 70.41015625, 'max_fitness': 1204.76513671875, 'time_s': 2.167565107345581}
[me_seed0] {'iteration': 1600, 'evaluations': 409856, 'qd_score': 790696.5625, 'coverage': 70.41015625, 'max_fitness': 1204.76513671875, 'time_s': 2.1698501110076904}
[me_seed0] {'iteration': 1610, 'evaluations': 412416, 'qd_score': 790861.6875, 'coverage': 70.41015625, 'max_fitness': 1204.76513671875, 'time_s': 2.1677188873291016}
[me_seed0] {'iteration': 1620, 'evaluations': 414976, 'qd_score': 790987.0, 'coverage': 70.41015625, 'max_fitness': 1204.76513671875, 'time_s': 2.1693379878997803}
[me_seed0] {'iteration': 1630, 'evaluations': 417536, 'qd_score': 791201.9375, 'coverage': 70.41015625, 'max_fitness': 1204.76513671875, 'time_s': 2.1674787998199463}
[me_seed0] {'iteration': 1640, 'evaluations': 420096, 'qd_score': 792456.3125, 'coverage': 70.5078125, 'max_fitness': 1204.76513671875, 'time_s': 2.169794797897339}
[me_seed0] {'iteration': 1650, 'evaluations': 422656, 'qd_score': 793510.6875, 'coverage': 70.60546875, 'max_fitness': 1204.76513671875, 'time_s': 2.1677701473236084}
[me_seed0] {'iteration': 1660, 'evaluations': 425216, 'qd_score': 793664.375, 'coverage': 70.60546875, 'max_fitness': 1204.76513671875, 'time_s': 2.1692211627960205}
[me_seed0] {'iteration': 1670, 'evaluations': 427776, 'qd_score': 794936.875, 'coverage': 70.703125, 'max_fitness': 1204.76513671875, 'time_s': 2.167632818222046}
[me_seed0] {'iteration': 1680, 'evaluations': 430336, 'qd_score': 795192.125, 'coverage': 70.703125, 'max_fitness': 1204.76513671875, 'time_s': 2.1697332859039307}
[me_seed0] {'iteration': 1690, 'evaluations': 432896, 'qd_score': 795373.375, 'coverage': 70.703125, 'max_fitness': 1204.76513671875, 'time_s': 2.1673901081085205}
[me_seed0] {'iteration': 1700, 'evaluations': 435456, 'qd_score': 795569.4375, 'coverage': 70.703125, 'max_fitness': 1209.3046875, 'time_s': 2.1702117919921875}
[me_seed0] {'iteration': 1710, 'evaluations': 438016, 'qd_score': 795817.625, 'coverage': 70.703125, 'max_fitness': 1209.3046875, 'time_s': 2.1686997413635254}
[me_seed0] {'iteration': 1720, 'evaluations': 440576, 'qd_score': 796165.4375, 'coverage': 70.703125, 'max_fitness': 1209.3046875, 'time_s': 2.169956684112549}
[me_seed0] {'iteration': 1730, 'evaluations': 443136, 'qd_score': 797450.9375, 'coverage': 70.80078125, 'max_fitness': 1209.3046875, 'time_s': 2.167323112487793}
[me_seed0] {'iteration': 1740, 'evaluations': 445696, 'qd_score': 797574.5, 'coverage': 70.80078125, 'max_fitness': 1209.3046875, 'time_s': 2.170255661010742}
[me_seed0] {'iteration': 1750, 'evaluations': 448256, 'qd_score': 797720.5, 'coverage': 70.80078125, 'max_fitness': 1209.3046875, 'time_s': 2.1676268577575684}
[me_seed0] {'iteration': 1760, 'evaluations': 450816, 'qd_score': 798029.6875, 'coverage': 70.80078125, 'max_fitness': 1209.3046875, 'time_s': 2.1704626083374023}
[me_seed0] {'iteration': 1770, 'evaluations': 453376, 'qd_score': 798160.625, 'coverage': 70.80078125, 'max_fitness': 1209.3046875, 'time_s': 2.167356014251709}
[me_seed0] {'iteration': 1780, 'evaluations': 455936, 'qd_score': 799159.9375, 'coverage': 70.8984375, 'max_fitness': 1209.3046875, 'time_s': 2.170175552368164}
[me_seed0] {'iteration': 1790, 'evaluations': 458496, 'qd_score': 799365.625, 'coverage': 70.8984375, 'max_fitness': 1209.3046875, 'time_s': 2.1682627201080322}
[me_seed0] {'iteration': 1800, 'evaluations': 461056, 'qd_score': 801480.0, 'coverage': 71.09375, 'max_fitness': 1209.3046875, 'time_s': 2.170074462890625}
[me_seed0] {'iteration': 1810, 'evaluations': 463616, 'qd_score': 802721.75, 'coverage': 71.19140625, 'max_fitness': 1209.3046875, 'time_s': 2.1682732105255127}
[me_seed0] {'iteration': 1820, 'evaluations': 466176, 'qd_score': 802882.375, 'coverage': 71.19140625, 'max_fitness': 1211.52587890625, 'time_s': 2.1710898876190186}
[me_seed0] {'iteration': 1830, 'evaluations': 468736, 'qd_score': 803021.75, 'coverage': 71.19140625, 'max_fitness': 1211.52587890625, 'time_s': 2.168675661087036}
[me_seed0] {'iteration': 1840, 'evaluations': 471296, 'qd_score': 803574.3125, 'coverage': 71.19140625, 'max_fitness': 1211.52587890625, 'time_s': 2.169457197189331}
[me_seed0] {'iteration': 1850, 'evaluations': 473856, 'qd_score': 803773.375, 'coverage': 71.19140625, 'max_fitness': 1211.52587890625, 'time_s': 2.167081832885742}
[me_seed0] {'iteration': 1860, 'evaluations': 476416, 'qd_score': 803860.25, 'coverage': 71.19140625, 'max_fitness': 1211.52587890625, 'time_s': 2.1694066524505615}
[me_seed0] {'iteration': 1870, 'evaluations': 478976, 'qd_score': 804024.1875, 'coverage': 71.19140625, 'max_fitness': 1211.52587890625, 'time_s': 2.1667795181274414}
[me_seed0] {'iteration': 1880, 'evaluations': 481536, 'qd_score': 804178.875, 'coverage': 71.19140625, 'max_fitness': 1211.52587890625, 'time_s': 2.169447183609009}
[me_seed0] {'iteration': 1890, 'evaluations': 484096, 'qd_score': 804446.75, 'coverage': 71.19140625, 'max_fitness': 1211.52587890625, 'time_s': 2.1672098636627197}
[me_seed0] {'iteration': 1900, 'evaluations': 486656, 'qd_score': 804588.0, 'coverage': 71.19140625, 'max_fitness': 1230.059814453125, 'time_s': 2.1696789264678955}
[me_seed0] {'iteration': 1910, 'evaluations': 489216, 'qd_score': 804717.125, 'coverage': 71.19140625, 'max_fitness': 1230.059814453125, 'time_s': 2.167541265487671}
[me_seed0] {'iteration': 1920, 'evaluations': 491776, 'qd_score': 804881.5, 'coverage': 71.19140625, 'max_fitness': 1230.059814453125, 'time_s': 2.1703410148620605}
[me_seed0] {'iteration': 1930, 'evaluations': 494336, 'qd_score': 805061.9375, 'coverage': 71.19140625, 'max_fitness': 1230.059814453125, 'time_s': 2.167402744293213}
[me_seed0] {'iteration': 1940, 'evaluations': 496896, 'qd_score': 805134.75, 'coverage': 71.19140625, 'max_fitness': 1230.059814453125, 'time_s': 2.169471025466919}
[me_seed0] {'iteration': 1950, 'evaluations': 499456, 'qd_score': 805454.5, 'coverage': 71.19140625, 'max_fitness': 1234.85009765625, 'time_s': 2.1670212745666504}
[me_seed0] {'iteration': 1960, 'evaluations': 502016, 'qd_score': 806627.0, 'coverage': 71.2890625, 'max_fitness': 1234.85009765625, 'time_s': 2.169246196746826}
[me_seed0] {'iteration': 1970, 'evaluations': 504576, 'qd_score': 806753.625, 'coverage': 71.2890625, 'max_fitness': 1234.85009765625, 'time_s': 2.1677939891815186}
[me_seed0] {'iteration': 1980, 'evaluations': 507136, 'qd_score': 806849.625, 'coverage': 71.2890625, 'max_fitness': 1234.85009765625, 'time_s': 2.1698150634765625}
[me_seed0] {'iteration': 1990, 'evaluations': 509696, 'qd_score': 808022.75, 'coverage': 71.38671875, 'max_fitness': 1234.85009765625, 'time_s': 2.166836738586426}
[me_seed0] {'iteration': 2000, 'evaluations': 512256, 'qd_score': 808112.125, 'coverage': 71.38671875, 'max_fitness': 1234.85009765625, 'time_s': 2.1701865196228027}
fatal: not a git repository (or any parent up to mount point /kaggle)
Stopping at filesystem boundary (GIT_DISCOVERY_ACROSS_FILESYSTEM not set).
[me_seed0] terminé en 459 s -> /kaggle/working/outputs/me_seed0
