Gym has been unmaintained since 2022 and does not support NumPy 2.0 amongst other critical functionality.
Please upgrade to Gymnasium, the maintained drop-in replacement of Gym, or contact the authors of your software and request that they upgrade.
Users of this version of Gym should be able to simply replace 'import gym' with 'import gymnasium as gym' in the vast majority of cases.
See the migration guide at https://gymnasium.farama.org/introduction/migration_guide/ for additional information.
[me_seed2] init : {'iteration': 0, 'evaluations': 256, 'qd_score': 103377.59375, 'coverage': 10.15625, 'max_fitness': 1046.32861328125, 'time_s': 10.429353952407837}
[me_seed2] {'iteration': 10, 'evaluations': 2816, 'qd_score': 381346.15625, 'coverage': 37.890625, 'max_fitness': 1062.4107666015625, 'time_s': 14.974307298660278}
[me_seed2] {'iteration': 20, 'evaluations': 5376, 'qd_score': 435327.46875, 'coverage': 42.96875, 'max_fitness': 1072.893798828125, 'time_s': 2.1715333461761475}
[me_seed2] {'iteration': 30, 'evaluations': 7936, 'qd_score': 461777.0625, 'coverage': 45.3125, 'max_fitness': 1072.893798828125, 'time_s': 2.170508623123169}
[me_seed2] {'iteration': 40, 'evaluations': 10496, 'qd_score': 487043.5625, 'coverage': 47.65625, 'max_fitness': 1077.818603515625, 'time_s': 2.1730306148529053}
[me_seed2] {'iteration': 50, 'evaluations': 13056, 'qd_score': 504861.875, 'coverage': 49.31640625, 'max_fitness': 1077.818603515625, 'time_s': 2.170652151107788}
[me_seed2] {'iteration': 60, 'evaluations': 15616, 'qd_score': 526161.25, 'coverage': 51.26953125, 'max_fitness': 1077.818603515625, 'time_s': 2.173619270324707}
[me_seed2] {'iteration': 70, 'evaluations': 18176, 'qd_score': 541012.875, 'coverage': 52.5390625, 'max_fitness': 1084.277587890625, 'time_s': 2.171064615249634}
[me_seed2] {'iteration': 80, 'evaluations': 20736, 'qd_score': 552439.875, 'coverage': 53.515625, 'max_fitness': 1087.624755859375, 'time_s': 2.1725199222564697}
[me_seed2] {'iteration': 90, 'evaluations': 23296, 'qd_score': 557739.375, 'coverage': 53.80859375, 'max_fitness': 1088.86669921875, 'time_s': 2.1702003479003906}
[me_seed2] {'iteration': 100, 'evaluations': 25856, 'qd_score': 568804.875, 'coverage': 54.8828125, 'max_fitness': 1095.408203125, 'time_s': 2.1729536056518555}
[me_seed2] {'iteration': 110, 'evaluations': 28416, 'qd_score': 576398.5625, 'coverage': 55.46875, 'max_fitness': 1095.408203125, 'time_s': 2.1742587089538574}
[me_seed2] {'iteration': 120, 'evaluations': 30976, 'qd_score': 581644.3125, 'coverage': 55.859375, 'max_fitness': 1095.408203125, 'time_s': 2.17547607421875}
[me_seed2] {'iteration': 130, 'evaluations': 33536, 'qd_score': 586380.875, 'coverage': 56.25, 'max_fitness': 1095.408203125, 'time_s': 2.1737918853759766}
[me_seed2] {'iteration': 140, 'evaluations': 36096, 'qd_score': 592748.0625, 'coverage': 56.8359375, 'max_fitness': 1097.1495361328125, 'time_s': 2.175913095474243}
[me_seed2] {'iteration': 150, 'evaluations': 38656, 'qd_score': 598407.6875, 'coverage': 57.2265625, 'max_fitness': 1097.1495361328125, 'time_s': 2.1736953258514404}
[me_seed2] {'iteration': 160, 'evaluations': 41216, 'qd_score': 605233.3125, 'coverage': 57.8125, 'max_fitness': 1113.736572265625, 'time_s': 2.1763460636138916}
[me_seed2] {'iteration': 170, 'evaluations': 43776, 'qd_score': 609854.125, 'coverage': 58.10546875, 'max_fitness': 1113.736572265625, 'time_s': 2.173893928527832}
[me_seed2] {'iteration': 180, 'evaluations': 46336, 'qd_score': 616948.375, 'coverage': 58.7890625, 'max_fitness': 1113.736572265625, 'time_s': 2.1763103008270264}
[me_seed2] {'iteration': 190, 'evaluations': 48896, 'qd_score': 620140.375, 'coverage': 59.08203125, 'max_fitness': 1113.736572265625, 'time_s': 2.173604726791382}
[me_seed2] {'iteration': 200, 'evaluations': 51456, 'qd_score': 625283.375, 'coverage': 59.5703125, 'max_fitness': 1113.736572265625, 'time_s': 2.175968885421753}
[me_seed2] {'iteration': 210, 'evaluations': 54016, 'qd_score': 630846.5, 'coverage': 60.05859375, 'max_fitness': 1113.736572265625, 'time_s': 2.1736643314361572}
[me_seed2] {'iteration': 220, 'evaluations': 56576, 'qd_score': 634239.875, 'coverage': 60.3515625, 'max_fitness': 1117.800537109375, 'time_s': 2.1757986545562744}
[me_seed2] {'iteration': 230, 'evaluations': 59136, 'qd_score': 638657.0625, 'coverage': 60.7421875, 'max_fitness': 1118.58056640625, 'time_s': 2.1739745140075684}
[me_seed2] {'iteration': 240, 'evaluations': 61696, 'qd_score': 641663.125, 'coverage': 60.9375, 'max_fitness': 1118.58056640625, 'time_s': 2.1761903762817383}
[me_seed2] {'iteration': 250, 'evaluations': 64256, 'qd_score': 646216.125, 'coverage': 61.23046875, 'max_fitness': 1119.984130859375, 'time_s': 2.1737353801727295}
[me_seed2] {'iteration': 260, 'evaluations': 66816, 'qd_score': 650301.1875, 'coverage': 61.62109375, 'max_fitness': 1125.27685546875, 'time_s': 2.1764605045318604}
[me_seed2] {'iteration': 270, 'evaluations': 69376, 'qd_score': 653028.5, 'coverage': 61.81640625, 'max_fitness': 1125.27685546875, 'time_s': 2.1743767261505127}
[me_seed2] {'iteration': 280, 'evaluations': 71936, 'qd_score': 658859.375, 'coverage': 62.3046875, 'max_fitness': 1125.27685546875, 'time_s': 2.1762733459472656}
[me_seed2] {'iteration': 290, 'evaluations': 74496, 'qd_score': 660462.875, 'coverage': 62.40234375, 'max_fitness': 1125.27685546875, 'time_s': 2.1746296882629395}
[me_seed2] {'iteration': 300, 'evaluations': 77056, 'qd_score': 663756.25, 'coverage': 62.59765625, 'max_fitness': 1125.27685546875, 'time_s': 2.1764018535614014}
[me_seed2] {'iteration': 310, 'evaluations': 79616, 'qd_score': 665442.8125, 'coverage': 62.6953125, 'max_fitness': 1125.27685546875, 'time_s': 2.173659086227417}
[me_seed2] {'iteration': 320, 'evaluations': 82176, 'qd_score': 666629.0, 'coverage': 62.6953125, 'max_fitness': 1132.252197265625, 'time_s': 2.1763341426849365}
[me_seed2] {'iteration': 330, 'evaluations': 84736, 'qd_score': 670857.8125, 'coverage': 62.98828125, 'max_fitness': 1132.252197265625, 'time_s': 2.1734111309051514}
[me_seed2] {'iteration': 340, 'evaluations': 87296, 'qd_score': 674474.875, 'coverage': 63.28125, 'max_fitness': 1132.252197265625, 'time_s': 2.1758127212524414}
[me_seed2] {'iteration': 350, 'evaluations': 89856, 'qd_score': 676886.75, 'coverage': 63.4765625, 'max_fitness': 1132.252197265625, 'time_s': 2.172837972640991}
[me_seed2] {'iteration': 360, 'evaluations': 92416, 'qd_score': 679635.625, 'coverage': 63.671875, 'max_fitness': 1132.252197265625, 'time_s': 2.1754555702209473}
[me_seed2] {'iteration': 370, 'evaluations': 94976, 'qd_score': 681326.375, 'coverage': 63.76953125, 'max_fitness': 1132.252197265625, 'time_s': 2.173172950744629}
[me_seed2] {'iteration': 380, 'evaluations': 97536, 'qd_score': 682067.5625, 'coverage': 63.76953125, 'max_fitness': 1134.243408203125, 'time_s': 2.175801992416382}
[me_seed2] {'iteration': 390, 'evaluations': 100096, 'qd_score': 683926.625, 'coverage': 63.8671875, 'max_fitness': 1134.243408203125, 'time_s': 2.1735076904296875}
[me_seed2] {'iteration': 400, 'evaluations': 102656, 'qd_score': 684459.375, 'coverage': 63.8671875, 'max_fitness': 1134.243408203125, 'time_s': 2.1757431030273438}
[me_seed2] {'iteration': 410, 'evaluations': 105216, 'qd_score': 686191.25, 'coverage': 63.96484375, 'max_fitness': 1134.243408203125, 'time_s': 2.173060178756714}
[me_seed2] {'iteration': 420, 'evaluations': 107776, 'qd_score': 688442.0625, 'coverage': 64.16015625, 'max_fitness': 1134.243408203125, 'time_s': 2.175535202026367}
[me_seed2] {'iteration': 430, 'evaluations': 110336, 'qd_score': 689115.5, 'coverage': 64.16015625, 'max_fitness': 1134.243408203125, 'time_s': 2.1744086742401123}
[me_seed2] {'iteration': 440, 'evaluations': 112896, 'qd_score': 690803.25, 'coverage': 64.2578125, 'max_fitness': 1136.691162109375, 'time_s': 2.175589084625244}
[me_seed2] {'iteration': 450, 'evaluations': 115456, 'qd_score': 691197.5625, 'coverage': 64.2578125, 'max_fitness': 1136.691162109375, 'time_s': 2.173253059387207}
[me_seed2] {'iteration': 460, 'evaluations': 118016, 'qd_score': 694145.5, 'coverage': 64.453125, 'max_fitness': 1136.691162109375, 'time_s': 2.1761677265167236}
[me_seed2] {'iteration': 470, 'evaluations': 120576, 'qd_score': 694860.4375, 'coverage': 64.453125, 'max_fitness': 1136.691162109375, 'time_s': 2.173753261566162}
[me_seed2] {'iteration': 480, 'evaluations': 123136, 'qd_score': 697515.5, 'coverage': 64.6484375, 'max_fitness': 1146.7735595703125, 'time_s': 2.175781011581421}
[me_seed2] {'iteration': 490, 'evaluations': 125696, 'qd_score': 699084.875, 'coverage': 64.84375, 'max_fitness': 1146.7735595703125, 'time_s': 2.174203395843506}
[me_seed2] {'iteration': 500, 'evaluations': 128256, 'qd_score': 700350.8125, 'coverage': 64.84375, 'max_fitness': 1146.7735595703125, 'time_s': 2.1761927604675293}
[me_seed2] {'iteration': 510, 'evaluations': 130816, 'qd_score': 701891.5, 'coverage': 64.94140625, 'max_fitness': 1146.7735595703125, 'time_s': 2.1736340522766113}
[me_seed2] {'iteration': 520, 'evaluations': 133376, 'qd_score': 703585.125, 'coverage': 65.0390625, 'max_fitness': 1146.7735595703125, 'time_s': 2.1760153770446777}
[me_seed2] {'iteration': 530, 'evaluations': 135936, 'qd_score': 706868.3125, 'coverage': 65.33203125, 'max_fitness': 1151.8463134765625, 'time_s': 2.172861099243164}
[me_seed2] {'iteration': 540, 'evaluations': 138496, 'qd_score': 708149.25, 'coverage': 65.4296875, 'max_fitness': 1151.8463134765625, 'time_s': 2.17529296875}
[me_seed2] {'iteration': 550, 'evaluations': 141056, 'qd_score': 708667.625, 'coverage': 65.4296875, 'max_fitness': 1161.867919921875, 'time_s': 2.173367977142334}
[me_seed2] {'iteration': 560, 'evaluations': 143616, 'qd_score': 709024.1875, 'coverage': 65.4296875, 'max_fitness': 1161.867919921875, 'time_s': 2.1752567291259766}
[me_seed2] {'iteration': 570, 'evaluations': 146176, 'qd_score': 709588.0625, 'coverage': 65.4296875, 'max_fitness': 1161.867919921875, 'time_s': 2.173633098602295}
[me_seed2] {'iteration': 580, 'evaluations': 148736, 'qd_score': 711054.125, 'coverage': 65.52734375, 'max_fitness': 1161.867919921875, 'time_s': 2.1759727001190186}
[me_seed2] {'iteration': 590, 'evaluations': 151296, 'qd_score': 713464.0, 'coverage': 65.72265625, 'max_fitness': 1161.867919921875, 'time_s': 2.1732521057128906}
[me_seed2] {'iteration': 600, 'evaluations': 153856, 'qd_score': 714568.875, 'coverage': 65.8203125, 'max_fitness': 1161.867919921875, 'time_s': 2.175550699234009}
[me_seed2] {'iteration': 610, 'evaluations': 156416, 'qd_score': 714908.9375, 'coverage': 65.8203125, 'max_fitness': 1161.867919921875, 'time_s': 2.1728508472442627}
[me_seed2] {'iteration': 620, 'evaluations': 158976, 'qd_score': 717118.875, 'coverage': 66.015625, 'max_fitness': 1161.867919921875, 'time_s': 2.176100254058838}
[me_seed2] {'iteration': 630, 'evaluations': 161536, 'qd_score': 718385.0, 'coverage': 66.11328125, 'max_fitness': 1161.867919921875, 'time_s': 2.1736650466918945}
[me_seed2] {'iteration': 640, 'evaluations': 164096, 'qd_score': 719725.25, 'coverage': 66.2109375, 'max_fitness': 1161.867919921875, 'time_s': 2.1759862899780273}
[me_seed2] {'iteration': 650, 'evaluations': 166656, 'qd_score': 721891.375, 'coverage': 66.40625, 'max_fitness': 1161.867919921875, 'time_s': 2.17311429977417}
[me_seed2] {'iteration': 660, 'evaluations': 169216, 'qd_score': 722248.0, 'coverage': 66.40625, 'max_fitness': 1161.867919921875, 'time_s': 2.176347017288208}
[me_seed2] {'iteration': 670, 'evaluations': 171776, 'qd_score': 723576.75, 'coverage': 66.50390625, 'max_fitness': 1164.81982421875, 'time_s': 2.1738500595092773}
[me_seed2] {'iteration': 680, 'evaluations': 174336, 'qd_score': 725094.9375, 'coverage': 66.6015625, 'max_fitness': 1164.81982421875, 'time_s': 2.1767473220825195}
[me_seed2] {'iteration': 690, 'evaluations': 176896, 'qd_score': 727549.75, 'coverage': 66.796875, 'max_fitness': 1164.81982421875, 'time_s': 2.17865252494812}
[me_seed2] {'iteration': 700, 'evaluations': 179456, 'qd_score': 729045.0, 'coverage': 66.89453125, 'max_fitness': 1164.81982421875, 'time_s': 2.179274320602417}
[me_seed2] {'iteration': 710, 'evaluations': 182016, 'qd_score': 729232.875, 'coverage': 66.89453125, 'max_fitness': 1164.81982421875, 'time_s': 2.1739182472229004}
[me_seed2] {'iteration': 720, 'evaluations': 184576, 'qd_score': 731567.9375, 'coverage': 67.08984375, 'max_fitness': 1169.2838134765625, 'time_s': 2.1762619018554688}
[me_seed2] {'iteration': 730, 'evaluations': 187136, 'qd_score': 732846.25, 'coverage': 67.1875, 'max_fitness': 1169.2838134765625, 'time_s': 2.1746275424957275}
[me_seed2] {'iteration': 740, 'evaluations': 189696, 'qd_score': 733004.5, 'coverage': 67.1875, 'max_fitness': 1169.2838134765625, 'time_s': 2.1765360832214355}
[me_seed2] {'iteration': 750, 'evaluations': 192256, 'qd_score': 733613.5, 'coverage': 67.1875, 'max_fitness': 1169.2838134765625, 'time_s': 2.1743688583374023}
[me_seed2] {'iteration': 760, 'evaluations': 194816, 'qd_score': 736091.8125, 'coverage': 67.3828125, 'max_fitness': 1171.509521484375, 'time_s': 2.1774895191192627}
[me_seed2] {'iteration': 770, 'evaluations': 197376, 'qd_score': 737280.625, 'coverage': 67.48046875, 'max_fitness': 1171.509521484375, 'time_s': 2.1741716861724854}
[me_seed2] {'iteration': 780, 'evaluations': 199936, 'qd_score': 738622.5, 'coverage': 67.578125, 'max_fitness': 1171.509521484375, 'time_s': 2.177262783050537}
[me_seed2] {'iteration': 790, 'evaluations': 202496, 'qd_score': 741848.125, 'coverage': 67.87109375, 'max_fitness': 1173.755615234375, 'time_s': 2.1737821102142334}
[me_seed2] {'iteration': 800, 'evaluations': 205056, 'qd_score': 742030.625, 'coverage': 67.87109375, 'max_fitness': 1173.755615234375, 'time_s': 2.1763014793395996}
[me_seed2] {'iteration': 810, 'evaluations': 207616, 'qd_score': 742259.375, 'coverage': 67.87109375, 'max_fitness': 1173.755615234375, 'time_s': 2.1748311519622803}
[me_seed2] {'iteration': 820, 'evaluations': 210176, 'qd_score': 742537.375, 'coverage': 67.87109375, 'max_fitness': 1181.148681640625, 'time_s': 2.1769306659698486}
[me_seed2] {'iteration': 830, 'evaluations': 212736, 'qd_score': 745043.625, 'coverage': 68.06640625, 'max_fitness': 1181.148681640625, 'time_s': 2.173680067062378}
[me_seed2] {'iteration': 840, 'evaluations': 215296, 'qd_score': 745293.875, 'coverage': 68.06640625, 'max_fitness': 1181.148681640625, 'time_s': 2.176663398742676}
[me_seed2] {'iteration': 850, 'evaluations': 217856, 'qd_score': 746340.75, 'coverage': 68.1640625, 'max_fitness': 1181.148681640625, 'time_s': 2.173734664916992}
[me_seed2] {'iteration': 860, 'evaluations': 220416, 'qd_score': 747687.875, 'coverage': 68.26171875, 'max_fitness': 1181.148681640625, 'time_s': 2.1762161254882812}
[me_seed2] {'iteration': 870, 'evaluations': 222976, 'qd_score': 747949.8125, 'coverage': 68.26171875, 'max_fitness': 1181.148681640625, 'time_s': 2.1735856533050537}
[me_seed2] {'iteration': 880, 'evaluations': 225536, 'qd_score': 748325.0, 'coverage': 68.26171875, 'max_fitness': 1181.148681640625, 'time_s': 2.175816774368286}
[me_seed2] {'iteration': 890, 'evaluations': 228096, 'qd_score': 749590.375, 'coverage': 68.359375, 'max_fitness': 1181.148681640625, 'time_s': 2.174755334854126}
[me_seed2] {'iteration': 900, 'evaluations': 230656, 'qd_score': 751975.875, 'coverage': 68.5546875, 'max_fitness': 1181.148681640625, 'time_s': 2.17661452293396}
[me_seed2] {'iteration': 910, 'evaluations': 233216, 'qd_score': 752248.75, 'coverage': 68.5546875, 'max_fitness': 1183.375732421875, 'time_s': 2.1746206283569336}
[me_seed2] {'iteration': 920, 'evaluations': 235776, 'qd_score': 752501.4375, 'coverage': 68.5546875, 'max_fitness': 1183.375732421875, 'time_s': 2.176647901535034}
[me_seed2] {'iteration': 930, 'evaluations': 238336, 'qd_score': 752906.625, 'coverage': 68.5546875, 'max_fitness': 1183.375732421875, 'time_s': 2.174842357635498}
[me_seed2] {'iteration': 940, 'evaluations': 240896, 'qd_score': 754297.75, 'coverage': 68.65234375, 'max_fitness': 1183.375732421875, 'time_s': 2.173797607421875}
[me_seed2] {'iteration': 950, 'evaluations': 243456, 'qd_score': 754575.0625, 'coverage': 68.65234375, 'max_fitness': 1183.375732421875, 'time_s': 2.1711041927337646}
[me_seed2] {'iteration': 960, 'evaluations': 246016, 'qd_score': 754773.4375, 'coverage': 68.65234375, 'max_fitness': 1183.375732421875, 'time_s': 2.1746532917022705}
[me_seed2] {'iteration': 970, 'evaluations': 248576, 'qd_score': 755024.4375, 'coverage': 68.65234375, 'max_fitness': 1184.086669921875, 'time_s': 2.1718926429748535}
[me_seed2] {'iteration': 980, 'evaluations': 251136, 'qd_score': 755313.875, 'coverage': 68.65234375, 'max_fitness': 1184.086669921875, 'time_s': 2.1738522052764893}
[me_seed2] {'iteration': 990, 'evaluations': 253696, 'qd_score': 756573.8125, 'coverage': 68.75, 'max_fitness': 1184.086669921875, 'time_s': 2.172346591949463}
[me_seed2] {'iteration': 1000, 'evaluations': 256256, 'qd_score': 757927.375, 'coverage': 68.84765625, 'max_fitness': 1201.342041015625, 'time_s': 2.1733603477478027}
[me_seed2] {'iteration': 1010, 'evaluations': 258816, 'qd_score': 759437.25, 'coverage': 68.9453125, 'max_fitness': 1201.342041015625, 'time_s': 2.170881509780884}
[me_seed2] {'iteration': 1020, 'evaluations': 261376, 'qd_score': 759664.875, 'coverage': 68.9453125, 'max_fitness': 1201.342041015625, 'time_s': 2.173729419708252}
[me_seed2] {'iteration': 1030, 'evaluations': 263936, 'qd_score': 760756.0, 'coverage': 69.04296875, 'max_fitness': 1201.342041015625, 'time_s': 2.171130418777466}
[me_seed2] {'iteration': 1040, 'evaluations': 266496, 'qd_score': 761069.0, 'coverage': 69.04296875, 'max_fitness': 1201.342041015625, 'time_s': 2.1739048957824707}
[me_seed2] {'iteration': 1050, 'evaluations': 269056, 'qd_score': 761252.75, 'coverage': 69.04296875, 'max_fitness': 1201.342041015625, 'time_s': 2.1705503463745117}
[me_seed2] {'iteration': 1060, 'evaluations': 271616, 'qd_score': 761452.0625, 'coverage': 69.04296875, 'max_fitness': 1201.342041015625, 'time_s': 2.1734368801116943}
[me_seed2] {'iteration': 1070, 'evaluations': 274176, 'qd_score': 761818.5625, 'coverage': 69.04296875, 'max_fitness': 1201.342041015625, 'time_s': 2.1706929206848145}
[me_seed2] {'iteration': 1080, 'evaluations': 276736, 'qd_score': 762062.25, 'coverage': 69.04296875, 'max_fitness': 1201.342041015625, 'time_s': 2.173222303390503}
[me_seed2] {'iteration': 1090, 'evaluations': 279296, 'qd_score': 763054.8125, 'coverage': 69.140625, 'max_fitness': 1201.342041015625, 'time_s': 2.1706743240356445}
[me_seed2] {'iteration': 1100, 'evaluations': 281856, 'qd_score': 765116.375, 'coverage': 69.23828125, 'max_fitness': 1201.342041015625, 'time_s': 2.1734697818756104}
[me_seed2] {'iteration': 1110, 'evaluations': 284416, 'qd_score': 767199.5, 'coverage': 69.43359375, 'max_fitness': 1201.342041015625, 'time_s': 2.1710562705993652}
[me_seed2] {'iteration': 1120, 'evaluations': 286976, 'qd_score': 767331.625, 'coverage': 69.43359375, 'max_fitness': 1201.342041015625, 'time_s': 2.1738593578338623}
[me_seed2] {'iteration': 1130, 'evaluations': 289536, 'qd_score': 767565.375, 'coverage': 69.43359375, 'max_fitness': 1201.342041015625, 'time_s': 2.1707825660705566}
[me_seed2] {'iteration': 1140, 'evaluations': 292096, 'qd_score': 767722.125, 'coverage': 69.43359375, 'max_fitness': 1201.342041015625, 'time_s': 2.1743690967559814}
[me_seed2] {'iteration': 1150, 'evaluations': 294656, 'qd_score': 767872.5, 'coverage': 69.43359375, 'max_fitness': 1201.342041015625, 'time_s': 2.1715850830078125}
[me_seed2] {'iteration': 1160, 'evaluations': 297216, 'qd_score': 770083.75, 'coverage': 69.62890625, 'max_fitness': 1201.342041015625, 'time_s': 2.1735239028930664}
[me_seed2] {'iteration': 1170, 'evaluations': 299776, 'qd_score': 770346.5, 'coverage': 69.62890625, 'max_fitness': 1201.342041015625, 'time_s': 2.1707980632781982}
[me_seed2] {'iteration': 1180, 'evaluations': 302336, 'qd_score': 771643.6875, 'coverage': 69.7265625, 'max_fitness': 1206.98876953125, 'time_s': 2.1731200218200684}
[me_seed2] {'iteration': 1190, 'evaluations': 304896, 'qd_score': 772117.875, 'coverage': 69.82421875, 'max_fitness': 1217.6964111328125, 'time_s': 2.1710007190704346}
[me_seed2] {'iteration': 1200, 'evaluations': 307456, 'qd_score': 772256.75, 'coverage': 69.82421875, 'max_fitness': 1217.6964111328125, 'time_s': 2.173356533050537}
[me_seed2] {'iteration': 1210, 'evaluations': 310016, 'qd_score': 772727.125, 'coverage': 69.921875, 'max_fitness': 1217.6964111328125, 'time_s': 2.171393871307373}
[me_seed2] {'iteration': 1220, 'evaluations': 312576, 'qd_score': 772874.4375, 'coverage': 69.921875, 'max_fitness': 1217.6964111328125, 'time_s': 2.1736257076263428}
[me_seed2] {'iteration': 1230, 'evaluations': 315136, 'qd_score': 774161.25, 'coverage': 70.01953125, 'max_fitness': 1217.6964111328125, 'time_s': 2.170442581176758}
[me_seed2] {'iteration': 1240, 'evaluations': 317696, 'qd_score': 775014.25, 'coverage': 70.1171875, 'max_fitness': 1217.6964111328125, 'time_s': 2.1737959384918213}
[me_seed2] {'iteration': 1250, 'evaluations': 320256, 'qd_score': 776115.875, 'coverage': 70.1171875, 'max_fitness': 1217.6964111328125, 'time_s': 2.1709020137786865}
[me_seed2] {'iteration': 1260, 'evaluations': 322816, 'qd_score': 776259.625, 'coverage': 70.1171875, 'max_fitness': 1217.6964111328125, 'time_s': 2.1744649410247803}
[me_seed2] {'iteration': 1270, 'evaluations': 325376, 'qd_score': 776364.25, 'coverage': 70.1171875, 'max_fitness': 1217.6964111328125, 'time_s': 2.171769142150879}
[me_seed2] {'iteration': 1280, 'evaluations': 327936, 'qd_score': 776464.0, 'coverage': 70.1171875, 'max_fitness': 1217.6964111328125, 'time_s': 2.173933267593384}
[me_seed2] {'iteration': 1290, 'evaluations': 330496, 'qd_score': 777678.5, 'coverage': 70.21484375, 'max_fitness': 1217.6964111328125, 'time_s': 2.1707417964935303}
[me_seed2] {'iteration': 1300, 'evaluations': 333056, 'qd_score': 778923.5, 'coverage': 70.3125, 'max_fitness': 1217.6964111328125, 'time_s': 2.173386812210083}
[me_seed2] {'iteration': 1310, 'evaluations': 335616, 'qd_score': 779160.625, 'coverage': 70.3125, 'max_fitness': 1217.6964111328125, 'time_s': 2.1709554195404053}
[me_seed2] {'iteration': 1320, 'evaluations': 338176, 'qd_score': 779421.25, 'coverage': 70.3125, 'max_fitness': 1217.6964111328125, 'time_s': 2.1734607219696045}
[me_seed2] {'iteration': 1330, 'evaluations': 340736, 'qd_score': 779556.5625, 'coverage': 70.3125, 'max_fitness': 1217.6964111328125, 'time_s': 2.1707797050476074}
[me_seed2] {'iteration': 1340, 'evaluations': 343296, 'qd_score': 779872.9375, 'coverage': 70.3125, 'max_fitness': 1217.6964111328125, 'time_s': 2.1727778911590576}
[me_seed2] {'iteration': 1350, 'evaluations': 345856, 'qd_score': 781184.125, 'coverage': 70.41015625, 'max_fitness': 1248.9400634765625, 'time_s': 2.170914649963379}
[me_seed2] {'iteration': 1360, 'evaluations': 348416, 'qd_score': 781355.0, 'coverage': 70.41015625, 'max_fitness': 1248.9400634765625, 'time_s': 2.173931121826172}
[me_seed2] {'iteration': 1370, 'evaluations': 350976, 'qd_score': 781557.5, 'coverage': 70.41015625, 'max_fitness': 1248.9400634765625, 'time_s': 2.172004461288452}
[me_seed2] {'iteration': 1380, 'evaluations': 353536, 'qd_score': 783557.875, 'coverage': 70.60546875, 'max_fitness': 1248.9400634765625, 'time_s': 2.1752336025238037}
[me_seed2] {'iteration': 1390, 'evaluations': 356096, 'qd_score': 783899.125, 'coverage': 70.60546875, 'max_fitness': 1248.9400634765625, 'time_s': 2.1719677448272705}
[me_seed2] {'iteration': 1400, 'evaluations': 358656, 'qd_score': 784309.625, 'coverage': 70.60546875, 'max_fitness': 1248.9400634765625, 'time_s': 2.1748061180114746}
[me_seed2] {'iteration': 1410, 'evaluations': 361216, 'qd_score': 784464.5, 'coverage': 70.60546875, 'max_fitness': 1248.9400634765625, 'time_s': 2.171503782272339}
[me_seed2] {'iteration': 1420, 'evaluations': 363776, 'qd_score': 784667.625, 'coverage': 70.60546875, 'max_fitness': 1248.9400634765625, 'time_s': 2.1740832328796387}
[me_seed2] {'iteration': 1430, 'evaluations': 366336, 'qd_score': 786001.5625, 'coverage': 70.703125, 'max_fitness': 1248.9400634765625, 'time_s': 2.1711554527282715}
[me_seed2] {'iteration': 1440, 'evaluations': 368896, 'qd_score': 786190.625, 'coverage': 70.703125, 'max_fitness': 1248.9400634765625, 'time_s': 2.1744086742401123}
[me_seed2] {'iteration': 1450, 'evaluations': 371456, 'qd_score': 786340.625, 'coverage': 70.703125, 'max_fitness': 1248.9400634765625, 'time_s': 2.1716654300689697}
[me_seed2] {'iteration': 1460, 'evaluations': 374016, 'qd_score': 786564.5625, 'coverage': 70.703125, 'max_fitness': 1248.9400634765625, 'time_s': 2.17380428314209}
[me_seed2] {'iteration': 1470, 'evaluations': 376576, 'qd_score': 787540.625, 'coverage': 70.80078125, 'max_fitness': 1248.9400634765625, 'time_s': 2.171337127685547}
[me_seed2] {'iteration': 1480, 'evaluations': 379136, 'qd_score': 788047.5, 'coverage': 70.80078125, 'max_fitness': 1248.9400634765625, 'time_s': 2.1747560501098633}
[me_seed2] {'iteration': 1490, 'evaluations': 381696, 'qd_score': 790260.375, 'coverage': 70.99609375, 'max_fitness': 1248.9400634765625, 'time_s': 2.171722173690796}
[me_seed2] {'iteration': 1500, 'evaluations': 384256, 'qd_score': 790470.0, 'coverage': 70.99609375, 'max_fitness': 1248.9400634765625, 'time_s': 2.1739182472229004}
[me_seed2] {'iteration': 1510, 'evaluations': 386816, 'qd_score': 790846.875, 'coverage': 70.99609375, 'max_fitness': 1248.9400634765625, 'time_s': 2.173412799835205}
[me_seed2] {'iteration': 1520, 'evaluations': 389376, 'qd_score': 791156.875, 'coverage': 70.99609375, 'max_fitness': 1248.9400634765625, 'time_s': 2.1744799613952637}
[me_seed2] {'iteration': 1530, 'evaluations': 391936, 'qd_score': 791305.0, 'coverage': 70.99609375, 'max_fitness': 1248.9400634765625, 'time_s': 2.17179274559021}
[me_seed2] {'iteration': 1540, 'evaluations': 394496, 'qd_score': 792515.3125, 'coverage': 71.09375, 'max_fitness': 1248.9400634765625, 'time_s': 2.1743502616882324}
[me_seed2] {'iteration': 1550, 'evaluations': 397056, 'qd_score': 792590.0, 'coverage': 71.09375, 'max_fitness': 1248.9400634765625, 'time_s': 2.17167067527771}
[me_seed2] {'iteration': 1560, 'evaluations': 399616, 'qd_score': 792735.125, 'coverage': 71.09375, 'max_fitness': 1248.9400634765625, 'time_s': 2.1745479106903076}
[me_seed2] {'iteration': 1570, 'evaluations': 402176, 'qd_score': 793056.25, 'coverage': 71.09375, 'max_fitness': 1252.9193115234375, 'time_s': 2.171088933944702}
[me_seed2] {'iteration': 1580, 'evaluations': 404736, 'qd_score': 793328.4375, 'coverage': 71.09375, 'max_fitness': 1252.9193115234375, 'time_s': 2.173962354660034}
[me_seed2] {'iteration': 1590, 'evaluations': 407296, 'qd_score': 794434.6875, 'coverage': 71.19140625, 'max_fitness': 1252.9193115234375, 'time_s': 2.1712327003479004}
[me_seed2] {'iteration': 1600, 'evaluations': 409856, 'qd_score': 794730.5, 'coverage': 71.19140625, 'max_fitness': 1252.9193115234375, 'time_s': 2.1736743450164795}
[me_seed2] {'iteration': 1610, 'evaluations': 412416, 'qd_score': 796094.1875, 'coverage': 71.2890625, 'max_fitness': 1255.03173828125, 'time_s': 2.171520709991455}
[me_seed2] {'iteration': 1620, 'evaluations': 414976, 'qd_score': 796216.25, 'coverage': 71.2890625, 'max_fitness': 1255.03173828125, 'time_s': 2.173610210418701}
[me_seed2] {'iteration': 1630, 'evaluations': 417536, 'qd_score': 796363.0, 'coverage': 71.2890625, 'max_fitness': 1255.03173828125, 'time_s': 2.1712520122528076}
[me_seed2] {'iteration': 1640, 'evaluations': 420096, 'qd_score': 796608.25, 'coverage': 71.2890625, 'max_fitness': 1267.850341796875, 'time_s': 2.1740148067474365}
[me_seed2] {'iteration': 1650, 'evaluations': 422656, 'qd_score': 798049.75, 'coverage': 71.38671875, 'max_fitness': 1267.850341796875, 'time_s': 2.1713287830352783}
[me_seed2] {'iteration': 1660, 'evaluations': 425216, 'qd_score': 798103.75, 'coverage': 71.38671875, 'max_fitness': 1267.850341796875, 'time_s': 2.1738948822021484}
[me_seed2] {'iteration': 1670, 'evaluations': 427776, 'qd_score': 798369.25, 'coverage': 71.38671875, 'max_fitness': 1268.03662109375, 'time_s': 2.1711063385009766}
[me_seed2] {'iteration': 1680, 'evaluations': 430336, 'qd_score': 799730.1875, 'coverage': 71.484375, 'max_fitness': 1268.03662109375, 'time_s': 2.1739344596862793}
[me_seed2] {'iteration': 1690, 'evaluations': 432896, 'qd_score': 800901.1875, 'coverage': 71.6796875, 'max_fitness': 1268.03662109375, 'time_s': 2.171457529067993}
[me_seed2] {'iteration': 1700, 'evaluations': 435456, 'qd_score': 801125.1875, 'coverage': 71.6796875, 'max_fitness': 1268.03662109375, 'time_s': 2.174405574798584}
[me_seed2] {'iteration': 1710, 'evaluations': 438016, 'qd_score': 801171.0, 'coverage': 71.6796875, 'max_fitness': 1268.03662109375, 'time_s': 2.171828031539917}
[me_seed2] {'iteration': 1720, 'evaluations': 440576, 'qd_score': 801254.5, 'coverage': 71.6796875, 'max_fitness': 1268.03662109375, 'time_s': 2.174271583557129}
[me_seed2] {'iteration': 1730, 'evaluations': 443136, 'qd_score': 801824.25, 'coverage': 71.6796875, 'max_fitness': 1271.72021484375, 'time_s': 2.1713128089904785}
[me_seed2] {'iteration': 1740, 'evaluations': 445696, 'qd_score': 802667.4375, 'coverage': 71.6796875, 'max_fitness': 1271.72021484375, 'time_s': 2.174623489379883}
[me_seed2] {'iteration': 1750, 'evaluations': 448256, 'qd_score': 802925.625, 'coverage': 71.6796875, 'max_fitness': 1271.72021484375, 'time_s': 2.171142578125}
[me_seed2] {'iteration': 1760, 'evaluations': 450816, 'qd_score': 803072.875, 'coverage': 71.6796875, 'max_fitness': 1271.72021484375, 'time_s': 2.174362897872925}
[me_seed2] {'iteration': 1770, 'evaluations': 453376, 'qd_score': 803317.8125, 'coverage': 71.6796875, 'max_fitness': 1271.72021484375, 'time_s': 2.171879768371582}
[me_seed2] {'iteration': 1780, 'evaluations': 455936, 'qd_score': 803488.125, 'coverage': 71.6796875, 'max_fitness': 1271.72021484375, 'time_s': 2.1740469932556152}
[me_seed2] {'iteration': 1790, 'evaluations': 458496, 'qd_score': 804662.5, 'coverage': 71.77734375, 'max_fitness': 1271.72021484375, 'time_s': 2.170853614807129}
[me_seed2] {'iteration': 1800, 'evaluations': 461056, 'qd_score': 804888.125, 'coverage': 71.77734375, 'max_fitness': 1271.72021484375, 'time_s': 2.174588680267334}
[me_seed2] {'iteration': 1810, 'evaluations': 463616, 'qd_score': 806216.9375, 'coverage': 71.875, 'max_fitness': 1271.72021484375, 'time_s': 2.1717615127563477}
[me_seed2] {'iteration': 1820, 'evaluations': 466176, 'qd_score': 806324.4375, 'coverage': 71.875, 'max_fitness': 1271.72021484375, 'time_s': 2.173753261566162}
[me_seed2] {'iteration': 1830, 'evaluations': 468736, 'qd_score': 806556.375, 'coverage': 71.875, 'max_fitness': 1271.72021484375, 'time_s': 2.1706149578094482}
[me_seed2] {'iteration': 1840, 'evaluations': 471296, 'qd_score': 807857.8125, 'coverage': 71.97265625, 'max_fitness': 1271.72021484375, 'time_s': 2.173309087753296}
[me_seed2] {'iteration': 1850, 'evaluations': 473856, 'qd_score': 809210.75, 'coverage': 72.0703125, 'max_fitness': 1271.72021484375, 'time_s': 2.1724298000335693}
[me_seed2] {'iteration': 1860, 'evaluations': 476416, 'qd_score': 810377.125, 'coverage': 72.16796875, 'max_fitness': 1271.72021484375, 'time_s': 2.1746604442596436}
[me_seed2] {'iteration': 1870, 'evaluations': 478976, 'qd_score': 810639.125, 'coverage': 72.16796875, 'max_fitness': 1271.72021484375, 'time_s': 2.172555685043335}
[me_seed2] {'iteration': 1880, 'evaluations': 481536, 'qd_score': 810816.125, 'coverage': 72.16796875, 'max_fitness': 1271.72021484375, 'time_s': 2.174184560775757}
[me_seed2] {'iteration': 1890, 'evaluations': 484096, 'qd_score': 810911.0, 'coverage': 72.16796875, 'max_fitness': 1273.4405517578125, 'time_s': 2.171083688735962}
[me_seed2] {'iteration': 1900, 'evaluations': 486656, 'qd_score': 811111.5, 'coverage': 72.16796875, 'max_fitness': 1273.4405517578125, 'time_s': 2.173485279083252}
[me_seed2] {'iteration': 1910, 'evaluations': 489216, 'qd_score': 811302.625, 'coverage': 72.16796875, 'max_fitness': 1273.4405517578125, 'time_s': 2.1709132194519043}
[me_seed2] {'iteration': 1920, 'evaluations': 491776, 'qd_score': 811389.0, 'coverage': 72.16796875, 'max_fitness': 1273.4405517578125, 'time_s': 2.174001455307007}
[me_seed2] {'iteration': 1930, 'evaluations': 494336, 'qd_score': 811729.0, 'coverage': 72.16796875, 'max_fitness': 1273.4405517578125, 'time_s': 2.171194314956665}
[me_seed2] {'iteration': 1940, 'evaluations': 496896, 'qd_score': 811825.9375, 'coverage': 72.16796875, 'max_fitness': 1273.4405517578125, 'time_s': 2.1743834018707275}
[me_seed2] {'iteration': 1950, 'evaluations': 499456, 'qd_score': 811995.875, 'coverage': 72.16796875, 'max_fitness': 1293.704833984375, 'time_s': 2.1717793941497803}
[me_seed2] {'iteration': 1960, 'evaluations': 502016, 'qd_score': 812096.25, 'coverage': 72.16796875, 'max_fitness': 1293.704833984375, 'time_s': 2.173440456390381}
[me_seed2] {'iteration': 1970, 'evaluations': 504576, 'qd_score': 812222.375, 'coverage': 72.16796875, 'max_fitness': 1293.704833984375, 'time_s': 2.1716156005859375}
[me_seed2] {'iteration': 1980, 'evaluations': 507136, 'qd_score': 813450.25, 'coverage': 72.265625, 'max_fitness': 1293.704833984375, 'time_s': 2.1738176345825195}
[me_seed2] {'iteration': 1990, 'evaluations': 509696, 'qd_score': 813573.625, 'coverage': 72.265625, 'max_fitness': 1293.704833984375, 'time_s': 2.1724488735198975}
[me_seed2] {'iteration': 2000, 'evaluations': 512256, 'qd_score': 813674.5, 'coverage': 72.265625, 'max_fitness': 1293.704833984375, 'time_s': 2.1738452911376953}
fatal: not a git repository (or any parent up to mount point /kaggle)
Stopping at filesystem boundary (GIT_DISCOVERY_ACROSS_FILESYSTEM not set).
[me_seed2] terminé en 460 s -> /kaggle/working/outputs/me_seed2
