Gym has been unmaintained since 2022 and does not support NumPy 2.0 amongst other critical functionality.
Please upgrade to Gymnasium, the maintained drop-in replacement of Gym, or contact the authors of your software and request that they upgrade.
Users of this version of Gym should be able to simply replace 'import gym' with 'import gymnasium as gym' in the vast majority of cases.
See the migration guide at https://gymnasium.farama.org/introduction/migration_guide/ for additional information.
[me_seed1] init : {'iteration': 0, 'evaluations': 256, 'qd_score': 103814.296875, 'coverage': 10.25390625, 'max_fitness': 1080.63134765625, 'time_s': 11.157944679260254}
[me_seed1] {'iteration': 10, 'evaluations': 2816, 'qd_score': 390638.1875, 'coverage': 38.671875, 'max_fitness': 1080.63134765625, 'time_s': 15.875035047531128}
[me_seed1] {'iteration': 20, 'evaluations': 5376, 'qd_score': 458031.15625, 'coverage': 45.21484375, 'max_fitness': 1080.63134765625, 'time_s': 2.169515609741211}
[me_seed1] {'iteration': 30, 'evaluations': 7936, 'qd_score': 490840.625, 'coverage': 48.14453125, 'max_fitness': 1083.4482421875, 'time_s': 2.169646739959717}
[me_seed1] {'iteration': 40, 'evaluations': 10496, 'qd_score': 516107.5, 'coverage': 50.390625, 'max_fitness': 1091.52978515625, 'time_s': 2.1713311672210693}
[me_seed1] {'iteration': 50, 'evaluations': 13056, 'qd_score': 528803.75, 'coverage': 51.3671875, 'max_fitness': 1091.52978515625, 'time_s': 2.1688740253448486}
[me_seed1] {'iteration': 60, 'evaluations': 15616, 'qd_score': 538314.625, 'coverage': 52.24609375, 'max_fitness': 1091.52978515625, 'time_s': 2.1706504821777344}
[me_seed1] {'iteration': 70, 'evaluations': 18176, 'qd_score': 548311.375, 'coverage': 52.9296875, 'max_fitness': 1091.52978515625, 'time_s': 2.168332815170288}
[me_seed1] {'iteration': 80, 'evaluations': 20736, 'qd_score': 556426.5625, 'coverage': 53.61328125, 'max_fitness': 1110.55712890625, 'time_s': 2.1705849170684814}
[me_seed1] {'iteration': 90, 'evaluations': 23296, 'qd_score': 564667.75, 'coverage': 54.296875, 'max_fitness': 1110.55712890625, 'time_s': 2.168600082397461}
[me_seed1] {'iteration': 100, 'evaluations': 25856, 'qd_score': 571786.125, 'coverage': 54.98046875, 'max_fitness': 1110.55712890625, 'time_s': 2.1719226837158203}
[me_seed1] {'iteration': 110, 'evaluations': 28416, 'qd_score': 581293.5625, 'coverage': 55.76171875, 'max_fitness': 1110.55712890625, 'time_s': 2.16915225982666}
[me_seed1] {'iteration': 120, 'evaluations': 30976, 'qd_score': 591299.5625, 'coverage': 56.640625, 'max_fitness': 1110.55712890625, 'time_s': 2.1712162494659424}
[me_seed1] {'iteration': 130, 'evaluations': 33536, 'qd_score': 599823.6875, 'coverage': 57.2265625, 'max_fitness': 1125.13623046875, 'time_s': 2.170051097869873}
[me_seed1] {'iteration': 140, 'evaluations': 36096, 'qd_score': 607731.9375, 'coverage': 57.91015625, 'max_fitness': 1125.13623046875, 'time_s': 2.1721410751342773}
[me_seed1] {'iteration': 150, 'evaluations': 38656, 'qd_score': 611380.8125, 'coverage': 58.10546875, 'max_fitness': 1125.13623046875, 'time_s': 2.1682913303375244}
[me_seed1] {'iteration': 160, 'evaluations': 41216, 'qd_score': 614524.625, 'coverage': 58.30078125, 'max_fitness': 1125.13623046875, 'time_s': 2.1709132194519043}
[me_seed1] {'iteration': 170, 'evaluations': 43776, 'qd_score': 617823.0, 'coverage': 58.49609375, 'max_fitness': 1125.13623046875, 'time_s': 2.168538808822632}
[me_seed1] {'iteration': 180, 'evaluations': 46336, 'qd_score': 624408.75, 'coverage': 59.1796875, 'max_fitness': 1125.13623046875, 'time_s': 2.17231822013855}
[me_seed1] {'iteration': 190, 'evaluations': 48896, 'qd_score': 628632.375, 'coverage': 59.5703125, 'max_fitness': 1125.13623046875, 'time_s': 2.171482801437378}
[me_seed1] {'iteration': 200, 'evaluations': 51456, 'qd_score': 632759.125, 'coverage': 59.86328125, 'max_fitness': 1125.13623046875, 'time_s': 2.1740307807922363}
[me_seed1] {'iteration': 210, 'evaluations': 54016, 'qd_score': 637487.1875, 'coverage': 60.3515625, 'max_fitness': 1125.13623046875, 'time_s': 2.171964168548584}
[me_seed1] {'iteration': 220, 'evaluations': 56576, 'qd_score': 643739.25, 'coverage': 60.9375, 'max_fitness': 1125.13623046875, 'time_s': 2.1744003295898438}
[me_seed1] {'iteration': 230, 'evaluations': 59136, 'qd_score': 647556.375, 'coverage': 61.23046875, 'max_fitness': 1125.13623046875, 'time_s': 2.171694755554199}
[me_seed1] {'iteration': 240, 'evaluations': 61696, 'qd_score': 649596.625, 'coverage': 61.42578125, 'max_fitness': 1125.13623046875, 'time_s': 2.1755027770996094}
[me_seed1] {'iteration': 250, 'evaluations': 64256, 'qd_score': 650371.0625, 'coverage': 61.42578125, 'max_fitness': 1125.13623046875, 'time_s': 2.1722724437713623}
[me_seed1] {'iteration': 260, 'evaluations': 66816, 'qd_score': 654069.5, 'coverage': 61.71875, 'max_fitness': 1125.13623046875, 'time_s': 2.1755530834198}
[me_seed1] {'iteration': 270, 'evaluations': 69376, 'qd_score': 658219.875, 'coverage': 62.20703125, 'max_fitness': 1125.13623046875, 'time_s': 2.172492742538452}
[me_seed1] {'iteration': 280, 'evaluations': 71936, 'qd_score': 661231.1875, 'coverage': 62.5, 'max_fitness': 1125.13623046875, 'time_s': 2.1739397048950195}
[me_seed1] {'iteration': 290, 'evaluations': 74496, 'qd_score': 668719.9375, 'coverage': 63.18359375, 'max_fitness': 1125.13623046875, 'time_s': 2.171548843383789}
[me_seed1] {'iteration': 300, 'evaluations': 77056, 'qd_score': 670640.5, 'coverage': 63.28125, 'max_fitness': 1131.7984619140625, 'time_s': 2.173705577850342}
[me_seed1] {'iteration': 310, 'evaluations': 79616, 'qd_score': 672874.375, 'coverage': 63.57421875, 'max_fitness': 1131.7984619140625, 'time_s': 2.171424627304077}
[me_seed1] {'iteration': 320, 'evaluations': 82176, 'qd_score': 674104.25, 'coverage': 63.671875, 'max_fitness': 1131.7984619140625, 'time_s': 2.174136161804199}
[me_seed1] {'iteration': 330, 'evaluations': 84736, 'qd_score': 674689.0, 'coverage': 63.671875, 'max_fitness': 1131.7984619140625, 'time_s': 2.171320676803589}
[me_seed1] {'iteration': 340, 'evaluations': 87296, 'qd_score': 677293.75, 'coverage': 63.8671875, 'max_fitness': 1131.7984619140625, 'time_s': 2.173657178878784}
[me_seed1] {'iteration': 350, 'evaluations': 89856, 'qd_score': 679168.5, 'coverage': 64.0625, 'max_fitness': 1141.1253662109375, 'time_s': 2.1716468334198}
[me_seed1] {'iteration': 360, 'evaluations': 92416, 'qd_score': 681558.8125, 'coverage': 64.2578125, 'max_fitness': 1141.1253662109375, 'time_s': 2.1745657920837402}
[me_seed1] {'iteration': 370, 'evaluations': 94976, 'qd_score': 682961.6875, 'coverage': 64.35546875, 'max_fitness': 1141.1253662109375, 'time_s': 2.1720492839813232}
[me_seed1] {'iteration': 380, 'evaluations': 97536, 'qd_score': 684656.1875, 'coverage': 64.453125, 'max_fitness': 1141.1253662109375, 'time_s': 2.1736690998077393}
[me_seed1] {'iteration': 390, 'evaluations': 100096, 'qd_score': 687022.5, 'coverage': 64.6484375, 'max_fitness': 1141.1253662109375, 'time_s': 2.1720261573791504}
[me_seed1] {'iteration': 400, 'evaluations': 102656, 'qd_score': 689385.75, 'coverage': 64.74609375, 'max_fitness': 1141.1253662109375, 'time_s': 2.173691987991333}
[me_seed1] {'iteration': 410, 'evaluations': 105216, 'qd_score': 692814.125, 'coverage': 65.13671875, 'max_fitness': 1141.1253662109375, 'time_s': 2.171779155731201}
[me_seed1] {'iteration': 420, 'evaluations': 107776, 'qd_score': 694377.75, 'coverage': 65.234375, 'max_fitness': 1141.1253662109375, 'time_s': 2.1751039028167725}
[me_seed1] {'iteration': 430, 'evaluations': 110336, 'qd_score': 694718.4375, 'coverage': 65.234375, 'max_fitness': 1141.1253662109375, 'time_s': 2.1730098724365234}
[me_seed1] {'iteration': 440, 'evaluations': 112896, 'qd_score': 697536.625, 'coverage': 65.52734375, 'max_fitness': 1141.1253662109375, 'time_s': 2.1743502616882324}
[me_seed1] {'iteration': 450, 'evaluations': 115456, 'qd_score': 699694.625, 'coverage': 65.8203125, 'max_fitness': 1141.1253662109375, 'time_s': 2.1720259189605713}
[me_seed1] {'iteration': 460, 'evaluations': 118016, 'qd_score': 701220.0, 'coverage': 66.015625, 'max_fitness': 1141.1253662109375, 'time_s': 2.1748945713043213}
[me_seed1] {'iteration': 470, 'evaluations': 120576, 'qd_score': 702883.25, 'coverage': 66.11328125, 'max_fitness': 1141.4267578125, 'time_s': 2.172617197036743}
[me_seed1] {'iteration': 480, 'evaluations': 123136, 'qd_score': 704239.625, 'coverage': 66.30859375, 'max_fitness': 1154.2548828125, 'time_s': 2.1740736961364746}
[me_seed1] {'iteration': 490, 'evaluations': 125696, 'qd_score': 706903.9375, 'coverage': 66.50390625, 'max_fitness': 1154.2548828125, 'time_s': 2.171438694000244}
[me_seed1] {'iteration': 500, 'evaluations': 128256, 'qd_score': 709079.25, 'coverage': 66.69921875, 'max_fitness': 1154.2548828125, 'time_s': 2.174781322479248}
[me_seed1] {'iteration': 510, 'evaluations': 130816, 'qd_score': 711657.0, 'coverage': 66.89453125, 'max_fitness': 1154.2548828125, 'time_s': 2.1726222038269043}
[me_seed1] {'iteration': 520, 'evaluations': 133376, 'qd_score': 714296.25, 'coverage': 67.08984375, 'max_fitness': 1154.2548828125, 'time_s': 2.1736226081848145}
[me_seed1] {'iteration': 530, 'evaluations': 135936, 'qd_score': 714849.75, 'coverage': 67.08984375, 'max_fitness': 1154.2548828125, 'time_s': 2.1715633869171143}
[me_seed1] {'iteration': 540, 'evaluations': 138496, 'qd_score': 719246.0, 'coverage': 67.48046875, 'max_fitness': 1156.96728515625, 'time_s': 2.174160957336426}
[me_seed1] {'iteration': 550, 'evaluations': 141056, 'qd_score': 721421.5625, 'coverage': 67.67578125, 'max_fitness': 1156.96728515625, 'time_s': 2.1714038848876953}
[me_seed1] {'iteration': 560, 'evaluations': 143616, 'qd_score': 721667.875, 'coverage': 67.67578125, 'max_fitness': 1158.4427490234375, 'time_s': 2.174086570739746}
[me_seed1] {'iteration': 570, 'evaluations': 146176, 'qd_score': 722698.4375, 'coverage': 67.7734375, 'max_fitness': 1158.4427490234375, 'time_s': 2.172198534011841}
[me_seed1] {'iteration': 580, 'evaluations': 148736, 'qd_score': 722921.25, 'coverage': 67.7734375, 'max_fitness': 1158.4427490234375, 'time_s': 2.174738883972168}
[me_seed1] {'iteration': 590, 'evaluations': 151296, 'qd_score': 724248.0, 'coverage': 67.87109375, 'max_fitness': 1158.4427490234375, 'time_s': 2.171372890472412}
[me_seed1] {'iteration': 600, 'evaluations': 153856, 'qd_score': 725763.875, 'coverage': 67.96875, 'max_fitness': 1158.4427490234375, 'time_s': 2.1744039058685303}
[me_seed1] {'iteration': 610, 'evaluations': 156416, 'qd_score': 726669.1875, 'coverage': 67.96875, 'max_fitness': 1158.4427490234375, 'time_s': 2.171112298965454}
[me_seed1] {'iteration': 620, 'evaluations': 158976, 'qd_score': 727857.875, 'coverage': 68.06640625, 'max_fitness': 1158.4427490234375, 'time_s': 2.1735496520996094}
[me_seed1] {'iteration': 630, 'evaluations': 161536, 'qd_score': 729133.1875, 'coverage': 68.1640625, 'max_fitness': 1158.4427490234375, 'time_s': 2.171173334121704}
[me_seed1] {'iteration': 640, 'evaluations': 164096, 'qd_score': 729817.75, 'coverage': 68.1640625, 'max_fitness': 1158.4427490234375, 'time_s': 2.174269914627075}
[me_seed1] {'iteration': 650, 'evaluations': 166656, 'qd_score': 731926.5, 'coverage': 68.359375, 'max_fitness': 1158.4427490234375, 'time_s': 2.171386241912842}
[me_seed1] {'iteration': 660, 'evaluations': 169216, 'qd_score': 733299.6875, 'coverage': 68.45703125, 'max_fitness': 1158.4427490234375, 'time_s': 2.17419171333313}
[me_seed1] {'iteration': 670, 'evaluations': 171776, 'qd_score': 734530.25, 'coverage': 68.65234375, 'max_fitness': 1158.4427490234375, 'time_s': 2.1719040870666504}
[me_seed1] {'iteration': 680, 'evaluations': 174336, 'qd_score': 735225.0, 'coverage': 68.65234375, 'max_fitness': 1158.4427490234375, 'time_s': 2.1735923290252686}
[me_seed1] {'iteration': 690, 'evaluations': 176896, 'qd_score': 737102.1875, 'coverage': 68.75, 'max_fitness': 1160.20361328125, 'time_s': 2.1735575199127197}
[me_seed1] {'iteration': 700, 'evaluations': 179456, 'qd_score': 737529.375, 'coverage': 68.75, 'max_fitness': 1160.20361328125, 'time_s': 2.1746675968170166}
[me_seed1] {'iteration': 710, 'evaluations': 182016, 'qd_score': 739544.5, 'coverage': 68.9453125, 'max_fitness': 1160.20361328125, 'time_s': 2.171605348587036}
[me_seed1] {'iteration': 720, 'evaluations': 184576, 'qd_score': 741309.625, 'coverage': 69.140625, 'max_fitness': 1160.20361328125, 'time_s': 2.1744894981384277}
[me_seed1] {'iteration': 730, 'evaluations': 187136, 'qd_score': 742681.5, 'coverage': 69.23828125, 'max_fitness': 1160.20361328125, 'time_s': 2.171721935272217}
[me_seed1] {'iteration': 740, 'evaluations': 189696, 'qd_score': 744130.0, 'coverage': 69.3359375, 'max_fitness': 1160.20361328125, 'time_s': 2.1743175983428955}
[me_seed1] {'iteration': 750, 'evaluations': 192256, 'qd_score': 745330.25, 'coverage': 69.43359375, 'max_fitness': 1160.20361328125, 'time_s': 2.1716694831848145}
[me_seed1] {'iteration': 760, 'evaluations': 194816, 'qd_score': 746636.5625, 'coverage': 69.53125, 'max_fitness': 1160.20361328125, 'time_s': 2.174372434616089}
[me_seed1] {'iteration': 770, 'evaluations': 197376, 'qd_score': 746838.5, 'coverage': 69.53125, 'max_fitness': 1160.20361328125, 'time_s': 2.1716113090515137}
[me_seed1] {'iteration': 780, 'evaluations': 199936, 'qd_score': 748250.875, 'coverage': 69.62890625, 'max_fitness': 1160.20361328125, 'time_s': 2.1742446422576904}
[me_seed1] {'iteration': 790, 'evaluations': 202496, 'qd_score': 748670.75, 'coverage': 69.62890625, 'max_fitness': 1160.20361328125, 'time_s': 2.1715762615203857}
[me_seed1] {'iteration': 800, 'evaluations': 205056, 'qd_score': 748993.375, 'coverage': 69.62890625, 'max_fitness': 1160.20361328125, 'time_s': 2.173894166946411}
[me_seed1] {'iteration': 810, 'evaluations': 207616, 'qd_score': 749465.5, 'coverage': 69.62890625, 'max_fitness': 1160.20361328125, 'time_s': 2.171710252761841}
[me_seed1] {'iteration': 820, 'evaluations': 210176, 'qd_score': 750847.375, 'coverage': 69.7265625, 'max_fitness': 1182.816650390625, 'time_s': 2.1740164756774902}
[me_seed1] {'iteration': 830, 'evaluations': 212736, 'qd_score': 753713.875, 'coverage': 69.921875, 'max_fitness': 1233.317626953125, 'time_s': 2.1721832752227783}
[me_seed1] {'iteration': 840, 'evaluations': 215296, 'qd_score': 754031.875, 'coverage': 69.921875, 'max_fitness': 1233.317626953125, 'time_s': 2.1742868423461914}
[me_seed1] {'iteration': 850, 'evaluations': 217856, 'qd_score': 755222.9375, 'coverage': 70.1171875, 'max_fitness': 1233.317626953125, 'time_s': 2.172297239303589}
[me_seed1] {'iteration': 860, 'evaluations': 220416, 'qd_score': 756329.5, 'coverage': 70.21484375, 'max_fitness': 1233.317626953125, 'time_s': 2.174276113510132}
[me_seed1] {'iteration': 870, 'evaluations': 222976, 'qd_score': 758001.4375, 'coverage': 70.3125, 'max_fitness': 1233.317626953125, 'time_s': 2.1723029613494873}
[me_seed1] {'iteration': 880, 'evaluations': 225536, 'qd_score': 758417.875, 'coverage': 70.3125, 'max_fitness': 1233.317626953125, 'time_s': 2.1740963459014893}
[me_seed1] {'iteration': 890, 'evaluations': 228096, 'qd_score': 758839.375, 'coverage': 70.3125, 'max_fitness': 1233.317626953125, 'time_s': 2.171074151992798}
[me_seed1] {'iteration': 900, 'evaluations': 230656, 'qd_score': 759434.5625, 'coverage': 70.41015625, 'max_fitness': 1233.317626953125, 'time_s': 2.173746347427368}
[me_seed1] {'iteration': 910, 'evaluations': 233216, 'qd_score': 759640.5, 'coverage': 70.41015625, 'max_fitness': 1233.317626953125, 'time_s': 2.171661138534546}
[me_seed1] {'iteration': 920, 'evaluations': 235776, 'qd_score': 760946.5, 'coverage': 70.5078125, 'max_fitness': 1233.317626953125, 'time_s': 2.173403739929199}
[me_seed1] {'iteration': 930, 'evaluations': 238336, 'qd_score': 761592.5, 'coverage': 70.5078125, 'max_fitness': 1233.317626953125, 'time_s': 2.1712446212768555}
[me_seed1] {'iteration': 940, 'evaluations': 240896, 'qd_score': 761945.25, 'coverage': 70.5078125, 'max_fitness': 1233.317626953125, 'time_s': 2.174069881439209}
[me_seed1] {'iteration': 950, 'evaluations': 243456, 'qd_score': 762241.0, 'coverage': 70.5078125, 'max_fitness': 1233.317626953125, 'time_s': 2.171416759490967}
[me_seed1] {'iteration': 960, 'evaluations': 246016, 'qd_score': 762534.5, 'coverage': 70.5078125, 'max_fitness': 1233.317626953125, 'time_s': 2.1738438606262207}
[me_seed1] {'iteration': 970, 'evaluations': 248576, 'qd_score': 764807.25, 'coverage': 70.60546875, 'max_fitness': 1233.317626953125, 'time_s': 2.1706931591033936}
[me_seed1] {'iteration': 980, 'evaluations': 251136, 'qd_score': 765069.9375, 'coverage': 70.60546875, 'max_fitness': 1233.317626953125, 'time_s': 2.1736652851104736}
[me_seed1] {'iteration': 990, 'evaluations': 253696, 'qd_score': 765339.8125, 'coverage': 70.60546875, 'max_fitness': 1233.317626953125, 'time_s': 2.17152738571167}
[me_seed1] {'iteration': 1000, 'evaluations': 256256, 'qd_score': 766619.25, 'coverage': 70.703125, 'max_fitness': 1233.317626953125, 'time_s': 2.1741981506347656}
[me_seed1] {'iteration': 1010, 'evaluations': 258816, 'qd_score': 766894.5, 'coverage': 70.703125, 'max_fitness': 1233.317626953125, 'time_s': 2.172355890274048}
[me_seed1] {'iteration': 1020, 'evaluations': 261376, 'qd_score': 767010.25, 'coverage': 70.703125, 'max_fitness': 1233.317626953125, 'time_s': 2.1745340824127197}
[me_seed1] {'iteration': 1030, 'evaluations': 263936, 'qd_score': 767269.75, 'coverage': 70.703125, 'max_fitness': 1233.317626953125, 'time_s': 2.1707096099853516}
[me_seed1] {'iteration': 1040, 'evaluations': 266496, 'qd_score': 768283.875, 'coverage': 70.80078125, 'max_fitness': 1233.317626953125, 'time_s': 2.1734347343444824}
[me_seed1] {'iteration': 1050, 'evaluations': 269056, 'qd_score': 768458.375, 'coverage': 70.80078125, 'max_fitness': 1233.317626953125, 'time_s': 2.170569896697998}
[me_seed1] {'iteration': 1060, 'evaluations': 271616, 'qd_score': 768739.0, 'coverage': 70.80078125, 'max_fitness': 1233.317626953125, 'time_s': 2.1742050647735596}
[me_seed1] {'iteration': 1070, 'evaluations': 274176, 'qd_score': 771148.375, 'coverage': 70.99609375, 'max_fitness': 1233.317626953125, 'time_s': 2.1712372303009033}
[me_seed1] {'iteration': 1080, 'evaluations': 276736, 'qd_score': 774274.3125, 'coverage': 71.2890625, 'max_fitness': 1233.317626953125, 'time_s': 2.1741929054260254}
[me_seed1] {'iteration': 1090, 'evaluations': 279296, 'qd_score': 774405.625, 'coverage': 71.2890625, 'max_fitness': 1233.317626953125, 'time_s': 2.1723413467407227}
[me_seed1] {'iteration': 1100, 'evaluations': 281856, 'qd_score': 775645.75, 'coverage': 71.38671875, 'max_fitness': 1233.317626953125, 'time_s': 2.174104928970337}
[me_seed1] {'iteration': 1110, 'evaluations': 284416, 'qd_score': 776870.75, 'coverage': 71.38671875, 'max_fitness': 1233.317626953125, 'time_s': 2.17227840423584}
[me_seed1] {'iteration': 1120, 'evaluations': 286976, 'qd_score': 776981.1875, 'coverage': 71.38671875, 'max_fitness': 1233.317626953125, 'time_s': 2.1735613346099854}
[me_seed1] {'iteration': 1130, 'evaluations': 289536, 'qd_score': 777209.0625, 'coverage': 71.38671875, 'max_fitness': 1233.317626953125, 'time_s': 2.1711697578430176}
[me_seed1] {'iteration': 1140, 'evaluations': 292096, 'qd_score': 777533.375, 'coverage': 71.484375, 'max_fitness': 1233.317626953125, 'time_s': 2.1730010509490967}
[me_seed1] {'iteration': 1150, 'evaluations': 294656, 'qd_score': 778569.0625, 'coverage': 71.58203125, 'max_fitness': 1233.317626953125, 'time_s': 2.1687324047088623}
[me_seed1] {'iteration': 1160, 'evaluations': 297216, 'qd_score': 778873.875, 'coverage': 71.58203125, 'max_fitness': 1233.317626953125, 'time_s': 2.1709485054016113}
[me_seed1] {'iteration': 1170, 'evaluations': 299776, 'qd_score': 779006.375, 'coverage': 71.58203125, 'max_fitness': 1233.317626953125, 'time_s': 2.1679649353027344}
[me_seed1] {'iteration': 1180, 'evaluations': 302336, 'qd_score': 779258.375, 'coverage': 71.58203125, 'max_fitness': 1233.317626953125, 'time_s': 2.1701650619506836}
[me_seed1] {'iteration': 1190, 'evaluations': 304896, 'qd_score': 780620.3125, 'coverage': 71.6796875, 'max_fitness': 1233.317626953125, 'time_s': 2.168633222579956}
[me_seed1] {'iteration': 1200, 'evaluations': 307456, 'qd_score': 781891.125, 'coverage': 71.77734375, 'max_fitness': 1233.317626953125, 'time_s': 2.1710708141326904}
[me_seed1] {'iteration': 1210, 'evaluations': 310016, 'qd_score': 782953.875, 'coverage': 71.875, 'max_fitness': 1233.317626953125, 'time_s': 2.16823410987854}
[me_seed1] {'iteration': 1220, 'evaluations': 312576, 'qd_score': 783167.5, 'coverage': 71.875, 'max_fitness': 1233.317626953125, 'time_s': 2.1708052158355713}
[me_seed1] {'iteration': 1230, 'evaluations': 315136, 'qd_score': 783317.25, 'coverage': 71.875, 'max_fitness': 1233.317626953125, 'time_s': 2.1684319972991943}
[me_seed1] {'iteration': 1240, 'evaluations': 317696, 'qd_score': 783422.5625, 'coverage': 71.875, 'max_fitness': 1233.317626953125, 'time_s': 2.170722723007202}
[me_seed1] {'iteration': 1250, 'evaluations': 320256, 'qd_score': 785844.8125, 'coverage': 72.0703125, 'max_fitness': 1233.317626953125, 'time_s': 2.169118881225586}
[me_seed1] {'iteration': 1260, 'evaluations': 322816, 'qd_score': 788156.5, 'coverage': 72.265625, 'max_fitness': 1233.317626953125, 'time_s': 2.1714415550231934}
[me_seed1] {'iteration': 1270, 'evaluations': 325376, 'qd_score': 789338.25, 'coverage': 72.36328125, 'max_fitness': 1233.317626953125, 'time_s': 2.1689016819000244}
[me_seed1] {'iteration': 1280, 'evaluations': 327936, 'qd_score': 791320.5, 'coverage': 72.4609375, 'max_fitness': 1233.317626953125, 'time_s': 2.1711981296539307}
[me_seed1] {'iteration': 1290, 'evaluations': 330496, 'qd_score': 791632.75, 'coverage': 72.4609375, 'max_fitness': 1233.317626953125, 'time_s': 2.1682519912719727}
[me_seed1] {'iteration': 1300, 'evaluations': 333056, 'qd_score': 791837.25, 'coverage': 72.55859375, 'max_fitness': 1233.317626953125, 'time_s': 2.17035174369812}
[me_seed1] {'iteration': 1310, 'evaluations': 335616, 'qd_score': 792015.5, 'coverage': 72.55859375, 'max_fitness': 1233.317626953125, 'time_s': 2.1684396266937256}
[me_seed1] {'iteration': 1320, 'evaluations': 338176, 'qd_score': 792147.0, 'coverage': 72.55859375, 'max_fitness': 1233.317626953125, 'time_s': 2.1708686351776123}
[me_seed1] {'iteration': 1330, 'evaluations': 340736, 'qd_score': 792480.6875, 'coverage': 72.55859375, 'max_fitness': 1233.317626953125, 'time_s': 2.1690337657928467}
[me_seed1] {'iteration': 1340, 'evaluations': 343296, 'qd_score': 792693.375, 'coverage': 72.65625, 'max_fitness': 1233.317626953125, 'time_s': 2.1712944507598877}
[me_seed1] {'iteration': 1350, 'evaluations': 345856, 'qd_score': 792770.1875, 'coverage': 72.65625, 'max_fitness': 1233.317626953125, 'time_s': 2.168804883956909}
[me_seed1] {'iteration': 1360, 'evaluations': 348416, 'qd_score': 792950.125, 'coverage': 72.65625, 'max_fitness': 1233.317626953125, 'time_s': 2.1724209785461426}
[me_seed1] {'iteration': 1370, 'evaluations': 350976, 'qd_score': 793052.625, 'coverage': 72.65625, 'max_fitness': 1233.317626953125, 'time_s': 2.1687467098236084}
[me_seed1] {'iteration': 1380, 'evaluations': 353536, 'qd_score': 793186.0, 'coverage': 72.65625, 'max_fitness': 1233.317626953125, 'time_s': 2.171787738800049}
[me_seed1] {'iteration': 1390, 'evaluations': 356096, 'qd_score': 793334.375, 'coverage': 72.65625, 'max_fitness': 1233.317626953125, 'time_s': 2.168259620666504}
[me_seed1] {'iteration': 1400, 'evaluations': 358656, 'qd_score': 794584.375, 'coverage': 72.75390625, 'max_fitness': 1233.317626953125, 'time_s': 2.171384334564209}
[me_seed1] {'iteration': 1410, 'evaluations': 361216, 'qd_score': 794722.25, 'coverage': 72.75390625, 'max_fitness': 1233.317626953125, 'time_s': 2.1678097248077393}
[me_seed1] {'iteration': 1420, 'evaluations': 363776, 'qd_score': 794882.4375, 'coverage': 72.75390625, 'max_fitness': 1233.317626953125, 'time_s': 2.170839786529541}
[me_seed1] {'iteration': 1430, 'evaluations': 366336, 'qd_score': 795056.5, 'coverage': 72.75390625, 'max_fitness': 1233.317626953125, 'time_s': 2.1685268878936768}
[me_seed1] {'iteration': 1440, 'evaluations': 368896, 'qd_score': 795159.3125, 'coverage': 72.75390625, 'max_fitness': 1233.317626953125, 'time_s': 2.1708950996398926}
[me_seed1] {'iteration': 1450, 'evaluations': 371456, 'qd_score': 796516.5, 'coverage': 72.8515625, 'max_fitness': 1233.317626953125, 'time_s': 2.1690175533294678}
[me_seed1] {'iteration': 1460, 'evaluations': 374016, 'qd_score': 797658.125, 'coverage': 72.94921875, 'max_fitness': 1233.317626953125, 'time_s': 2.1722164154052734}
[me_seed1] {'iteration': 1470, 'evaluations': 376576, 'qd_score': 797735.125, 'coverage': 72.94921875, 'max_fitness': 1233.317626953125, 'time_s': 2.1691761016845703}
[me_seed1] {'iteration': 1480, 'evaluations': 379136, 'qd_score': 797874.8125, 'coverage': 72.94921875, 'max_fitness': 1233.317626953125, 'time_s': 2.1711058616638184}
[me_seed1] {'iteration': 1490, 'evaluations': 381696, 'qd_score': 797996.75, 'coverage': 72.94921875, 'max_fitness': 1233.317626953125, 'time_s': 2.1685891151428223}
[me_seed1] {'iteration': 1500, 'evaluations': 384256, 'qd_score': 798064.3125, 'coverage': 72.94921875, 'max_fitness': 1233.317626953125, 'time_s': 2.170262336730957}
[me_seed1] {'iteration': 1510, 'evaluations': 386816, 'qd_score': 799308.0, 'coverage': 73.046875, 'max_fitness': 1233.317626953125, 'time_s': 2.1679680347442627}
[me_seed1] {'iteration': 1520, 'evaluations': 389376, 'qd_score': 799359.5, 'coverage': 73.046875, 'max_fitness': 1233.317626953125, 'time_s': 2.1703591346740723}
[me_seed1] {'iteration': 1530, 'evaluations': 391936, 'qd_score': 799516.0, 'coverage': 73.046875, 'max_fitness': 1233.317626953125, 'time_s': 2.167891502380371}
[me_seed1] {'iteration': 1540, 'evaluations': 394496, 'qd_score': 799585.75, 'coverage': 73.046875, 'max_fitness': 1233.317626953125, 'time_s': 2.170229434967041}
[me_seed1] {'iteration': 1550, 'evaluations': 397056, 'qd_score': 800008.125, 'coverage': 73.14453125, 'max_fitness': 1233.317626953125, 'time_s': 2.167733669281006}
[me_seed1] {'iteration': 1560, 'evaluations': 399616, 'qd_score': 800141.8125, 'coverage': 73.14453125, 'max_fitness': 1233.317626953125, 'time_s': 2.170726776123047}
[me_seed1] {'iteration': 1570, 'evaluations': 402176, 'qd_score': 800245.8125, 'coverage': 73.14453125, 'max_fitness': 1233.317626953125, 'time_s': 2.1682286262512207}
[me_seed1] {'iteration': 1580, 'evaluations': 404736, 'qd_score': 800885.25, 'coverage': 73.14453125, 'max_fitness': 1233.317626953125, 'time_s': 2.170680284500122}
[me_seed1] {'iteration': 1590, 'evaluations': 407296, 'qd_score': 800992.375, 'coverage': 73.14453125, 'max_fitness': 1233.317626953125, 'time_s': 2.167819023132324}
[me_seed1] {'iteration': 1600, 'evaluations': 409856, 'qd_score': 801077.5625, 'coverage': 73.14453125, 'max_fitness': 1233.317626953125, 'time_s': 2.169872522354126}
[me_seed1] {'iteration': 1610, 'evaluations': 412416, 'qd_score': 801379.375, 'coverage': 73.14453125, 'max_fitness': 1233.317626953125, 'time_s': 2.168098211288452}
[me_seed1] {'iteration': 1620, 'evaluations': 414976, 'qd_score': 801584.0, 'coverage': 73.14453125, 'max_fitness': 1233.317626953125, 'time_s': 2.170114278793335}
[me_seed1] {'iteration': 1630, 'evaluations': 417536, 'qd_score': 801633.5, 'coverage': 73.14453125, 'max_fitness': 1233.317626953125, 'time_s': 2.16764760017395}
[me_seed1] {'iteration': 1640, 'evaluations': 420096, 'qd_score': 801792.125, 'coverage': 73.14453125, 'max_fitness': 1233.317626953125, 'time_s': 2.1700878143310547}
[me_seed1] {'iteration': 1650, 'evaluations': 422656, 'qd_score': 801906.625, 'coverage': 73.14453125, 'max_fitness': 1233.317626953125, 'time_s': 2.1682324409484863}
[me_seed1] {'iteration': 1660, 'evaluations': 425216, 'qd_score': 802031.5, 'coverage': 73.14453125, 'max_fitness': 1233.317626953125, 'time_s': 2.1705117225646973}
[me_seed1] {'iteration': 1670, 'evaluations': 427776, 'qd_score': 802128.4375, 'coverage': 73.14453125, 'max_fitness': 1233.317626953125, 'time_s': 2.167351722717285}
[me_seed1] {'iteration': 1680, 'evaluations': 430336, 'qd_score': 804270.5, 'coverage': 73.33984375, 'max_fitness': 1233.317626953125, 'time_s': 2.1699917316436768}
[me_seed1] {'iteration': 1690, 'evaluations': 432896, 'qd_score': 805117.625, 'coverage': 73.33984375, 'max_fitness': 1233.317626953125, 'time_s': 2.167325735092163}
[me_seed1] {'iteration': 1700, 'evaluations': 435456, 'qd_score': 805184.6875, 'coverage': 73.33984375, 'max_fitness': 1233.317626953125, 'time_s': 2.170673131942749}
[me_seed1] {'iteration': 1710, 'evaluations': 438016, 'qd_score': 805275.75, 'coverage': 73.33984375, 'max_fitness': 1233.317626953125, 'time_s': 2.1686270236968994}
[me_seed1] {'iteration': 1720, 'evaluations': 440576, 'qd_score': 805331.5, 'coverage': 73.33984375, 'max_fitness': 1233.317626953125, 'time_s': 2.1705660820007324}
[me_seed1] {'iteration': 1730, 'evaluations': 443136, 'qd_score': 805605.625, 'coverage': 73.33984375, 'max_fitness': 1233.317626953125, 'time_s': 2.1678593158721924}
[me_seed1] {'iteration': 1740, 'evaluations': 445696, 'qd_score': 805784.375, 'coverage': 73.33984375, 'max_fitness': 1233.317626953125, 'time_s': 2.1703684329986572}
[me_seed1] {'iteration': 1750, 'evaluations': 448256, 'qd_score': 806325.5, 'coverage': 73.33984375, 'max_fitness': 1233.317626953125, 'time_s': 2.167809247970581}
[me_seed1] {'iteration': 1760, 'evaluations': 450816, 'qd_score': 807457.5625, 'coverage': 73.4375, 'max_fitness': 1233.317626953125, 'time_s': 2.170747995376587}
[me_seed1] {'iteration': 1770, 'evaluations': 453376, 'qd_score': 807557.1875, 'coverage': 73.4375, 'max_fitness': 1233.317626953125, 'time_s': 2.167721748352051}
[me_seed1] {'iteration': 1780, 'evaluations': 455936, 'qd_score': 807673.0625, 'coverage': 73.4375, 'max_fitness': 1233.317626953125, 'time_s': 2.1705543994903564}
[me_seed1] {'iteration': 1790, 'evaluations': 458496, 'qd_score': 808734.625, 'coverage': 73.53515625, 'max_fitness': 1233.317626953125, 'time_s': 2.168480396270752}
[me_seed1] {'iteration': 1800, 'evaluations': 461056, 'qd_score': 809503.625, 'coverage': 73.53515625, 'max_fitness': 1233.317626953125, 'time_s': 2.1717872619628906}
[me_seed1] {'iteration': 1810, 'evaluations': 463616, 'qd_score': 809603.75, 'coverage': 73.53515625, 'max_fitness': 1233.317626953125, 'time_s': 2.167574405670166}
[me_seed1] {'iteration': 1820, 'evaluations': 466176, 'qd_score': 809859.875, 'coverage': 73.53515625, 'max_fitness': 1233.317626953125, 'time_s': 2.1705470085144043}
[me_seed1] {'iteration': 1830, 'evaluations': 468736, 'qd_score': 809887.75, 'coverage': 73.53515625, 'max_fitness': 1233.317626953125, 'time_s': 2.168947458267212}
[me_seed1] {'iteration': 1840, 'evaluations': 471296, 'qd_score': 812034.875, 'coverage': 73.73046875, 'max_fitness': 1233.317626953125, 'time_s': 2.170503854751587}
[me_seed1] {'iteration': 1850, 'evaluations': 473856, 'qd_score': 813209.0625, 'coverage': 73.828125, 'max_fitness': 1233.317626953125, 'time_s': 2.1677451133728027}
[me_seed1] {'iteration': 1860, 'evaluations': 476416, 'qd_score': 813256.75, 'coverage': 73.828125, 'max_fitness': 1233.317626953125, 'time_s': 2.1705331802368164}
[me_seed1] {'iteration': 1870, 'evaluations': 478976, 'qd_score': 813431.8125, 'coverage': 73.828125, 'max_fitness': 1233.317626953125, 'time_s': 2.167956590652466}
[me_seed1] {'iteration': 1880, 'evaluations': 481536, 'qd_score': 813817.0, 'coverage': 73.828125, 'max_fitness': 1233.317626953125, 'time_s': 2.1715359687805176}
[me_seed1] {'iteration': 1890, 'evaluations': 484096, 'qd_score': 813948.9375, 'coverage': 73.828125, 'max_fitness': 1233.317626953125, 'time_s': 2.1675522327423096}
[me_seed1] {'iteration': 1900, 'evaluations': 486656, 'qd_score': 815043.375, 'coverage': 73.92578125, 'max_fitness': 1233.317626953125, 'time_s': 2.1700923442840576}
[me_seed1] {'iteration': 1910, 'evaluations': 489216, 'qd_score': 815146.5, 'coverage': 73.92578125, 'max_fitness': 1233.317626953125, 'time_s': 2.168077230453491}
[me_seed1] {'iteration': 1920, 'evaluations': 491776, 'qd_score': 816345.0, 'coverage': 74.0234375, 'max_fitness': 1233.317626953125, 'time_s': 2.169912099838257}
[me_seed1] {'iteration': 1930, 'evaluations': 494336, 'qd_score': 816541.75, 'coverage': 74.0234375, 'max_fitness': 1233.317626953125, 'time_s': 2.167867422103882}
[me_seed1] {'iteration': 1940, 'evaluations': 496896, 'qd_score': 816701.0, 'coverage': 74.0234375, 'max_fitness': 1233.317626953125, 'time_s': 2.170884132385254}
[me_seed1] {'iteration': 1950, 'evaluations': 499456, 'qd_score': 816740.75, 'coverage': 74.0234375, 'max_fitness': 1233.317626953125, 'time_s': 2.1679205894470215}
[me_seed1] {'iteration': 1960, 'evaluations': 502016, 'qd_score': 817951.125, 'coverage': 74.12109375, 'max_fitness': 1233.317626953125, 'time_s': 2.170175790786743}
[me_seed1] {'iteration': 1970, 'evaluations': 504576, 'qd_score': 818082.375, 'coverage': 74.21875, 'max_fitness': 1233.317626953125, 'time_s': 2.1680121421813965}
[me_seed1] {'iteration': 1980, 'evaluations': 507136, 'qd_score': 818218.3125, 'coverage': 74.21875, 'max_fitness': 1233.317626953125, 'time_s': 2.1707968711853027}
[me_seed1] {'iteration': 1990, 'evaluations': 509696, 'qd_score': 818280.75, 'coverage': 74.21875, 'max_fitness': 1233.317626953125, 'time_s': 2.168059825897217}
[me_seed1] {'iteration': 2000, 'evaluations': 512256, 'qd_score': 818420.4375, 'coverage': 74.21875, 'max_fitness': 1233.317626953125, 'time_s': 2.1704046726226807}
fatal: not a git repository (or any parent up to mount point /kaggle)
Stopping at filesystem boundary (GIT_DISCOVERY_ACROSS_FILESYSTEM not set).
[me_seed1] terminé en 461 s -> /kaggle/working/outputs/me_seed1
