Gym has been unmaintained since 2022 and does not support NumPy 2.0 amongst other critical functionality.
Please upgrade to Gymnasium, the maintained drop-in replacement of Gym, or contact the authors of your software and request that they upgrade.
Users of this version of Gym should be able to simply replace 'import gym' with 'import gymnasium as gym' in the vast majority of cases.
See the migration guide at https://gymnasium.farama.org/introduction/migration_guide/ for additional information.
[pgame_seed0] init : {'iteration': 0, 'evaluations': 256, 'qd_score': 109844.953125, 'coverage': 10.9375, 'max_fitness': 1050.36083984375, 'time_s': 12.597105264663696}
[pgame_seed0] {'iteration': 10, 'evaluations': 2816, 'qd_score': 341888.15625, 'coverage': 37.6953125, 'max_fitness': 1059.1212158203125, 'time_s': 38.531728744506836}
[pgame_seed0] {'iteration': 20, 'evaluations': 5376, 'qd_score': 412442.9375, 'coverage': 43.75, 'max_fitness': 1061.13427734375, 'time_s': 16.578089952468872}
[pgame_seed0] {'iteration': 30, 'evaluations': 7936, 'qd_score': 451772.1875, 'coverage': 46.875, 'max_fitness': 1065.51318359375, 'time_s': 16.159690618515015}
[pgame_seed0] {'iteration': 40, 'evaluations': 10496, 'qd_score': 479715.8125, 'coverage': 49.21875, 'max_fitness': 1078.258544921875, 'time_s': 15.631262063980103}
[pgame_seed0] {'iteration': 50, 'evaluations': 13056, 'qd_score': 512126.125, 'coverage': 51.953125, 'max_fitness': 1093.3857421875, 'time_s': 15.370807886123657}
[pgame_seed0] {'iteration': 60, 'evaluations': 15616, 'qd_score': 534137.375, 'coverage': 53.7109375, 'max_fitness': 1093.3857421875, 'time_s': 15.363578081130981}
[pgame_seed0] {'iteration': 70, 'evaluations': 18176, 'qd_score': 551279.0625, 'coverage': 54.8828125, 'max_fitness': 1094.495849609375, 'time_s': 15.468163967132568}
[pgame_seed0] {'iteration': 80, 'evaluations': 20736, 'qd_score': 563653.875, 'coverage': 55.76171875, 'max_fitness': 1106.750244140625, 'time_s': 15.615276575088501}
[pgame_seed0] {'iteration': 90, 'evaluations': 23296, 'qd_score': 571028.5, 'coverage': 56.15234375, 'max_fitness': 1106.750244140625, 'time_s': 15.659904718399048}
[pgame_seed0] {'iteration': 100, 'evaluations': 25856, 'qd_score': 583167.5, 'coverage': 56.8359375, 'max_fitness': 1111.108642578125, 'time_s': 15.555392980575562}
[pgame_seed0] {'iteration': 110, 'evaluations': 28416, 'qd_score': 594359.1875, 'coverage': 57.71484375, 'max_fitness': 1128.34326171875, 'time_s': 15.504074335098267}
[pgame_seed0] {'iteration': 120, 'evaluations': 30976, 'qd_score': 600285.875, 'coverage': 57.91015625, 'max_fitness': 1131.947265625, 'time_s': 15.470617055892944}
[pgame_seed0] {'iteration': 130, 'evaluations': 33536, 'qd_score': 610968.25, 'coverage': 58.49609375, 'max_fitness': 1131.947265625, 'time_s': 15.450522184371948}
[pgame_seed0] {'iteration': 140, 'evaluations': 36096, 'qd_score': 618356.5, 'coverage': 58.984375, 'max_fitness': 1150.5748291015625, 'time_s': 15.439014434814453}
[pgame_seed0] {'iteration': 150, 'evaluations': 38656, 'qd_score': 629811.1875, 'coverage': 59.86328125, 'max_fitness': 1171.870849609375, 'time_s': 15.445284605026245}
[pgame_seed0] {'iteration': 160, 'evaluations': 41216, 'qd_score': 640615.875, 'coverage': 60.64453125, 'max_fitness': 1230.696044921875, 'time_s': 15.432689428329468}
[pgame_seed0] {'iteration': 170, 'evaluations': 43776, 'qd_score': 647919.4375, 'coverage': 61.03515625, 'max_fitness': 1230.696044921875, 'time_s': 15.477501392364502}
[pgame_seed0] {'iteration': 180, 'evaluations': 46336, 'qd_score': 662205.125, 'coverage': 61.62109375, 'max_fitness': 1338.3551025390625, 'time_s': 15.458786725997925}
[pgame_seed0] {'iteration': 190, 'evaluations': 48896, 'qd_score': 676354.5, 'coverage': 61.9140625, 'max_fitness': 1371.542236328125, 'time_s': 15.489866971969604}
[pgame_seed0] {'iteration': 200, 'evaluations': 51456, 'qd_score': 688589.4375, 'coverage': 62.6953125, 'max_fitness': 1427.741943359375, 'time_s': 15.48271131515503}
[pgame_seed0] {'iteration': 210, 'evaluations': 54016, 'qd_score': 701095.25, 'coverage': 63.37890625, 'max_fitness': 1427.741943359375, 'time_s': 15.518236875534058}
[pgame_seed0] {'iteration': 220, 'evaluations': 56576, 'qd_score': 707475.25, 'coverage': 63.671875, 'max_fitness': 1431.7861328125, 'time_s': 15.501869678497314}
[pgame_seed0] {'iteration': 230, 'evaluations': 59136, 'qd_score': 714277.75, 'coverage': 64.2578125, 'max_fitness': 1431.7861328125, 'time_s': 15.4984712600708}
[pgame_seed0] {'iteration': 240, 'evaluations': 61696, 'qd_score': 722617.25, 'coverage': 64.74609375, 'max_fitness': 1438.4215087890625, 'time_s': 15.471389532089233}
[pgame_seed0] {'iteration': 250, 'evaluations': 64256, 'qd_score': 728992.3125, 'coverage': 65.0390625, 'max_fitness': 1472.010986328125, 'time_s': 15.494726181030273}
[pgame_seed0] {'iteration': 260, 'evaluations': 66816, 'qd_score': 735859.9375, 'coverage': 65.4296875, 'max_fitness': 1488.997314453125, 'time_s': 15.4537672996521}
[pgame_seed0] {'iteration': 270, 'evaluations': 69376, 'qd_score': 740416.4375, 'coverage': 65.625, 'max_fitness': 1530.353271484375, 'time_s': 15.471396684646606}
[pgame_seed0] {'iteration': 280, 'evaluations': 71936, 'qd_score': 747177.4375, 'coverage': 65.91796875, 'max_fitness': 1530.353271484375, 'time_s': 15.49251103401184}
[pgame_seed0] {'iteration': 290, 'evaluations': 74496, 'qd_score': 752217.125, 'coverage': 66.11328125, 'max_fitness': 1530.353271484375, 'time_s': 15.499399185180664}
[pgame_seed0] {'iteration': 300, 'evaluations': 77056, 'qd_score': 756509.5625, 'coverage': 66.40625, 'max_fitness': 1530.353271484375, 'time_s': 15.497223854064941}
[pgame_seed0] {'iteration': 310, 'evaluations': 79616, 'qd_score': 758501.25, 'coverage': 66.50390625, 'max_fitness': 1530.353271484375, 'time_s': 15.482889652252197}
[pgame_seed0] {'iteration': 320, 'evaluations': 82176, 'qd_score': 764492.75, 'coverage': 66.796875, 'max_fitness': 1530.353271484375, 'time_s': 15.472920656204224}
[pgame_seed0] {'iteration': 330, 'evaluations': 84736, 'qd_score': 769253.875, 'coverage': 66.9921875, 'max_fitness': 1579.316162109375, 'time_s': 15.475435733795166}
[pgame_seed0] {'iteration': 340, 'evaluations': 87296, 'qd_score': 772580.0, 'coverage': 67.08984375, 'max_fitness': 1579.316162109375, 'time_s': 15.501734256744385}
[pgame_seed0] {'iteration': 350, 'evaluations': 89856, 'qd_score': 777281.0, 'coverage': 67.3828125, 'max_fitness': 1579.316162109375, 'time_s': 15.496262788772583}
[pgame_seed0] {'iteration': 360, 'evaluations': 92416, 'qd_score': 781667.75, 'coverage': 67.67578125, 'max_fitness': 1579.316162109375, 'time_s': 15.499162673950195}
[pgame_seed0] {'iteration': 370, 'evaluations': 94976, 'qd_score': 785079.25, 'coverage': 67.87109375, 'max_fitness': 1579.316162109375, 'time_s': 15.491870403289795}
[pgame_seed0] {'iteration': 380, 'evaluations': 97536, 'qd_score': 788554.375, 'coverage': 68.06640625, 'max_fitness': 1626.0357666015625, 'time_s': 15.478933572769165}
[pgame_seed0] {'iteration': 390, 'evaluations': 100096, 'qd_score': 791166.8125, 'coverage': 68.26171875, 'max_fitness': 1626.0357666015625, 'time_s': 15.48917293548584}
[pgame_seed0] {'iteration': 400, 'evaluations': 102656, 'qd_score': 794383.125, 'coverage': 68.359375, 'max_fitness': 1626.0357666015625, 'time_s': 15.495231628417969}
[pgame_seed0] {'iteration': 410, 'evaluations': 105216, 'qd_score': 796433.75, 'coverage': 68.45703125, 'max_fitness': 1626.0357666015625, 'time_s': 15.529244661331177}
[pgame_seed0] {'iteration': 420, 'evaluations': 107776, 'qd_score': 802383.875, 'coverage': 68.84765625, 'max_fitness': 1626.0357666015625, 'time_s': 15.605291604995728}
[pgame_seed0] {'iteration': 430, 'evaluations': 110336, 'qd_score': 805909.8125, 'coverage': 69.04296875, 'max_fitness': 1626.0357666015625, 'time_s': 15.554507493972778}
[pgame_seed0] {'iteration': 440, 'evaluations': 112896, 'qd_score': 809222.3125, 'coverage': 69.23828125, 'max_fitness': 1633.9271240234375, 'time_s': 15.516137838363647}
[pgame_seed0] {'iteration': 450, 'evaluations': 115456, 'qd_score': 813272.0, 'coverage': 69.43359375, 'max_fitness': 1633.9271240234375, 'time_s': 15.497801065444946}
[pgame_seed0] {'iteration': 460, 'evaluations': 118016, 'qd_score': 814003.375, 'coverage': 69.43359375, 'max_fitness': 1648.869384765625, 'time_s': 15.470603466033936}
[pgame_seed0] {'iteration': 470, 'evaluations': 120576, 'qd_score': 819666.75, 'coverage': 70.01953125, 'max_fitness': 1648.869384765625, 'time_s': 15.469383239746094}
[pgame_seed0] {'iteration': 480, 'evaluations': 123136, 'qd_score': 820586.125, 'coverage': 70.01953125, 'max_fitness': 1648.869384765625, 'time_s': 15.47472596168518}
[pgame_seed0] {'iteration': 490, 'evaluations': 125696, 'qd_score': 821421.25, 'coverage': 70.01953125, 'max_fitness': 1648.869384765625, 'time_s': 15.502862691879272}
[pgame_seed0] {'iteration': 500, 'evaluations': 128256, 'qd_score': 823706.125, 'coverage': 70.21484375, 'max_fitness': 1672.715087890625, 'time_s': 15.507890224456787}
[pgame_seed0] {'iteration': 510, 'evaluations': 130816, 'qd_score': 826761.125, 'coverage': 70.41015625, 'max_fitness': 1700.374755859375, 'time_s': 15.487741231918335}
[pgame_seed0] {'iteration': 520, 'evaluations': 133376, 'qd_score': 828678.375, 'coverage': 70.5078125, 'max_fitness': 1700.374755859375, 'time_s': 15.43217921257019}
[pgame_seed0] {'iteration': 530, 'evaluations': 135936, 'qd_score': 832856.375, 'coverage': 70.80078125, 'max_fitness': 1700.374755859375, 'time_s': 15.437787294387817}
[pgame_seed0] {'iteration': 540, 'evaluations': 138496, 'qd_score': 835451.9375, 'coverage': 70.99609375, 'max_fitness': 1700.374755859375, 'time_s': 15.447177171707153}
[pgame_seed0] {'iteration': 550, 'evaluations': 141056, 'qd_score': 836253.0625, 'coverage': 70.99609375, 'max_fitness': 1700.374755859375, 'time_s': 15.462045192718506}
[pgame_seed0] {'iteration': 560, 'evaluations': 143616, 'qd_score': 838287.75, 'coverage': 71.09375, 'max_fitness': 1700.374755859375, 'time_s': 15.462411403656006}
[pgame_seed0] {'iteration': 570, 'evaluations': 146176, 'qd_score': 840262.625, 'coverage': 71.19140625, 'max_fitness': 1700.374755859375, 'time_s': 15.475203275680542}
[pgame_seed0] {'iteration': 580, 'evaluations': 148736, 'qd_score': 840909.4375, 'coverage': 71.19140625, 'max_fitness': 1700.374755859375, 'time_s': 15.487427949905396}
[pgame_seed0] {'iteration': 590, 'evaluations': 151296, 'qd_score': 842752.75, 'coverage': 71.2890625, 'max_fitness': 1700.374755859375, 'time_s': 15.484901905059814}
[pgame_seed0] {'iteration': 600, 'evaluations': 153856, 'qd_score': 843783.4375, 'coverage': 71.2890625, 'max_fitness': 1700.374755859375, 'time_s': 15.465837955474854}
[pgame_seed0] {'iteration': 610, 'evaluations': 156416, 'qd_score': 844189.4375, 'coverage': 71.2890625, 'max_fitness': 1700.374755859375, 'time_s': 15.473766326904297}
[pgame_seed0] {'iteration': 620, 'evaluations': 158976, 'qd_score': 844926.375, 'coverage': 71.2890625, 'max_fitness': 1700.374755859375, 'time_s': 15.488450288772583}
[pgame_seed0] {'iteration': 630, 'evaluations': 161536, 'qd_score': 846938.3125, 'coverage': 71.38671875, 'max_fitness': 1700.374755859375, 'time_s': 15.504862785339355}
[pgame_seed0] {'iteration': 640, 'evaluations': 164096, 'qd_score': 847740.5, 'coverage': 71.38671875, 'max_fitness': 1700.374755859375, 'time_s': 15.484797954559326}
[pgame_seed0] {'iteration': 650, 'evaluations': 166656, 'qd_score': 849645.8125, 'coverage': 71.484375, 'max_fitness': 1700.374755859375, 'time_s': 15.44401478767395}
[pgame_seed0] {'iteration': 660, 'evaluations': 169216, 'qd_score': 850300.375, 'coverage': 71.58203125, 'max_fitness': 1700.374755859375, 'time_s': 15.432783842086792}
[pgame_seed0] {'iteration': 670, 'evaluations': 171776, 'qd_score': 850820.25, 'coverage': 71.58203125, 'max_fitness': 1740.987060546875, 'time_s': 15.439769983291626}
[pgame_seed0] {'iteration': 680, 'evaluations': 174336, 'qd_score': 853108.75, 'coverage': 71.77734375, 'max_fitness': 1740.987060546875, 'time_s': 15.461071491241455}
[pgame_seed0] {'iteration': 690, 'evaluations': 176896, 'qd_score': 854619.375, 'coverage': 71.875, 'max_fitness': 1740.987060546875, 'time_s': 15.441476821899414}
[pgame_seed0] {'iteration': 700, 'evaluations': 179456, 'qd_score': 858575.0625, 'coverage': 72.16796875, 'max_fitness': 1740.987060546875, 'time_s': 15.447937250137329}
[pgame_seed0] {'iteration': 710, 'evaluations': 182016, 'qd_score': 859264.375, 'coverage': 72.16796875, 'max_fitness': 1740.987060546875, 'time_s': 15.465221881866455}
[pgame_seed0] {'iteration': 720, 'evaluations': 184576, 'qd_score': 861708.625, 'coverage': 72.36328125, 'max_fitness': 1740.987060546875, 'time_s': 15.493410110473633}
[pgame_seed0] {'iteration': 730, 'evaluations': 187136, 'qd_score': 863143.125, 'coverage': 72.4609375, 'max_fitness': 1740.987060546875, 'time_s': 15.507333040237427}
[pgame_seed0] {'iteration': 740, 'evaluations': 189696, 'qd_score': 865083.375, 'coverage': 72.55859375, 'max_fitness': 1740.987060546875, 'time_s': 15.489071607589722}
[pgame_seed0] {'iteration': 750, 'evaluations': 192256, 'qd_score': 866209.5, 'coverage': 72.55859375, 'max_fitness': 1740.987060546875, 'time_s': 15.479432344436646}
[pgame_seed0] {'iteration': 760, 'evaluations': 194816, 'qd_score': 866565.8125, 'coverage': 72.55859375, 'max_fitness': 1740.987060546875, 'time_s': 15.473418474197388}
[pgame_seed0] {'iteration': 770, 'evaluations': 197376, 'qd_score': 869055.0, 'coverage': 72.75390625, 'max_fitness': 1740.987060546875, 'time_s': 15.409523487091064}
[pgame_seed0] {'iteration': 780, 'evaluations': 199936, 'qd_score': 870791.375, 'coverage': 72.8515625, 'max_fitness': 1809.75927734375, 'time_s': 15.439350128173828}
[pgame_seed0] {'iteration': 790, 'evaluations': 202496, 'qd_score': 871090.25, 'coverage': 72.8515625, 'max_fitness': 1809.75927734375, 'time_s': 15.427274703979492}
[pgame_seed0] {'iteration': 800, 'evaluations': 205056, 'qd_score': 871722.625, 'coverage': 72.8515625, 'max_fitness': 1809.75927734375, 'time_s': 15.447658777236938}
[pgame_seed0] {'iteration': 810, 'evaluations': 207616, 'qd_score': 871936.75, 'coverage': 72.8515625, 'max_fitness': 1809.75927734375, 'time_s': 15.523387670516968}
[pgame_seed0] {'iteration': 820, 'evaluations': 210176, 'qd_score': 872327.9375, 'coverage': 72.8515625, 'max_fitness': 1809.75927734375, 'time_s': 15.578659296035767}
[pgame_seed0] {'iteration': 830, 'evaluations': 212736, 'qd_score': 872737.0, 'coverage': 72.8515625, 'max_fitness': 1809.75927734375, 'time_s': 15.550108194351196}
[pgame_seed0] {'iteration': 840, 'evaluations': 215296, 'qd_score': 874462.25, 'coverage': 72.94921875, 'max_fitness': 1809.75927734375, 'time_s': 15.492161512374878}
[pgame_seed0] {'iteration': 850, 'evaluations': 217856, 'qd_score': 875632.875, 'coverage': 73.046875, 'max_fitness': 1809.75927734375, 'time_s': 15.470384120941162}
[pgame_seed0] {'iteration': 860, 'evaluations': 220416, 'qd_score': 875788.0, 'coverage': 73.046875, 'max_fitness': 1809.75927734375, 'time_s': 15.4309561252594}
[pgame_seed0] {'iteration': 870, 'evaluations': 222976, 'qd_score': 876266.625, 'coverage': 73.046875, 'max_fitness': 1809.75927734375, 'time_s': 15.420586347579956}
[pgame_seed0] {'iteration': 880, 'evaluations': 225536, 'qd_score': 876569.3125, 'coverage': 73.046875, 'max_fitness': 1809.75927734375, 'time_s': 15.441054582595825}
[pgame_seed0] {'iteration': 890, 'evaluations': 228096, 'qd_score': 876892.625, 'coverage': 73.046875, 'max_fitness': 1809.75927734375, 'time_s': 15.441069841384888}
[pgame_seed0] {'iteration': 900, 'evaluations': 230656, 'qd_score': 877928.75, 'coverage': 73.046875, 'max_fitness': 1809.75927734375, 'time_s': 15.465028047561646}
[pgame_seed0] {'iteration': 910, 'evaluations': 233216, 'qd_score': 878359.1875, 'coverage': 73.046875, 'max_fitness': 1809.75927734375, 'time_s': 15.485141038894653}
[pgame_seed0] {'iteration': 920, 'evaluations': 235776, 'qd_score': 878559.5, 'coverage': 73.046875, 'max_fitness': 1809.75927734375, 'time_s': 15.51386833190918}
[pgame_seed0] {'iteration': 930, 'evaluations': 238336, 'qd_score': 879582.4375, 'coverage': 73.046875, 'max_fitness': 1809.75927734375, 'time_s': 15.51316237449646}
[pgame_seed0] {'iteration': 940, 'evaluations': 240896, 'qd_score': 880237.6875, 'coverage': 73.046875, 'max_fitness': 1809.75927734375, 'time_s': 15.498067855834961}
[pgame_seed0] {'iteration': 950, 'evaluations': 243456, 'qd_score': 881554.0, 'coverage': 73.046875, 'max_fitness': 1820.4324951171875, 'time_s': 15.492365598678589}
[pgame_seed0] {'iteration': 960, 'evaluations': 246016, 'qd_score': 881830.75, 'coverage': 73.046875, 'max_fitness': 1820.4324951171875, 'time_s': 15.476662635803223}
[pgame_seed0] {'iteration': 970, 'evaluations': 248576, 'qd_score': 882325.125, 'coverage': 73.046875, 'max_fitness': 1820.4324951171875, 'time_s': 15.481364965438843}
[pgame_seed0] {'iteration': 980, 'evaluations': 251136, 'qd_score': 883974.75, 'coverage': 73.14453125, 'max_fitness': 1820.4324951171875, 'time_s': 15.453981637954712}
[pgame_seed0] {'iteration': 990, 'evaluations': 253696, 'qd_score': 885413.3125, 'coverage': 73.2421875, 'max_fitness': 1820.4324951171875, 'time_s': 15.4793119430542}
[pgame_seed0] {'iteration': 1000, 'evaluations': 256256, 'qd_score': 885751.6875, 'coverage': 73.2421875, 'max_fitness': 1820.4324951171875, 'time_s': 15.470210790634155}
[pgame_seed0] {'iteration': 1010, 'evaluations': 258816, 'qd_score': 886118.9375, 'coverage': 73.2421875, 'max_fitness': 1829.6552734375, 'time_s': 15.457532405853271}
[pgame_seed0] {'iteration': 1020, 'evaluations': 261376, 'qd_score': 886492.5, 'coverage': 73.2421875, 'max_fitness': 1829.6552734375, 'time_s': 15.406461715698242}
[pgame_seed0] {'iteration': 1030, 'evaluations': 263936, 'qd_score': 889162.625, 'coverage': 73.4375, 'max_fitness': 1829.6552734375, 'time_s': 15.43667459487915}
[pgame_seed0] {'iteration': 1040, 'evaluations': 266496, 'qd_score': 890291.5, 'coverage': 73.4375, 'max_fitness': 1829.6552734375, 'time_s': 15.454058170318604}
[pgame_seed0] {'iteration': 1050, 'evaluations': 269056, 'qd_score': 891434.125, 'coverage': 73.53515625, 'max_fitness': 1829.6552734375, 'time_s': 15.466968059539795}
[pgame_seed0] {'iteration': 1060, 'evaluations': 271616, 'qd_score': 893408.375, 'coverage': 73.6328125, 'max_fitness': 1829.6552734375, 'time_s': 15.46293330192566}
[pgame_seed0] {'iteration': 1070, 'evaluations': 274176, 'qd_score': 894893.625, 'coverage': 73.73046875, 'max_fitness': 1829.6552734375, 'time_s': 15.474244356155396}
[pgame_seed0] {'iteration': 1080, 'evaluations': 276736, 'qd_score': 896242.125, 'coverage': 73.828125, 'max_fitness': 1829.6552734375, 'time_s': 15.448832273483276}
[pgame_seed0] {'iteration': 1090, 'evaluations': 279296, 'qd_score': 896526.5625, 'coverage': 73.828125, 'max_fitness': 1829.6552734375, 'time_s': 15.459181785583496}
[pgame_seed0] {'iteration': 1100, 'evaluations': 281856, 'qd_score': 896952.6875, 'coverage': 73.828125, 'max_fitness': 1829.6552734375, 'time_s': 15.44978141784668}
[pgame_seed0] {'iteration': 1110, 'evaluations': 284416, 'qd_score': 897304.9375, 'coverage': 73.828125, 'max_fitness': 1829.6552734375, 'time_s': 15.465138673782349}
[pgame_seed0] {'iteration': 1120, 'evaluations': 286976, 'qd_score': 900342.875, 'coverage': 74.12109375, 'max_fitness': 1829.6552734375, 'time_s': 15.468558073043823}
[pgame_seed0] {'iteration': 1130, 'evaluations': 289536, 'qd_score': 900980.375, 'coverage': 74.12109375, 'max_fitness': 1829.6552734375, 'time_s': 15.474131345748901}
[pgame_seed0] {'iteration': 1140, 'evaluations': 292096, 'qd_score': 901159.0, 'coverage': 74.12109375, 'max_fitness': 1829.6552734375, 'time_s': 15.48357367515564}
[pgame_seed0] {'iteration': 1150, 'evaluations': 294656, 'qd_score': 902587.875, 'coverage': 74.21875, 'max_fitness': 1829.6552734375, 'time_s': 15.493673324584961}
[pgame_seed0] {'iteration': 1160, 'evaluations': 297216, 'qd_score': 902919.4375, 'coverage': 74.21875, 'max_fitness': 1829.6552734375, 'time_s': 15.486050844192505}
[pgame_seed0] {'iteration': 1170, 'evaluations': 299776, 'qd_score': 903611.0, 'coverage': 74.21875, 'max_fitness': 1829.6552734375, 'time_s': 15.467623710632324}
[pgame_seed0] {'iteration': 1180, 'evaluations': 302336, 'qd_score': 904928.75, 'coverage': 74.31640625, 'max_fitness': 1831.9171142578125, 'time_s': 15.475637197494507}
[pgame_seed0] {'iteration': 1190, 'evaluations': 304896, 'qd_score': 906335.75, 'coverage': 74.4140625, 'max_fitness': 1845.0411376953125, 'time_s': 15.469274759292603}
[pgame_seed0] {'iteration': 1200, 'evaluations': 307456, 'qd_score': 907475.0, 'coverage': 74.51171875, 'max_fitness': 1845.0411376953125, 'time_s': 15.484650135040283}
[pgame_seed0] {'iteration': 1210, 'evaluations': 310016, 'qd_score': 907797.125, 'coverage': 74.51171875, 'max_fitness': 1845.0411376953125, 'time_s': 15.570698738098145}
[pgame_seed0] {'iteration': 1220, 'evaluations': 312576, 'qd_score': 908102.4375, 'coverage': 74.51171875, 'max_fitness': 1845.0411376953125, 'time_s': 15.613694667816162}
[pgame_seed0] {'iteration': 1230, 'evaluations': 315136, 'qd_score': 908449.25, 'coverage': 74.51171875, 'max_fitness': 1845.0411376953125, 'time_s': 15.566503047943115}
[pgame_seed0] {'iteration': 1240, 'evaluations': 317696, 'qd_score': 909192.25, 'coverage': 74.51171875, 'max_fitness': 1845.0411376953125, 'time_s': 15.519540309906006}
[pgame_seed0] {'iteration': 1250, 'evaluations': 320256, 'qd_score': 909407.1875, 'coverage': 74.51171875, 'max_fitness': 1845.0411376953125, 'time_s': 15.5024254322052}
[pgame_seed0] {'iteration': 1260, 'evaluations': 322816, 'qd_score': 909745.75, 'coverage': 74.51171875, 'max_fitness': 1852.93408203125, 'time_s': 15.49162220954895}
[pgame_seed0] {'iteration': 1270, 'evaluations': 325376, 'qd_score': 910028.75, 'coverage': 74.51171875, 'max_fitness': 1852.93408203125, 'time_s': 15.426689386367798}
[pgame_seed0] {'iteration': 1280, 'evaluations': 327936, 'qd_score': 910265.375, 'coverage': 74.51171875, 'max_fitness': 1852.93408203125, 'time_s': 15.460817337036133}
[pgame_seed0] {'iteration': 1290, 'evaluations': 330496, 'qd_score': 910525.75, 'coverage': 74.51171875, 'max_fitness': 1852.93408203125, 'time_s': 15.452882289886475}
[pgame_seed0] {'iteration': 1300, 'evaluations': 333056, 'qd_score': 914038.625, 'coverage': 74.8046875, 'max_fitness': 1852.93408203125, 'time_s': 15.478648662567139}
[pgame_seed0] {'iteration': 1310, 'evaluations': 335616, 'qd_score': 914262.5625, 'coverage': 74.8046875, 'max_fitness': 1852.93408203125, 'time_s': 15.462769985198975}
[pgame_seed0] {'iteration': 1320, 'evaluations': 338176, 'qd_score': 915697.5, 'coverage': 74.90234375, 'max_fitness': 1852.93408203125, 'time_s': 15.465815782546997}
[pgame_seed0] {'iteration': 1330, 'evaluations': 340736, 'qd_score': 916982.3125, 'coverage': 75.0, 'max_fitness': 1852.93408203125, 'time_s': 15.472132205963135}
[pgame_seed0] {'iteration': 1340, 'evaluations': 343296, 'qd_score': 917503.0, 'coverage': 75.09765625, 'max_fitness': 1852.93408203125, 'time_s': 15.48949670791626}
[pgame_seed0] {'iteration': 1350, 'evaluations': 345856, 'qd_score': 917685.9375, 'coverage': 75.09765625, 'max_fitness': 1852.93408203125, 'time_s': 15.475951910018921}
[pgame_seed0] {'iteration': 1360, 'evaluations': 348416, 'qd_score': 917803.5, 'coverage': 75.09765625, 'max_fitness': 1852.93408203125, 'time_s': 15.467952489852905}
[pgame_seed0] {'iteration': 1370, 'evaluations': 350976, 'qd_score': 918218.25, 'coverage': 75.09765625, 'max_fitness': 1852.93408203125, 'time_s': 15.49141240119934}
[pgame_seed0] {'iteration': 1380, 'evaluations': 353536, 'qd_score': 918458.9375, 'coverage': 75.09765625, 'max_fitness': 1852.93408203125, 'time_s': 15.493871688842773}
[pgame_seed0] {'iteration': 1390, 'evaluations': 356096, 'qd_score': 918789.5, 'coverage': 75.09765625, 'max_fitness': 1852.93408203125, 'time_s': 15.476133346557617}
[pgame_seed0] {'iteration': 1400, 'evaluations': 358656, 'qd_score': 920142.375, 'coverage': 75.1953125, 'max_fitness': 1852.93408203125, 'time_s': 15.465520143508911}
[pgame_seed0] {'iteration': 1410, 'evaluations': 361216, 'qd_score': 921734.75, 'coverage': 75.29296875, 'max_fitness': 1852.93408203125, 'time_s': 15.454073429107666}
[pgame_seed0] {'iteration': 1420, 'evaluations': 363776, 'qd_score': 921879.0625, 'coverage': 75.29296875, 'max_fitness': 1852.93408203125, 'time_s': 15.448559999465942}
[pgame_seed0] {'iteration': 1430, 'evaluations': 366336, 'qd_score': 922191.5, 'coverage': 75.29296875, 'max_fitness': 1852.93408203125, 'time_s': 15.463537454605103}
[pgame_seed0] {'iteration': 1440, 'evaluations': 368896, 'qd_score': 922458.125, 'coverage': 75.29296875, 'max_fitness': 1852.93408203125, 'time_s': 15.46234941482544}
[pgame_seed0] {'iteration': 1450, 'evaluations': 371456, 'qd_score': 922577.625, 'coverage': 75.29296875, 'max_fitness': 1852.93408203125, 'time_s': 15.471842765808105}
[pgame_seed0] {'iteration': 1460, 'evaluations': 374016, 'qd_score': 924054.0, 'coverage': 75.390625, 'max_fitness': 1852.93408203125, 'time_s': 15.458839178085327}
[pgame_seed0] {'iteration': 1470, 'evaluations': 376576, 'qd_score': 924633.0, 'coverage': 75.390625, 'max_fitness': 1852.93408203125, 'time_s': 15.483397245407104}
[pgame_seed0] {'iteration': 1480, 'evaluations': 379136, 'qd_score': 925205.0625, 'coverage': 75.390625, 'max_fitness': 1852.93408203125, 'time_s': 15.450279235839844}
[pgame_seed0] {'iteration': 1490, 'evaluations': 381696, 'qd_score': 925303.0, 'coverage': 75.390625, 'max_fitness': 1852.93408203125, 'time_s': 15.466958284378052}
[pgame_seed0] {'iteration': 1500, 'evaluations': 384256, 'qd_score': 925573.625, 'coverage': 75.390625, 'max_fitness': 1852.93408203125, 'time_s': 15.481750249862671}
[pgame_seed0] {'iteration': 1510, 'evaluations': 386816, 'qd_score': 925889.1875, 'coverage': 75.390625, 'max_fitness': 1852.93408203125, 'time_s': 15.455783128738403}
[pgame_seed0] {'iteration': 1520, 'evaluations': 389376, 'qd_score': 926104.8125, 'coverage': 75.390625, 'max_fitness': 1852.93408203125, 'time_s': 15.411116600036621}
[pgame_seed0] {'iteration': 1530, 'evaluations': 391936, 'qd_score': 926171.8125, 'coverage': 75.390625, 'max_fitness': 1852.93408203125, 'time_s': 15.428217649459839}
[pgame_seed0] {'iteration': 1540, 'evaluations': 394496, 'qd_score': 926472.125, 'coverage': 75.390625, 'max_fitness': 1852.93408203125, 'time_s': 15.457324981689453}
[pgame_seed0] {'iteration': 1550, 'evaluations': 397056, 'qd_score': 926535.875, 'coverage': 75.390625, 'max_fitness': 1852.93408203125, 'time_s': 15.448987483978271}
[pgame_seed0] {'iteration': 1560, 'evaluations': 399616, 'qd_score': 926652.8125, 'coverage': 75.390625, 'max_fitness': 1852.93408203125, 'time_s': 15.4531409740448}
[pgame_seed0] {'iteration': 1570, 'evaluations': 402176, 'qd_score': 927060.0625, 'coverage': 75.390625, 'max_fitness': 1852.93408203125, 'time_s': 15.452897310256958}
[pgame_seed0] {'iteration': 1580, 'evaluations': 404736, 'qd_score': 927195.25, 'coverage': 75.390625, 'max_fitness': 1852.93408203125, 'time_s': 15.447213172912598}
[pgame_seed0] {'iteration': 1590, 'evaluations': 407296, 'qd_score': 927269.5, 'coverage': 75.390625, 'max_fitness': 1852.93408203125, 'time_s': 15.455196857452393}
[pgame_seed0] {'iteration': 1600, 'evaluations': 409856, 'qd_score': 927340.1875, 'coverage': 75.390625, 'max_fitness': 1852.93408203125, 'time_s': 15.541486740112305}
[pgame_seed0] {'iteration': 1610, 'evaluations': 412416, 'qd_score': 928514.375, 'coverage': 75.48828125, 'max_fitness': 1852.93408203125, 'time_s': 15.586333513259888}
[pgame_seed0] {'iteration': 1620, 'evaluations': 414976, 'qd_score': 928620.25, 'coverage': 75.48828125, 'max_fitness': 1852.93408203125, 'time_s': 15.557255268096924}
[pgame_seed0] {'iteration': 1630, 'evaluations': 417536, 'qd_score': 928652.5625, 'coverage': 75.48828125, 'max_fitness': 1852.93408203125, 'time_s': 15.498500347137451}
[pgame_seed0] {'iteration': 1640, 'evaluations': 420096, 'qd_score': 928762.3125, 'coverage': 75.48828125, 'max_fitness': 1852.93408203125, 'time_s': 15.448744058609009}
[pgame_seed0] {'iteration': 1650, 'evaluations': 422656, 'qd_score': 928917.1875, 'coverage': 75.48828125, 'max_fitness': 1852.93408203125, 'time_s': 15.42788314819336}
[pgame_seed0] {'iteration': 1660, 'evaluations': 425216, 'qd_score': 930387.0, 'coverage': 75.5859375, 'max_fitness': 1852.93408203125, 'time_s': 15.437357902526855}
[pgame_seed0] {'iteration': 1670, 'evaluations': 427776, 'qd_score': 930527.0, 'coverage': 75.5859375, 'max_fitness': 1852.93408203125, 'time_s': 15.450562715530396}
[pgame_seed0] {'iteration': 1680, 'evaluations': 430336, 'qd_score': 930928.1875, 'coverage': 75.5859375, 'max_fitness': 1858.71484375, 'time_s': 15.456500768661499}
[pgame_seed0] {'iteration': 1690, 'evaluations': 432896, 'qd_score': 931159.875, 'coverage': 75.5859375, 'max_fitness': 1858.71484375, 'time_s': 15.466829776763916}
[pgame_seed0] {'iteration': 1700, 'evaluations': 435456, 'qd_score': 931410.75, 'coverage': 75.5859375, 'max_fitness': 1858.71484375, 'time_s': 15.511281728744507}
[pgame_seed0] {'iteration': 1710, 'evaluations': 438016, 'qd_score': 931575.5625, 'coverage': 75.5859375, 'max_fitness': 1858.71484375, 'time_s': 15.508405447006226}
[pgame_seed0] {'iteration': 1720, 'evaluations': 440576, 'qd_score': 932899.5, 'coverage': 75.68359375, 'max_fitness': 1858.71484375, 'time_s': 15.447641372680664}
[pgame_seed0] {'iteration': 1730, 'evaluations': 443136, 'qd_score': 933051.875, 'coverage': 75.68359375, 'max_fitness': 1858.71484375, 'time_s': 15.41849946975708}
[pgame_seed0] {'iteration': 1740, 'evaluations': 445696, 'qd_score': 933305.9375, 'coverage': 75.68359375, 'max_fitness': 1867.207763671875, 'time_s': 15.385140180587769}
[pgame_seed0] {'iteration': 1750, 'evaluations': 448256, 'qd_score': 934694.875, 'coverage': 75.78125, 'max_fitness': 1867.207763671875, 'time_s': 15.357746362686157}
[pgame_seed0] {'iteration': 1760, 'evaluations': 450816, 'qd_score': 934842.5, 'coverage': 75.78125, 'max_fitness': 1867.207763671875, 'time_s': 15.396690130233765}
[pgame_seed0] {'iteration': 1770, 'evaluations': 453376, 'qd_score': 936159.0, 'coverage': 75.87890625, 'max_fitness': 1867.207763671875, 'time_s': 15.356014013290405}
[pgame_seed0] {'iteration': 1780, 'evaluations': 455936, 'qd_score': 937509.875, 'coverage': 75.9765625, 'max_fitness': 1867.207763671875, 'time_s': 15.395273447036743}
[pgame_seed0] {'iteration': 1790, 'evaluations': 458496, 'qd_score': 937668.125, 'coverage': 75.9765625, 'max_fitness': 1867.207763671875, 'time_s': 15.414906024932861}
[pgame_seed0] {'iteration': 1800, 'evaluations': 461056, 'qd_score': 939432.125, 'coverage': 76.07421875, 'max_fitness': 1867.207763671875, 'time_s': 15.419283151626587}
[pgame_seed0] {'iteration': 1810, 'evaluations': 463616, 'qd_score': 939966.6875, 'coverage': 76.171875, 'max_fitness': 1867.207763671875, 'time_s': 15.394772052764893}
[pgame_seed0] {'iteration': 1820, 'evaluations': 466176, 'qd_score': 940136.0, 'coverage': 76.171875, 'max_fitness': 1867.207763671875, 'time_s': 15.368777513504028}
[pgame_seed0] {'iteration': 1830, 'evaluations': 468736, 'qd_score': 941394.0, 'coverage': 76.26953125, 'max_fitness': 1867.207763671875, 'time_s': 15.371999025344849}
[pgame_seed0] {'iteration': 1840, 'evaluations': 471296, 'qd_score': 943452.5, 'coverage': 76.26953125, 'max_fitness': 1867.207763671875, 'time_s': 15.372762680053711}
[pgame_seed0] {'iteration': 1850, 'evaluations': 473856, 'qd_score': 944028.1875, 'coverage': 76.26953125, 'max_fitness': 1867.207763671875, 'time_s': 15.392828226089478}
[pgame_seed0] {'iteration': 1860, 'evaluations': 476416, 'qd_score': 944221.0, 'coverage': 76.26953125, 'max_fitness': 1867.207763671875, 'time_s': 15.389061450958252}
[pgame_seed0] {'iteration': 1870, 'evaluations': 478976, 'qd_score': 944490.6875, 'coverage': 76.26953125, 'max_fitness': 1867.207763671875, 'time_s': 15.39306902885437}
[pgame_seed0] {'iteration': 1880, 'evaluations': 481536, 'qd_score': 946013.25, 'coverage': 76.3671875, 'max_fitness': 1867.207763671875, 'time_s': 15.399271488189697}
[pgame_seed0] {'iteration': 1890, 'evaluations': 484096, 'qd_score': 946375.0, 'coverage': 76.3671875, 'max_fitness': 1867.207763671875, 'time_s': 15.416404724121094}
[pgame_seed0] {'iteration': 1900, 'evaluations': 486656, 'qd_score': 946733.0625, 'coverage': 76.3671875, 'max_fitness': 1867.207763671875, 'time_s': 15.404283285140991}
[pgame_seed0] {'iteration': 1910, 'evaluations': 489216, 'qd_score': 946867.875, 'coverage': 76.3671875, 'max_fitness': 1867.207763671875, 'time_s': 15.42457890510559}
[pgame_seed0] {'iteration': 1920, 'evaluations': 491776, 'qd_score': 947113.25, 'coverage': 76.3671875, 'max_fitness': 1867.207763671875, 'time_s': 15.3913893699646}
[pgame_seed0] {'iteration': 1930, 'evaluations': 494336, 'qd_score': 948354.75, 'coverage': 76.46484375, 'max_fitness': 1867.207763671875, 'time_s': 15.404409408569336}
[pgame_seed0] {'iteration': 1940, 'evaluations': 496896, 'qd_score': 948561.0, 'coverage': 76.46484375, 'max_fitness': 1867.207763671875, 'time_s': 15.39475417137146}
[pgame_seed0] {'iteration': 1950, 'evaluations': 499456, 'qd_score': 948806.375, 'coverage': 76.46484375, 'max_fitness': 1867.207763671875, 'time_s': 15.401092052459717}
[pgame_seed0] {'iteration': 1960, 'evaluations': 502016, 'qd_score': 950091.75, 'coverage': 76.5625, 'max_fitness': 1867.207763671875, 'time_s': 15.419563293457031}
[pgame_seed0] {'iteration': 1970, 'evaluations': 504576, 'qd_score': 953088.0625, 'coverage': 76.7578125, 'max_fitness': 1867.207763671875, 'time_s': 15.397541761398315}
[pgame_seed0] {'iteration': 1980, 'evaluations': 507136, 'qd_score': 953273.875, 'coverage': 76.7578125, 'max_fitness': 1867.207763671875, 'time_s': 15.432384967803955}
[pgame_seed0] {'iteration': 1990, 'evaluations': 509696, 'qd_score': 953576.0625, 'coverage': 76.7578125, 'max_fitness': 1867.207763671875, 'time_s': 15.39833664894104}
[pgame_seed0] {'iteration': 2000, 'evaluations': 512256, 'qd_score': 953790.5, 'coverage': 76.7578125, 'max_fitness': 1867.207763671875, 'time_s': 15.419364929199219}
fatal: not a git repository (or any parent up to mount point /kaggle)
Stopping at filesystem boundary (GIT_DISCOVERY_ACROSS_FILESYSTEM not set).
[pgame_seed0] terminé en 3146 s -> /kaggle/working/outputs/pgame_seed0
