Gym has been unmaintained since 2022 and does not support NumPy 2.0 amongst other critical functionality.
Please upgrade to Gymnasium, the maintained drop-in replacement of Gym, or contact the authors of your software and request that they upgrade.
Users of this version of Gym should be able to simply replace 'import gym' with 'import gymnasium as gym' in the vast majority of cases.
See the migration guide at https://gymnasium.farama.org/introduction/migration_guide/ for additional information.
[pgame_seed2] init : {'iteration': 0, 'evaluations': 256, 'qd_score': 101815.53125, 'coverage': 9.9609375, 'max_fitness': 1049.9345703125, 'time_s': 12.342042922973633}
[pgame_seed2] {'iteration': 10, 'evaluations': 2816, 'qd_score': 330209.25, 'coverage': 35.44921875, 'max_fitness': 1056.462890625, 'time_s': 36.77959656715393}
[pgame_seed2] {'iteration': 20, 'evaluations': 5376, 'qd_score': 402328.6875, 'coverage': 41.89453125, 'max_fitness': 1060.100341796875, 'time_s': 15.110629081726074}
[pgame_seed2] {'iteration': 30, 'evaluations': 7936, 'qd_score': 442619.5625, 'coverage': 45.41015625, 'max_fitness': 1062.0172119140625, 'time_s': 15.186325311660767}
[pgame_seed2] {'iteration': 40, 'evaluations': 10496, 'qd_score': 470043.3125, 'coverage': 47.94921875, 'max_fitness': 1067.998291015625, 'time_s': 15.318263530731201}
[pgame_seed2] {'iteration': 50, 'evaluations': 13056, 'qd_score': 493933.9375, 'coverage': 50.1953125, 'max_fitness': 1082.664306640625, 'time_s': 15.37365174293518}
[pgame_seed2] {'iteration': 60, 'evaluations': 15616, 'qd_score': 514675.71875, 'coverage': 51.7578125, 'max_fitness': 1083.6695556640625, 'time_s': 15.440426349639893}
[pgame_seed2] {'iteration': 70, 'evaluations': 18176, 'qd_score': 531183.6875, 'coverage': 53.125, 'max_fitness': 1087.530029296875, 'time_s': 15.480435609817505}
[pgame_seed2] {'iteration': 80, 'evaluations': 20736, 'qd_score': 542186.25, 'coverage': 53.90625, 'max_fitness': 1089.255615234375, 'time_s': 15.485388994216919}
[pgame_seed2] {'iteration': 90, 'evaluations': 23296, 'qd_score': 554544.625, 'coverage': 55.078125, 'max_fitness': 1097.425048828125, 'time_s': 15.514441728591919}
[pgame_seed2] {'iteration': 100, 'evaluations': 25856, 'qd_score': 564147.875, 'coverage': 55.76171875, 'max_fitness': 1097.425048828125, 'time_s': 15.505902290344238}
[pgame_seed2] {'iteration': 110, 'evaluations': 28416, 'qd_score': 575746.1875, 'coverage': 56.640625, 'max_fitness': 1097.8951416015625, 'time_s': 15.521800756454468}
[pgame_seed2] {'iteration': 120, 'evaluations': 30976, 'qd_score': 584875.8125, 'coverage': 57.51953125, 'max_fitness': 1097.8951416015625, 'time_s': 15.515830516815186}
[pgame_seed2] {'iteration': 130, 'evaluations': 33536, 'qd_score': 594225.75, 'coverage': 58.30078125, 'max_fitness': 1117.169677734375, 'time_s': 15.466150760650635}
[pgame_seed2] {'iteration': 140, 'evaluations': 36096, 'qd_score': 603026.25, 'coverage': 58.984375, 'max_fitness': 1117.169677734375, 'time_s': 15.460437059402466}
[pgame_seed2] {'iteration': 150, 'evaluations': 38656, 'qd_score': 605249.25, 'coverage': 59.08203125, 'max_fitness': 1117.169677734375, 'time_s': 15.460321426391602}
[pgame_seed2] {'iteration': 160, 'evaluations': 41216, 'qd_score': 609476.875, 'coverage': 59.375, 'max_fitness': 1117.169677734375, 'time_s': 15.464627742767334}
[pgame_seed2] {'iteration': 170, 'evaluations': 43776, 'qd_score': 615972.9375, 'coverage': 59.9609375, 'max_fitness': 1117.169677734375, 'time_s': 15.500409364700317}
[pgame_seed2] {'iteration': 180, 'evaluations': 46336, 'qd_score': 618002.625, 'coverage': 60.05859375, 'max_fitness': 1117.169677734375, 'time_s': 15.494425296783447}
[pgame_seed2] {'iteration': 190, 'evaluations': 48896, 'qd_score': 623900.625, 'coverage': 60.44921875, 'max_fitness': 1128.06298828125, 'time_s': 15.513905048370361}
[pgame_seed2] {'iteration': 200, 'evaluations': 51456, 'qd_score': 627259.0625, 'coverage': 60.7421875, 'max_fitness': 1128.06298828125, 'time_s': 15.501743078231812}
[pgame_seed2] {'iteration': 210, 'evaluations': 54016, 'qd_score': 630497.3125, 'coverage': 61.03515625, 'max_fitness': 1136.954833984375, 'time_s': 15.479275226593018}
[pgame_seed2] {'iteration': 220, 'evaluations': 56576, 'qd_score': 633017.75, 'coverage': 61.23046875, 'max_fitness': 1136.954833984375, 'time_s': 15.462310314178467}
[pgame_seed2] {'iteration': 230, 'evaluations': 59136, 'qd_score': 637977.625, 'coverage': 61.5234375, 'max_fitness': 1137.942626953125, 'time_s': 15.446507692337036}
[pgame_seed2] {'iteration': 240, 'evaluations': 61696, 'qd_score': 639416.75, 'coverage': 61.5234375, 'max_fitness': 1137.942626953125, 'time_s': 15.460755109786987}
[pgame_seed2] {'iteration': 250, 'evaluations': 64256, 'qd_score': 641403.0625, 'coverage': 61.62109375, 'max_fitness': 1137.942626953125, 'time_s': 15.473297834396362}
[pgame_seed2] {'iteration': 260, 'evaluations': 66816, 'qd_score': 643242.125, 'coverage': 61.71875, 'max_fitness': 1137.942626953125, 'time_s': 15.454319477081299}
[pgame_seed2] {'iteration': 270, 'evaluations': 69376, 'qd_score': 646951.875, 'coverage': 62.01171875, 'max_fitness': 1142.545654296875, 'time_s': 15.464036703109741}
[pgame_seed2] {'iteration': 280, 'evaluations': 71936, 'qd_score': 647718.5, 'coverage': 62.01171875, 'max_fitness': 1142.545654296875, 'time_s': 15.466345071792603}
[pgame_seed2] {'iteration': 290, 'evaluations': 74496, 'qd_score': 648328.375, 'coverage': 62.01171875, 'max_fitness': 1143.0576171875, 'time_s': 15.466158390045166}
[pgame_seed2] {'iteration': 300, 'evaluations': 77056, 'qd_score': 650501.375, 'coverage': 62.109375, 'max_fitness': 1172.3785400390625, 'time_s': 15.437301397323608}
[pgame_seed2] {'iteration': 310, 'evaluations': 79616, 'qd_score': 652874.375, 'coverage': 62.109375, 'max_fitness': 1186.163330078125, 'time_s': 15.424400329589844}
[pgame_seed2] {'iteration': 320, 'evaluations': 82176, 'qd_score': 660549.875, 'coverage': 62.59765625, 'max_fitness': 1186.163330078125, 'time_s': 15.417069673538208}
[pgame_seed2] {'iteration': 330, 'evaluations': 84736, 'qd_score': 666356.5, 'coverage': 62.6953125, 'max_fitness': 1215.0859375, 'time_s': 15.426971435546875}
[pgame_seed2] {'iteration': 340, 'evaluations': 87296, 'qd_score': 671030.8125, 'coverage': 62.79296875, 'max_fitness': 1215.0859375, 'time_s': 15.44202709197998}
[pgame_seed2] {'iteration': 350, 'evaluations': 89856, 'qd_score': 681337.5, 'coverage': 63.57421875, 'max_fitness': 1231.6563720703125, 'time_s': 15.465004205703735}
[pgame_seed2] {'iteration': 360, 'evaluations': 92416, 'qd_score': 688922.5, 'coverage': 64.16015625, 'max_fitness': 1245.809814453125, 'time_s': 15.430785417556763}
[pgame_seed2] {'iteration': 370, 'evaluations': 94976, 'qd_score': 692331.5, 'coverage': 64.35546875, 'max_fitness': 1245.809814453125, 'time_s': 15.429814338684082}
[pgame_seed2] {'iteration': 380, 'evaluations': 97536, 'qd_score': 695986.875, 'coverage': 64.55078125, 'max_fitness': 1250.79345703125, 'time_s': 15.429502725601196}
[pgame_seed2] {'iteration': 390, 'evaluations': 100096, 'qd_score': 701131.0, 'coverage': 64.84375, 'max_fitness': 1298.19921875, 'time_s': 15.423996925354004}
[pgame_seed2] {'iteration': 400, 'evaluations': 102656, 'qd_score': 708339.0, 'coverage': 65.33203125, 'max_fitness': 1298.19921875, 'time_s': 15.415133953094482}
[pgame_seed2] {'iteration': 410, 'evaluations': 105216, 'qd_score': 714198.5625, 'coverage': 65.72265625, 'max_fitness': 1342.618408203125, 'time_s': 15.451699495315552}
[pgame_seed2] {'iteration': 420, 'evaluations': 107776, 'qd_score': 721498.6875, 'coverage': 65.91796875, 'max_fitness': 1342.618408203125, 'time_s': 15.449833154678345}
[pgame_seed2] {'iteration': 430, 'evaluations': 110336, 'qd_score': 724431.8125, 'coverage': 65.91796875, 'max_fitness': 1342.618408203125, 'time_s': 15.430704832077026}
[pgame_seed2] {'iteration': 440, 'evaluations': 112896, 'qd_score': 732440.4375, 'coverage': 66.2109375, 'max_fitness': 1365.26806640625, 'time_s': 15.40698766708374}
[pgame_seed2] {'iteration': 450, 'evaluations': 115456, 'qd_score': 734955.25, 'coverage': 66.30859375, 'max_fitness': 1365.26806640625, 'time_s': 15.402232885360718}
[pgame_seed2] {'iteration': 460, 'evaluations': 118016, 'qd_score': 739654.75, 'coverage': 66.50390625, 'max_fitness': 1373.9532470703125, 'time_s': 15.395028352737427}
[pgame_seed2] {'iteration': 470, 'evaluations': 120576, 'qd_score': 745685.5625, 'coverage': 66.796875, 'max_fitness': 1437.598388671875, 'time_s': 15.404775857925415}
[pgame_seed2] {'iteration': 480, 'evaluations': 123136, 'qd_score': 751326.6875, 'coverage': 67.1875, 'max_fitness': 1454.479248046875, 'time_s': 15.431081056594849}
[pgame_seed2] {'iteration': 490, 'evaluations': 125696, 'qd_score': 754250.625, 'coverage': 67.28515625, 'max_fitness': 1454.479248046875, 'time_s': 15.447687149047852}
[pgame_seed2] {'iteration': 500, 'evaluations': 128256, 'qd_score': 758676.875, 'coverage': 67.578125, 'max_fitness': 1454.479248046875, 'time_s': 15.452589511871338}
[pgame_seed2] {'iteration': 510, 'evaluations': 130816, 'qd_score': 760711.5625, 'coverage': 67.578125, 'max_fitness': 1454.479248046875, 'time_s': 15.445056915283203}
[pgame_seed2] {'iteration': 520, 'evaluations': 133376, 'qd_score': 764915.75, 'coverage': 67.7734375, 'max_fitness': 1454.479248046875, 'time_s': 15.41395616531372}
[pgame_seed2] {'iteration': 530, 'evaluations': 135936, 'qd_score': 769447.375, 'coverage': 67.87109375, 'max_fitness': 1454.479248046875, 'time_s': 15.428774356842041}
[pgame_seed2] {'iteration': 540, 'evaluations': 138496, 'qd_score': 774036.5, 'coverage': 68.1640625, 'max_fitness': 1454.479248046875, 'time_s': 15.435505151748657}
[pgame_seed2] {'iteration': 550, 'evaluations': 141056, 'qd_score': 778530.5, 'coverage': 68.45703125, 'max_fitness': 1454.479248046875, 'time_s': 15.453118562698364}
[pgame_seed2] {'iteration': 560, 'evaluations': 143616, 'qd_score': 780988.125, 'coverage': 68.5546875, 'max_fitness': 1454.479248046875, 'time_s': 15.449896574020386}
[pgame_seed2] {'iteration': 570, 'evaluations': 146176, 'qd_score': 782779.25, 'coverage': 68.5546875, 'max_fitness': 1474.970458984375, 'time_s': 15.443521499633789}
[pgame_seed2] {'iteration': 580, 'evaluations': 148736, 'qd_score': 787524.4375, 'coverage': 68.84765625, 'max_fitness': 1474.970458984375, 'time_s': 15.426594257354736}
[pgame_seed2] {'iteration': 590, 'evaluations': 151296, 'qd_score': 789969.4375, 'coverage': 68.9453125, 'max_fitness': 1495.791015625, 'time_s': 15.434834718704224}
[pgame_seed2] {'iteration': 600, 'evaluations': 153856, 'qd_score': 790859.6875, 'coverage': 68.9453125, 'max_fitness': 1530.6165771484375, 'time_s': 15.433204650878906}
[pgame_seed2] {'iteration': 610, 'evaluations': 156416, 'qd_score': 794101.25, 'coverage': 69.140625, 'max_fitness': 1530.6165771484375, 'time_s': 15.441275119781494}
[pgame_seed2] {'iteration': 620, 'evaluations': 158976, 'qd_score': 798348.0, 'coverage': 69.43359375, 'max_fitness': 1530.6165771484375, 'time_s': 15.459859848022461}
[pgame_seed2] {'iteration': 630, 'evaluations': 161536, 'qd_score': 800831.75, 'coverage': 69.62890625, 'max_fitness': 1551.132080078125, 'time_s': 15.450112342834473}
[pgame_seed2] {'iteration': 640, 'evaluations': 164096, 'qd_score': 805500.75, 'coverage': 69.921875, 'max_fitness': 1551.132080078125, 'time_s': 15.440438747406006}
[pgame_seed2] {'iteration': 650, 'evaluations': 166656, 'qd_score': 808648.375, 'coverage': 70.01953125, 'max_fitness': 1551.132080078125, 'time_s': 15.43211030960083}
[pgame_seed2] {'iteration': 660, 'evaluations': 169216, 'qd_score': 810211.75, 'coverage': 70.01953125, 'max_fitness': 1551.132080078125, 'time_s': 15.432359218597412}
[pgame_seed2] {'iteration': 670, 'evaluations': 171776, 'qd_score': 811506.5625, 'coverage': 70.01953125, 'max_fitness': 1551.132080078125, 'time_s': 15.451843023300171}
[pgame_seed2] {'iteration': 680, 'evaluations': 174336, 'qd_score': 812169.875, 'coverage': 70.01953125, 'max_fitness': 1551.132080078125, 'time_s': 15.462666511535645}
[pgame_seed2] {'iteration': 690, 'evaluations': 176896, 'qd_score': 814287.1875, 'coverage': 70.01953125, 'max_fitness': 1551.132080078125, 'time_s': 15.47104811668396}
[pgame_seed2] {'iteration': 700, 'evaluations': 179456, 'qd_score': 815321.75, 'coverage': 70.01953125, 'max_fitness': 1551.132080078125, 'time_s': 15.456157922744751}
[pgame_seed2] {'iteration': 710, 'evaluations': 182016, 'qd_score': 818193.5625, 'coverage': 70.21484375, 'max_fitness': 1554.83349609375, 'time_s': 15.469374656677246}
[pgame_seed2] {'iteration': 720, 'evaluations': 184576, 'qd_score': 820758.8125, 'coverage': 70.3125, 'max_fitness': 1554.83349609375, 'time_s': 15.457931995391846}
[pgame_seed2] {'iteration': 730, 'evaluations': 187136, 'qd_score': 821608.0, 'coverage': 70.3125, 'max_fitness': 1554.83349609375, 'time_s': 15.4622163772583}
[pgame_seed2] {'iteration': 740, 'evaluations': 189696, 'qd_score': 823331.375, 'coverage': 70.41015625, 'max_fitness': 1554.83349609375, 'time_s': 15.4512300491333}
[pgame_seed2] {'iteration': 750, 'evaluations': 192256, 'qd_score': 825360.375, 'coverage': 70.5078125, 'max_fitness': 1559.1474609375, 'time_s': 15.449785470962524}
[pgame_seed2] {'iteration': 760, 'evaluations': 194816, 'qd_score': 826319.875, 'coverage': 70.5078125, 'max_fitness': 1576.623291015625, 'time_s': 15.469795942306519}
[pgame_seed2] {'iteration': 770, 'evaluations': 197376, 'qd_score': 829053.4375, 'coverage': 70.60546875, 'max_fitness': 1596.3759765625, 'time_s': 15.470234870910645}
[pgame_seed2] {'iteration': 780, 'evaluations': 199936, 'qd_score': 829818.5, 'coverage': 70.60546875, 'max_fitness': 1596.3759765625, 'time_s': 15.49562382698059}
[pgame_seed2] {'iteration': 790, 'evaluations': 202496, 'qd_score': 830633.875, 'coverage': 70.60546875, 'max_fitness': 1612.39453125, 'time_s': 15.465352535247803}
[pgame_seed2] {'iteration': 800, 'evaluations': 205056, 'qd_score': 831417.25, 'coverage': 70.60546875, 'max_fitness': 1612.39453125, 'time_s': 15.449345350265503}
[pgame_seed2] {'iteration': 810, 'evaluations': 207616, 'qd_score': 833482.5, 'coverage': 70.703125, 'max_fitness': 1612.39453125, 'time_s': 15.423511505126953}
[pgame_seed2] {'iteration': 820, 'evaluations': 210176, 'qd_score': 835127.125, 'coverage': 70.80078125, 'max_fitness': 1666.649658203125, 'time_s': 15.398311853408813}
[pgame_seed2] {'iteration': 830, 'evaluations': 212736, 'qd_score': 838601.4375, 'coverage': 70.8984375, 'max_fitness': 1666.649658203125, 'time_s': 15.416236400604248}
[pgame_seed2] {'iteration': 840, 'evaluations': 215296, 'qd_score': 839843.125, 'coverage': 70.8984375, 'max_fitness': 1666.649658203125, 'time_s': 15.430784702301025}
[pgame_seed2] {'iteration': 850, 'evaluations': 217856, 'qd_score': 844482.875, 'coverage': 71.19140625, 'max_fitness': 1666.649658203125, 'time_s': 15.42961859703064}
[pgame_seed2] {'iteration': 860, 'evaluations': 220416, 'qd_score': 845353.375, 'coverage': 71.19140625, 'max_fitness': 1670.818115234375, 'time_s': 15.449061155319214}
[pgame_seed2] {'iteration': 870, 'evaluations': 222976, 'qd_score': 846479.125, 'coverage': 71.19140625, 'max_fitness': 1670.818115234375, 'time_s': 15.469316959381104}
[pgame_seed2] {'iteration': 880, 'evaluations': 225536, 'qd_score': 847671.75, 'coverage': 71.19140625, 'max_fitness': 1673.422119140625, 'time_s': 15.446854591369629}
[pgame_seed2] {'iteration': 890, 'evaluations': 228096, 'qd_score': 849611.3125, 'coverage': 71.2890625, 'max_fitness': 1684.7467041015625, 'time_s': 15.438397407531738}
[pgame_seed2] {'iteration': 900, 'evaluations': 230656, 'qd_score': 850306.625, 'coverage': 71.2890625, 'max_fitness': 1690.318115234375, 'time_s': 15.41871976852417}
[pgame_seed2] {'iteration': 910, 'evaluations': 233216, 'qd_score': 851002.8125, 'coverage': 71.2890625, 'max_fitness': 1692.216552734375, 'time_s': 15.41629147529602}
[pgame_seed2] {'iteration': 920, 'evaluations': 235776, 'qd_score': 851878.25, 'coverage': 71.2890625, 'max_fitness': 1692.216552734375, 'time_s': 15.431222200393677}
[pgame_seed2] {'iteration': 930, 'evaluations': 238336, 'qd_score': 855050.125, 'coverage': 71.484375, 'max_fitness': 1692.216552734375, 'time_s': 15.446726322174072}
[pgame_seed2] {'iteration': 940, 'evaluations': 240896, 'qd_score': 855656.375, 'coverage': 71.484375, 'max_fitness': 1692.216552734375, 'time_s': 15.45864486694336}
[pgame_seed2] {'iteration': 950, 'evaluations': 243456, 'qd_score': 858173.125, 'coverage': 71.6796875, 'max_fitness': 1692.216552734375, 'time_s': 15.452832460403442}
[pgame_seed2] {'iteration': 960, 'evaluations': 246016, 'qd_score': 862591.625, 'coverage': 71.97265625, 'max_fitness': 1695.76220703125, 'time_s': 15.428484916687012}
[pgame_seed2] {'iteration': 970, 'evaluations': 248576, 'qd_score': 864305.6875, 'coverage': 72.0703125, 'max_fitness': 1695.76220703125, 'time_s': 15.399713277816772}
[pgame_seed2] {'iteration': 980, 'evaluations': 251136, 'qd_score': 865978.25, 'coverage': 72.16796875, 'max_fitness': 1695.76220703125, 'time_s': 15.403452396392822}
[pgame_seed2] {'iteration': 990, 'evaluations': 253696, 'qd_score': 866807.9375, 'coverage': 72.16796875, 'max_fitness': 1695.76220703125, 'time_s': 15.435400485992432}
[pgame_seed2] {'iteration': 1000, 'evaluations': 256256, 'qd_score': 867666.875, 'coverage': 72.16796875, 'max_fitness': 1696.509765625, 'time_s': 15.46741008758545}
[pgame_seed2] {'iteration': 1010, 'evaluations': 258816, 'qd_score': 868809.1875, 'coverage': 72.265625, 'max_fitness': 1765.03271484375, 'time_s': 15.513421297073364}
[pgame_seed2] {'iteration': 1020, 'evaluations': 261376, 'qd_score': 870458.9375, 'coverage': 72.36328125, 'max_fitness': 1765.03271484375, 'time_s': 15.494038343429565}
[pgame_seed2] {'iteration': 1030, 'evaluations': 263936, 'qd_score': 870685.875, 'coverage': 72.36328125, 'max_fitness': 1765.03271484375, 'time_s': 15.458811521530151}
[pgame_seed2] {'iteration': 1040, 'evaluations': 266496, 'qd_score': 871245.375, 'coverage': 72.36328125, 'max_fitness': 1765.03271484375, 'time_s': 15.40889310836792}
[pgame_seed2] {'iteration': 1050, 'evaluations': 269056, 'qd_score': 872168.75, 'coverage': 72.36328125, 'max_fitness': 1765.03271484375, 'time_s': 15.40996241569519}
[pgame_seed2] {'iteration': 1060, 'evaluations': 271616, 'qd_score': 874589.5, 'coverage': 72.4609375, 'max_fitness': 1765.03271484375, 'time_s': 15.408158302307129}
[pgame_seed2] {'iteration': 1070, 'evaluations': 274176, 'qd_score': 875035.875, 'coverage': 72.4609375, 'max_fitness': 1765.03271484375, 'time_s': 15.441894292831421}
[pgame_seed2] {'iteration': 1080, 'evaluations': 276736, 'qd_score': 878098.5, 'coverage': 72.65625, 'max_fitness': 1765.03271484375, 'time_s': 15.439509868621826}
[pgame_seed2] {'iteration': 1090, 'evaluations': 279296, 'qd_score': 881481.6875, 'coverage': 72.94921875, 'max_fitness': 1765.03271484375, 'time_s': 15.45741605758667}
[pgame_seed2] {'iteration': 1100, 'evaluations': 281856, 'qd_score': 884508.1875, 'coverage': 73.14453125, 'max_fitness': 1765.03271484375, 'time_s': 15.447428703308105}
[pgame_seed2] {'iteration': 1110, 'evaluations': 284416, 'qd_score': 886556.1875, 'coverage': 73.2421875, 'max_fitness': 1765.03271484375, 'time_s': 15.44127106666565}
[pgame_seed2] {'iteration': 1120, 'evaluations': 286976, 'qd_score': 887024.8125, 'coverage': 73.2421875, 'max_fitness': 1765.03271484375, 'time_s': 15.440624475479126}
[pgame_seed2] {'iteration': 1130, 'evaluations': 289536, 'qd_score': 887551.75, 'coverage': 73.2421875, 'max_fitness': 1765.03271484375, 'time_s': 15.442976951599121}
[pgame_seed2] {'iteration': 1140, 'evaluations': 292096, 'qd_score': 888482.6875, 'coverage': 73.2421875, 'max_fitness': 1765.03271484375, 'time_s': 15.441216707229614}
[pgame_seed2] {'iteration': 1150, 'evaluations': 294656, 'qd_score': 889170.375, 'coverage': 73.2421875, 'max_fitness': 1765.03271484375, 'time_s': 15.456295490264893}
[pgame_seed2] {'iteration': 1160, 'evaluations': 297216, 'qd_score': 890975.375, 'coverage': 73.33984375, 'max_fitness': 1765.03271484375, 'time_s': 15.45858883857727}
[pgame_seed2] {'iteration': 1170, 'evaluations': 299776, 'qd_score': 892303.0625, 'coverage': 73.33984375, 'max_fitness': 1765.03271484375, 'time_s': 15.461209774017334}
[pgame_seed2] {'iteration': 1180, 'evaluations': 302336, 'qd_score': 893843.75, 'coverage': 73.4375, 'max_fitness': 1765.03271484375, 'time_s': 15.487476110458374}
[pgame_seed2] {'iteration': 1190, 'evaluations': 304896, 'qd_score': 894467.75, 'coverage': 73.4375, 'max_fitness': 1781.364990234375, 'time_s': 15.455900430679321}
[pgame_seed2] {'iteration': 1200, 'evaluations': 307456, 'qd_score': 894817.875, 'coverage': 73.4375, 'max_fitness': 1781.364990234375, 'time_s': 15.412526369094849}
[pgame_seed2] {'iteration': 1210, 'evaluations': 310016, 'qd_score': 895268.625, 'coverage': 73.4375, 'max_fitness': 1781.364990234375, 'time_s': 15.409522294998169}
[pgame_seed2] {'iteration': 1220, 'evaluations': 312576, 'qd_score': 895865.0625, 'coverage': 73.4375, 'max_fitness': 1781.364990234375, 'time_s': 15.41390347480774}
[pgame_seed2] {'iteration': 1230, 'evaluations': 315136, 'qd_score': 896257.5625, 'coverage': 73.4375, 'max_fitness': 1781.364990234375, 'time_s': 15.473780393600464}
[pgame_seed2] {'iteration': 1240, 'evaluations': 317696, 'qd_score': 899251.0, 'coverage': 73.6328125, 'max_fitness': 1781.364990234375, 'time_s': 15.465099096298218}
[pgame_seed2] {'iteration': 1250, 'evaluations': 320256, 'qd_score': 899660.25, 'coverage': 73.6328125, 'max_fitness': 1781.364990234375, 'time_s': 15.459678173065186}
[pgame_seed2] {'iteration': 1260, 'evaluations': 322816, 'qd_score': 901706.375, 'coverage': 73.73046875, 'max_fitness': 1781.364990234375, 'time_s': 15.452787160873413}
[pgame_seed2] {'iteration': 1270, 'evaluations': 325376, 'qd_score': 903307.625, 'coverage': 73.828125, 'max_fitness': 1781.364990234375, 'time_s': 15.436157703399658}
[pgame_seed2] {'iteration': 1280, 'evaluations': 327936, 'qd_score': 903921.5, 'coverage': 73.828125, 'max_fitness': 1781.364990234375, 'time_s': 15.454565286636353}
[pgame_seed2] {'iteration': 1290, 'evaluations': 330496, 'qd_score': 905547.4375, 'coverage': 73.828125, 'max_fitness': 1781.364990234375, 'time_s': 15.469287157058716}
[pgame_seed2] {'iteration': 1300, 'evaluations': 333056, 'qd_score': 906756.125, 'coverage': 73.828125, 'max_fitness': 1781.364990234375, 'time_s': 15.464650392532349}
[pgame_seed2] {'iteration': 1310, 'evaluations': 335616, 'qd_score': 907348.0625, 'coverage': 73.828125, 'max_fitness': 1781.364990234375, 'time_s': 15.448400497436523}
[pgame_seed2] {'iteration': 1320, 'evaluations': 338176, 'qd_score': 907685.625, 'coverage': 73.828125, 'max_fitness': 1781.364990234375, 'time_s': 15.430175065994263}
[pgame_seed2] {'iteration': 1330, 'evaluations': 340736, 'qd_score': 909271.6875, 'coverage': 73.92578125, 'max_fitness': 1781.364990234375, 'time_s': 15.41834545135498}
[pgame_seed2] {'iteration': 1340, 'evaluations': 343296, 'qd_score': 910873.6875, 'coverage': 74.0234375, 'max_fitness': 1781.364990234375, 'time_s': 15.416431903839111}
[pgame_seed2] {'iteration': 1350, 'evaluations': 345856, 'qd_score': 911220.75, 'coverage': 74.0234375, 'max_fitness': 1781.364990234375, 'time_s': 15.436133623123169}
[pgame_seed2] {'iteration': 1360, 'evaluations': 348416, 'qd_score': 912640.6875, 'coverage': 74.0234375, 'max_fitness': 1781.364990234375, 'time_s': 15.444785118103027}
[pgame_seed2] {'iteration': 1370, 'evaluations': 350976, 'qd_score': 913126.0, 'coverage': 74.0234375, 'max_fitness': 1781.364990234375, 'time_s': 15.48430585861206}
[pgame_seed2] {'iteration': 1380, 'evaluations': 353536, 'qd_score': 913447.1875, 'coverage': 74.0234375, 'max_fitness': 1781.364990234375, 'time_s': 15.490718126296997}
[pgame_seed2] {'iteration': 1390, 'evaluations': 356096, 'qd_score': 914062.0, 'coverage': 74.0234375, 'max_fitness': 1781.364990234375, 'time_s': 15.471602439880371}
[pgame_seed2] {'iteration': 1400, 'evaluations': 358656, 'qd_score': 914565.375, 'coverage': 74.0234375, 'max_fitness': 1781.364990234375, 'time_s': 15.449273109436035}
[pgame_seed2] {'iteration': 1410, 'evaluations': 361216, 'qd_score': 914982.5, 'coverage': 74.0234375, 'max_fitness': 1811.068603515625, 'time_s': 15.437469959259033}
[pgame_seed2] {'iteration': 1420, 'evaluations': 363776, 'qd_score': 916445.1875, 'coverage': 74.12109375, 'max_fitness': 1811.068603515625, 'time_s': 15.464399099349976}
[pgame_seed2] {'iteration': 1430, 'evaluations': 366336, 'qd_score': 916938.6875, 'coverage': 74.12109375, 'max_fitness': 1811.068603515625, 'time_s': 15.46902346611023}
[pgame_seed2] {'iteration': 1440, 'evaluations': 368896, 'qd_score': 917159.25, 'coverage': 74.12109375, 'max_fitness': 1811.068603515625, 'time_s': 15.448679685592651}
[pgame_seed2] {'iteration': 1450, 'evaluations': 371456, 'qd_score': 918877.25, 'coverage': 74.21875, 'max_fitness': 1811.068603515625, 'time_s': 15.464094400405884}
[pgame_seed2] {'iteration': 1460, 'evaluations': 374016, 'qd_score': 919339.5, 'coverage': 74.21875, 'max_fitness': 1811.068603515625, 'time_s': 15.46736764907837}
[pgame_seed2] {'iteration': 1470, 'evaluations': 376576, 'qd_score': 919797.375, 'coverage': 74.21875, 'max_fitness': 1811.068603515625, 'time_s': 15.476332902908325}
[pgame_seed2] {'iteration': 1480, 'evaluations': 379136, 'qd_score': 920205.0625, 'coverage': 74.21875, 'max_fitness': 1811.068603515625, 'time_s': 15.47541618347168}
[pgame_seed2] {'iteration': 1490, 'evaluations': 381696, 'qd_score': 922257.5, 'coverage': 74.31640625, 'max_fitness': 1811.068603515625, 'time_s': 15.482693195343018}
[pgame_seed2] {'iteration': 1500, 'evaluations': 384256, 'qd_score': 922756.625, 'coverage': 74.31640625, 'max_fitness': 1811.068603515625, 'time_s': 15.479717254638672}
[pgame_seed2] {'iteration': 1510, 'evaluations': 386816, 'qd_score': 923244.375, 'coverage': 74.31640625, 'max_fitness': 1811.068603515625, 'time_s': 15.490314483642578}
[pgame_seed2] {'iteration': 1520, 'evaluations': 389376, 'qd_score': 926256.25, 'coverage': 74.51171875, 'max_fitness': 1811.068603515625, 'time_s': 15.497634649276733}
[pgame_seed2] {'iteration': 1530, 'evaluations': 391936, 'qd_score': 926597.875, 'coverage': 74.51171875, 'max_fitness': 1811.068603515625, 'time_s': 15.510341882705688}
[pgame_seed2] {'iteration': 1540, 'evaluations': 394496, 'qd_score': 926820.8125, 'coverage': 74.51171875, 'max_fitness': 1811.068603515625, 'time_s': 15.484389543533325}
[pgame_seed2] {'iteration': 1550, 'evaluations': 397056, 'qd_score': 928555.125, 'coverage': 74.609375, 'max_fitness': 1811.068603515625, 'time_s': 15.44276213645935}
[pgame_seed2] {'iteration': 1560, 'evaluations': 399616, 'qd_score': 929043.875, 'coverage': 74.609375, 'max_fitness': 1811.068603515625, 'time_s': 15.419532060623169}
[pgame_seed2] {'iteration': 1570, 'evaluations': 402176, 'qd_score': 930710.375, 'coverage': 74.70703125, 'max_fitness': 1811.068603515625, 'time_s': 15.41978645324707}
[pgame_seed2] {'iteration': 1580, 'evaluations': 404736, 'qd_score': 932009.75, 'coverage': 74.8046875, 'max_fitness': 1811.068603515625, 'time_s': 15.44804835319519}
[pgame_seed2] {'iteration': 1590, 'evaluations': 407296, 'qd_score': 932458.125, 'coverage': 74.8046875, 'max_fitness': 1811.068603515625, 'time_s': 15.473818302154541}
[pgame_seed2] {'iteration': 1600, 'evaluations': 409856, 'qd_score': 932955.25, 'coverage': 74.8046875, 'max_fitness': 1811.068603515625, 'time_s': 15.478639364242554}
[pgame_seed2] {'iteration': 1610, 'evaluations': 412416, 'qd_score': 933480.125, 'coverage': 74.8046875, 'max_fitness': 1811.068603515625, 'time_s': 15.470011234283447}
[pgame_seed2] {'iteration': 1620, 'evaluations': 414976, 'qd_score': 933871.3125, 'coverage': 74.8046875, 'max_fitness': 1811.068603515625, 'time_s': 15.46139907836914}
[pgame_seed2] {'iteration': 1630, 'evaluations': 417536, 'qd_score': 935974.5625, 'coverage': 74.90234375, 'max_fitness': 1811.068603515625, 'time_s': 15.462996482849121}
[pgame_seed2] {'iteration': 1640, 'evaluations': 420096, 'qd_score': 936718.875, 'coverage': 74.90234375, 'max_fitness': 1811.068603515625, 'time_s': 15.461644411087036}
[pgame_seed2] {'iteration': 1650, 'evaluations': 422656, 'qd_score': 937190.75, 'coverage': 74.90234375, 'max_fitness': 1811.068603515625, 'time_s': 15.488394737243652}
[pgame_seed2] {'iteration': 1660, 'evaluations': 425216, 'qd_score': 937387.625, 'coverage': 74.90234375, 'max_fitness': 1811.068603515625, 'time_s': 15.493083953857422}
[pgame_seed2] {'iteration': 1670, 'evaluations': 427776, 'qd_score': 937868.5625, 'coverage': 74.90234375, 'max_fitness': 1811.068603515625, 'time_s': 15.478292465209961}
[pgame_seed2] {'iteration': 1680, 'evaluations': 430336, 'qd_score': 939403.5, 'coverage': 75.0, 'max_fitness': 1811.068603515625, 'time_s': 15.474558591842651}
[pgame_seed2] {'iteration': 1690, 'evaluations': 432896, 'qd_score': 941053.625, 'coverage': 75.09765625, 'max_fitness': 1811.068603515625, 'time_s': 15.461406946182251}
[pgame_seed2] {'iteration': 1700, 'evaluations': 435456, 'qd_score': 942613.75, 'coverage': 75.1953125, 'max_fitness': 1811.068603515625, 'time_s': 15.447066307067871}
[pgame_seed2] {'iteration': 1710, 'evaluations': 438016, 'qd_score': 944075.125, 'coverage': 75.29296875, 'max_fitness': 1811.068603515625, 'time_s': 15.443387985229492}
[pgame_seed2] {'iteration': 1720, 'evaluations': 440576, 'qd_score': 944304.25, 'coverage': 75.29296875, 'max_fitness': 1811.068603515625, 'time_s': 15.439770221710205}
[pgame_seed2] {'iteration': 1730, 'evaluations': 443136, 'qd_score': 944801.25, 'coverage': 75.29296875, 'max_fitness': 1811.068603515625, 'time_s': 15.44679856300354}
[pgame_seed2] {'iteration': 1740, 'evaluations': 445696, 'qd_score': 945255.9375, 'coverage': 75.29296875, 'max_fitness': 1811.068603515625, 'time_s': 15.48411774635315}
[pgame_seed2] {'iteration': 1750, 'evaluations': 448256, 'qd_score': 945819.75, 'coverage': 75.29296875, 'max_fitness': 1811.068603515625, 'time_s': 15.52074933052063}
[pgame_seed2] {'iteration': 1760, 'evaluations': 450816, 'qd_score': 946163.875, 'coverage': 75.29296875, 'max_fitness': 1811.068603515625, 'time_s': 15.500701427459717}
[pgame_seed2] {'iteration': 1770, 'evaluations': 453376, 'qd_score': 946540.0, 'coverage': 75.29296875, 'max_fitness': 1811.068603515625, 'time_s': 15.478563785552979}
[pgame_seed2] {'iteration': 1780, 'evaluations': 455936, 'qd_score': 946945.625, 'coverage': 75.29296875, 'max_fitness': 1821.4119873046875, 'time_s': 15.490749597549438}
[pgame_seed2] {'iteration': 1790, 'evaluations': 458496, 'qd_score': 947253.125, 'coverage': 75.29296875, 'max_fitness': 1821.4119873046875, 'time_s': 15.500521183013916}
[pgame_seed2] {'iteration': 1800, 'evaluations': 461056, 'qd_score': 947379.375, 'coverage': 75.29296875, 'max_fitness': 1829.1905517578125, 'time_s': 15.464900255203247}
[pgame_seed2] {'iteration': 1810, 'evaluations': 463616, 'qd_score': 949051.375, 'coverage': 75.29296875, 'max_fitness': 1829.1905517578125, 'time_s': 15.435584783554077}
[pgame_seed2] {'iteration': 1820, 'evaluations': 466176, 'qd_score': 949384.375, 'coverage': 75.29296875, 'max_fitness': 1829.1905517578125, 'time_s': 15.415156126022339}
[pgame_seed2] {'iteration': 1830, 'evaluations': 468736, 'qd_score': 950901.5, 'coverage': 75.390625, 'max_fitness': 1829.1905517578125, 'time_s': 15.427112102508545}
[pgame_seed2] {'iteration': 1840, 'evaluations': 471296, 'qd_score': 951989.6875, 'coverage': 75.48828125, 'max_fitness': 1829.1905517578125, 'time_s': 15.448084354400635}
[pgame_seed2] {'iteration': 1850, 'evaluations': 473856, 'qd_score': 952420.25, 'coverage': 75.48828125, 'max_fitness': 1829.1905517578125, 'time_s': 15.510395288467407}
[pgame_seed2] {'iteration': 1860, 'evaluations': 476416, 'qd_score': 952577.0, 'coverage': 75.48828125, 'max_fitness': 1829.1905517578125, 'time_s': 15.468865633010864}
[pgame_seed2] {'iteration': 1870, 'evaluations': 478976, 'qd_score': 952909.75, 'coverage': 75.48828125, 'max_fitness': 1830.944091796875, 'time_s': 15.467706203460693}
[pgame_seed2] {'iteration': 1880, 'evaluations': 481536, 'qd_score': 954461.0, 'coverage': 75.5859375, 'max_fitness': 1830.944091796875, 'time_s': 15.432893753051758}
[pgame_seed2] {'iteration': 1890, 'evaluations': 484096, 'qd_score': 954957.5, 'coverage': 75.5859375, 'max_fitness': 1830.944091796875, 'time_s': 15.459108114242554}
[pgame_seed2] {'iteration': 1900, 'evaluations': 486656, 'qd_score': 955089.1875, 'coverage': 75.5859375, 'max_fitness': 1830.944091796875, 'time_s': 15.454142093658447}
[pgame_seed2] {'iteration': 1910, 'evaluations': 489216, 'qd_score': 955615.875, 'coverage': 75.5859375, 'max_fitness': 1830.944091796875, 'time_s': 15.478299617767334}
[pgame_seed2] {'iteration': 1920, 'evaluations': 491776, 'qd_score': 957350.25, 'coverage': 75.68359375, 'max_fitness': 1830.944091796875, 'time_s': 15.45922040939331}
[pgame_seed2] {'iteration': 1930, 'evaluations': 494336, 'qd_score': 957907.5, 'coverage': 75.68359375, 'max_fitness': 1847.3494873046875, 'time_s': 15.447243213653564}
[pgame_seed2] {'iteration': 1940, 'evaluations': 496896, 'qd_score': 958532.0, 'coverage': 75.68359375, 'max_fitness': 1847.3494873046875, 'time_s': 15.448889017105103}
[pgame_seed2] {'iteration': 1950, 'evaluations': 499456, 'qd_score': 958837.25, 'coverage': 75.68359375, 'max_fitness': 1850.237060546875, 'time_s': 15.46631121635437}
[pgame_seed2] {'iteration': 1960, 'evaluations': 502016, 'qd_score': 959374.25, 'coverage': 75.68359375, 'max_fitness': 1850.237060546875, 'time_s': 15.443345069885254}
[pgame_seed2] {'iteration': 1970, 'evaluations': 504576, 'qd_score': 959632.875, 'coverage': 75.68359375, 'max_fitness': 1850.237060546875, 'time_s': 15.451080560684204}
[pgame_seed2] {'iteration': 1980, 'evaluations': 507136, 'qd_score': 960152.0625, 'coverage': 75.68359375, 'max_fitness': 1922.4622802734375, 'time_s': 15.441989183425903}
[pgame_seed2] {'iteration': 1990, 'evaluations': 509696, 'qd_score': 960779.125, 'coverage': 75.68359375, 'max_fitness': 1922.4622802734375, 'time_s': 15.425798177719116}
[pgame_seed2] {'iteration': 2000, 'evaluations': 512256, 'qd_score': 962482.75, 'coverage': 75.78125, 'max_fitness': 1922.4622802734375, 'time_s': 15.446040153503418}
fatal: not a git repository (or any parent up to mount point /kaggle)
Stopping at filesystem boundary (GIT_DISCOVERY_ACROSS_FILESYSTEM not set).
[pgame_seed2] terminé en 3139 s -> /kaggle/working/outputs/pgame_seed2
