Gym has been unmaintained since 2022 and does not support NumPy 2.0 amongst other critical functionality.
Please upgrade to Gymnasium, the maintained drop-in replacement of Gym, or contact the authors of your software and request that they upgrade.
Users of this version of Gym should be able to simply replace 'import gym' with 'import gymnasium as gym' in the vast majority of cases.
See the migration guide at https://gymnasium.farama.org/introduction/migration_guide/ for additional information.
[pgame_seed1] init : {'iteration': 0, 'evaluations': 256, 'qd_score': 97541.828125, 'coverage': 9.66796875, 'max_fitness': 1065.2576904296875, 'time_s': 12.819234848022461}
[pgame_seed1] {'iteration': 10, 'evaluations': 2816, 'qd_score': 340706.75, 'coverage': 38.76953125, 'max_fitness': 1085.51318359375, 'time_s': 37.7551372051239}
[pgame_seed1] {'iteration': 20, 'evaluations': 5376, 'qd_score': 410745.9375, 'coverage': 44.7265625, 'max_fitness': 1089.891357421875, 'time_s': 14.877891540527344}
[pgame_seed1] {'iteration': 30, 'evaluations': 7936, 'qd_score': 455131.03125, 'coverage': 48.53515625, 'max_fitness': 1095.03125, 'time_s': 14.94804334640503}
[pgame_seed1] {'iteration': 40, 'evaluations': 10496, 'qd_score': 479684.875, 'coverage': 50.48828125, 'max_fitness': 1095.03125, 'time_s': 15.003302812576294}
[pgame_seed1] {'iteration': 50, 'evaluations': 13056, 'qd_score': 507434.3125, 'coverage': 53.125, 'max_fitness': 1096.556884765625, 'time_s': 15.078348159790039}
[pgame_seed1] {'iteration': 60, 'evaluations': 15616, 'qd_score': 523190.71875, 'coverage': 54.19921875, 'max_fitness': 1106.104248046875, 'time_s': 15.136421918869019}
[pgame_seed1] {'iteration': 70, 'evaluations': 18176, 'qd_score': 536614.75, 'coverage': 55.17578125, 'max_fitness': 1119.2874755859375, 'time_s': 15.163312911987305}
[pgame_seed1] {'iteration': 80, 'evaluations': 20736, 'qd_score': 542780.0, 'coverage': 55.56640625, 'max_fitness': 1123.86328125, 'time_s': 15.243510723114014}
[pgame_seed1] {'iteration': 90, 'evaluations': 23296, 'qd_score': 551630.9375, 'coverage': 56.0546875, 'max_fitness': 1123.86328125, 'time_s': 15.269019365310669}
[pgame_seed1] {'iteration': 100, 'evaluations': 25856, 'qd_score': 561515.375, 'coverage': 56.73828125, 'max_fitness': 1145.9451904296875, 'time_s': 15.308406591415405}
[pgame_seed1] {'iteration': 110, 'evaluations': 28416, 'qd_score': 569603.25, 'coverage': 57.32421875, 'max_fitness': 1152.4541015625, 'time_s': 15.315746307373047}
[pgame_seed1] {'iteration': 120, 'evaluations': 30976, 'qd_score': 576944.375, 'coverage': 57.71484375, 'max_fitness': 1167.626220703125, 'time_s': 15.293904781341553}
[pgame_seed1] {'iteration': 130, 'evaluations': 33536, 'qd_score': 586378.6875, 'coverage': 58.3984375, 'max_fitness': 1217.833984375, 'time_s': 15.302523612976074}
[pgame_seed1] {'iteration': 140, 'evaluations': 36096, 'qd_score': 598132.5, 'coverage': 58.984375, 'max_fitness': 1217.833984375, 'time_s': 15.317020416259766}
[pgame_seed1] {'iteration': 150, 'evaluations': 38656, 'qd_score': 613492.0, 'coverage': 59.86328125, 'max_fitness': 1254.4398193359375, 'time_s': 15.37470006942749}
[pgame_seed1] {'iteration': 160, 'evaluations': 41216, 'qd_score': 625122.875, 'coverage': 60.64453125, 'max_fitness': 1281.7647705078125, 'time_s': 15.411409854888916}
[pgame_seed1] {'iteration': 170, 'evaluations': 43776, 'qd_score': 635752.6875, 'coverage': 61.03515625, 'max_fitness': 1335.3424072265625, 'time_s': 15.4163076877594}
[pgame_seed1] {'iteration': 180, 'evaluations': 46336, 'qd_score': 650416.1875, 'coverage': 61.81640625, 'max_fitness': 1376.12109375, 'time_s': 15.41767930984497}
[pgame_seed1] {'iteration': 190, 'evaluations': 48896, 'qd_score': 657437.375, 'coverage': 62.20703125, 'max_fitness': 1376.12109375, 'time_s': 15.419572353363037}
[pgame_seed1] {'iteration': 200, 'evaluations': 51456, 'qd_score': 664694.375, 'coverage': 62.6953125, 'max_fitness': 1397.3233642578125, 'time_s': 15.439082622528076}
[pgame_seed1] {'iteration': 210, 'evaluations': 54016, 'qd_score': 669417.3125, 'coverage': 62.79296875, 'max_fitness': 1435.9517822265625, 'time_s': 15.46433138847351}
[pgame_seed1] {'iteration': 220, 'evaluations': 56576, 'qd_score': 674547.5, 'coverage': 62.98828125, 'max_fitness': 1479.7421875, 'time_s': 15.487552642822266}
[pgame_seed1] {'iteration': 230, 'evaluations': 59136, 'qd_score': 679819.75, 'coverage': 63.28125, 'max_fitness': 1480.48974609375, 'time_s': 15.510839939117432}
[pgame_seed1] {'iteration': 240, 'evaluations': 61696, 'qd_score': 690814.75, 'coverage': 63.8671875, 'max_fitness': 1480.48974609375, 'time_s': 15.511565685272217}
[pgame_seed1] {'iteration': 250, 'evaluations': 64256, 'qd_score': 697369.125, 'coverage': 64.16015625, 'max_fitness': 1499.592041015625, 'time_s': 15.548949241638184}
[pgame_seed1] {'iteration': 260, 'evaluations': 66816, 'qd_score': 704725.5, 'coverage': 64.6484375, 'max_fitness': 1504.844970703125, 'time_s': 15.493468046188354}
[pgame_seed1] {'iteration': 270, 'evaluations': 69376, 'qd_score': 712686.5, 'coverage': 65.13671875, 'max_fitness': 1560.2197265625, 'time_s': 15.514550924301147}
[pgame_seed1] {'iteration': 280, 'evaluations': 71936, 'qd_score': 723023.0625, 'coverage': 65.8203125, 'max_fitness': 1560.2197265625, 'time_s': 15.530234575271606}
[pgame_seed1] {'iteration': 290, 'evaluations': 74496, 'qd_score': 727871.75, 'coverage': 66.11328125, 'max_fitness': 1592.1080322265625, 'time_s': 15.522156000137329}
[pgame_seed1] {'iteration': 300, 'evaluations': 77056, 'qd_score': 732256.8125, 'coverage': 66.2109375, 'max_fitness': 1592.1080322265625, 'time_s': 15.518775939941406}
[pgame_seed1] {'iteration': 310, 'evaluations': 79616, 'qd_score': 737458.5, 'coverage': 66.50390625, 'max_fitness': 1617.5120849609375, 'time_s': 15.523060321807861}
[pgame_seed1] {'iteration': 320, 'evaluations': 82176, 'qd_score': 744981.1875, 'coverage': 66.796875, 'max_fitness': 1617.5120849609375, 'time_s': 15.532877683639526}
[pgame_seed1] {'iteration': 330, 'evaluations': 84736, 'qd_score': 749810.0, 'coverage': 67.08984375, 'max_fitness': 1617.5120849609375, 'time_s': 15.533695220947266}
[pgame_seed1] {'iteration': 340, 'evaluations': 87296, 'qd_score': 753944.5, 'coverage': 67.28515625, 'max_fitness': 1617.5120849609375, 'time_s': 15.543803453445435}
[pgame_seed1] {'iteration': 350, 'evaluations': 89856, 'qd_score': 757246.625, 'coverage': 67.48046875, 'max_fitness': 1621.24462890625, 'time_s': 15.542536497116089}
[pgame_seed1] {'iteration': 360, 'evaluations': 92416, 'qd_score': 761901.75, 'coverage': 67.7734375, 'max_fitness': 1642.657470703125, 'time_s': 15.575515031814575}
[pgame_seed1] {'iteration': 370, 'evaluations': 94976, 'qd_score': 763939.25, 'coverage': 67.7734375, 'max_fitness': 1642.657470703125, 'time_s': 15.65276312828064}
[pgame_seed1] {'iteration': 380, 'evaluations': 97536, 'qd_score': 768803.6875, 'coverage': 67.96875, 'max_fitness': 1642.657470703125, 'time_s': 15.682925462722778}
[pgame_seed1] {'iteration': 390, 'evaluations': 100096, 'qd_score': 772151.75, 'coverage': 68.1640625, 'max_fitness': 1642.657470703125, 'time_s': 15.63485336303711}
[pgame_seed1] {'iteration': 400, 'evaluations': 102656, 'qd_score': 774754.5625, 'coverage': 68.26171875, 'max_fitness': 1647.9765625, 'time_s': 15.575335025787354}
[pgame_seed1] {'iteration': 410, 'evaluations': 105216, 'qd_score': 778685.1875, 'coverage': 68.5546875, 'max_fitness': 1647.9765625, 'time_s': 15.559262752532959}
[pgame_seed1] {'iteration': 420, 'evaluations': 107776, 'qd_score': 780912.875, 'coverage': 68.5546875, 'max_fitness': 1659.294677734375, 'time_s': 15.518945217132568}
[pgame_seed1] {'iteration': 430, 'evaluations': 110336, 'qd_score': 785120.625, 'coverage': 68.84765625, 'max_fitness': 1659.294677734375, 'time_s': 15.527185440063477}
[pgame_seed1] {'iteration': 440, 'evaluations': 112896, 'qd_score': 786827.25, 'coverage': 68.84765625, 'max_fitness': 1699.018310546875, 'time_s': 15.546149492263794}
[pgame_seed1] {'iteration': 450, 'evaluations': 115456, 'qd_score': 794079.375, 'coverage': 69.3359375, 'max_fitness': 1725.4791259765625, 'time_s': 15.540081977844238}
[pgame_seed1] {'iteration': 460, 'evaluations': 118016, 'qd_score': 796233.0, 'coverage': 69.3359375, 'max_fitness': 1763.906982421875, 'time_s': 15.597523212432861}
[pgame_seed1] {'iteration': 470, 'evaluations': 120576, 'qd_score': 796775.375, 'coverage': 69.3359375, 'max_fitness': 1763.906982421875, 'time_s': 15.604659795761108}
[pgame_seed1] {'iteration': 480, 'evaluations': 123136, 'qd_score': 800129.375, 'coverage': 69.53125, 'max_fitness': 1804.404541015625, 'time_s': 15.588235139846802}
[pgame_seed1] {'iteration': 490, 'evaluations': 125696, 'qd_score': 801155.375, 'coverage': 69.53125, 'max_fitness': 1804.404541015625, 'time_s': 15.569095611572266}
[pgame_seed1] {'iteration': 500, 'evaluations': 128256, 'qd_score': 802320.125, 'coverage': 69.53125, 'max_fitness': 1804.404541015625, 'time_s': 15.539804220199585}
[pgame_seed1] {'iteration': 510, 'evaluations': 130816, 'qd_score': 804332.5, 'coverage': 69.53125, 'max_fitness': 1804.404541015625, 'time_s': 15.5605309009552}
[pgame_seed1] {'iteration': 520, 'evaluations': 133376, 'qd_score': 806534.5, 'coverage': 69.62890625, 'max_fitness': 1804.404541015625, 'time_s': 15.490918397903442}
[pgame_seed1] {'iteration': 530, 'evaluations': 135936, 'qd_score': 807907.625, 'coverage': 69.7265625, 'max_fitness': 1804.404541015625, 'time_s': 15.5303635597229}
[pgame_seed1] {'iteration': 540, 'evaluations': 138496, 'qd_score': 811084.8125, 'coverage': 69.921875, 'max_fitness': 1804.404541015625, 'time_s': 15.542446374893188}
[pgame_seed1] {'iteration': 550, 'evaluations': 141056, 'qd_score': 811995.625, 'coverage': 69.921875, 'max_fitness': 1804.404541015625, 'time_s': 15.544088125228882}
[pgame_seed1] {'iteration': 560, 'evaluations': 143616, 'qd_score': 813424.25, 'coverage': 69.921875, 'max_fitness': 1804.404541015625, 'time_s': 15.572093725204468}
[pgame_seed1] {'iteration': 570, 'evaluations': 146176, 'qd_score': 815050.1875, 'coverage': 69.921875, 'max_fitness': 1835.55224609375, 'time_s': 15.524333238601685}
[pgame_seed1] {'iteration': 580, 'evaluations': 148736, 'qd_score': 816794.375, 'coverage': 70.01953125, 'max_fitness': 1835.55224609375, 'time_s': 15.544647932052612}
[pgame_seed1] {'iteration': 590, 'evaluations': 151296, 'qd_score': 822344.125, 'coverage': 70.3125, 'max_fitness': 1835.55224609375, 'time_s': 15.532000541687012}
[pgame_seed1] {'iteration': 600, 'evaluations': 153856, 'qd_score': 826193.5, 'coverage': 70.5078125, 'max_fitness': 1835.55224609375, 'time_s': 15.592045307159424}
[pgame_seed1] {'iteration': 610, 'evaluations': 156416, 'qd_score': 829552.5, 'coverage': 70.60546875, 'max_fitness': 1835.55224609375, 'time_s': 15.557534217834473}
[pgame_seed1] {'iteration': 620, 'evaluations': 158976, 'qd_score': 831206.0, 'coverage': 70.60546875, 'max_fitness': 1835.55224609375, 'time_s': 15.563875436782837}
[pgame_seed1] {'iteration': 630, 'evaluations': 161536, 'qd_score': 831977.75, 'coverage': 70.60546875, 'max_fitness': 1835.55224609375, 'time_s': 15.567846298217773}
[pgame_seed1] {'iteration': 640, 'evaluations': 164096, 'qd_score': 832426.625, 'coverage': 70.60546875, 'max_fitness': 1835.55224609375, 'time_s': 15.55616021156311}
[pgame_seed1] {'iteration': 650, 'evaluations': 166656, 'qd_score': 833179.125, 'coverage': 70.60546875, 'max_fitness': 1835.55224609375, 'time_s': 15.577966928482056}
[pgame_seed1] {'iteration': 660, 'evaluations': 169216, 'qd_score': 834908.875, 'coverage': 70.703125, 'max_fitness': 1844.313720703125, 'time_s': 15.561298131942749}
[pgame_seed1] {'iteration': 670, 'evaluations': 171776, 'qd_score': 835501.0, 'coverage': 70.703125, 'max_fitness': 1844.313720703125, 'time_s': 15.568907737731934}
[pgame_seed1] {'iteration': 680, 'evaluations': 174336, 'qd_score': 841848.875, 'coverage': 71.09375, 'max_fitness': 1844.313720703125, 'time_s': 15.56331992149353}
[pgame_seed1] {'iteration': 690, 'evaluations': 176896, 'qd_score': 843143.875, 'coverage': 71.09375, 'max_fitness': 1844.313720703125, 'time_s': 15.551108121871948}
[pgame_seed1] {'iteration': 700, 'evaluations': 179456, 'qd_score': 846083.625, 'coverage': 71.2890625, 'max_fitness': 1844.313720703125, 'time_s': 15.56283974647522}
[pgame_seed1] {'iteration': 710, 'evaluations': 182016, 'qd_score': 846905.5, 'coverage': 71.2890625, 'max_fitness': 1897.579345703125, 'time_s': 15.556442499160767}
[pgame_seed1] {'iteration': 720, 'evaluations': 184576, 'qd_score': 847648.125, 'coverage': 71.2890625, 'max_fitness': 1897.579345703125, 'time_s': 15.574512481689453}
[pgame_seed1] {'iteration': 730, 'evaluations': 187136, 'qd_score': 851191.125, 'coverage': 71.484375, 'max_fitness': 1914.1695556640625, 'time_s': 15.53764271736145}
[pgame_seed1] {'iteration': 740, 'evaluations': 189696, 'qd_score': 852087.875, 'coverage': 71.484375, 'max_fitness': 1914.1695556640625, 'time_s': 15.505399465560913}
[pgame_seed1] {'iteration': 750, 'evaluations': 192256, 'qd_score': 854360.5, 'coverage': 71.58203125, 'max_fitness': 1914.1695556640625, 'time_s': 15.519912958145142}
[pgame_seed1] {'iteration': 760, 'evaluations': 194816, 'qd_score': 858201.625, 'coverage': 71.77734375, 'max_fitness': 1914.1695556640625, 'time_s': 15.563724994659424}
[pgame_seed1] {'iteration': 770, 'evaluations': 197376, 'qd_score': 858937.875, 'coverage': 71.77734375, 'max_fitness': 1914.1695556640625, 'time_s': 15.616748094558716}
[pgame_seed1] {'iteration': 780, 'evaluations': 199936, 'qd_score': 860408.375, 'coverage': 71.875, 'max_fitness': 1914.1695556640625, 'time_s': 15.641650199890137}
[pgame_seed1] {'iteration': 790, 'evaluations': 202496, 'qd_score': 863588.0, 'coverage': 72.0703125, 'max_fitness': 1914.1695556640625, 'time_s': 15.561840772628784}
[pgame_seed1] {'iteration': 800, 'evaluations': 205056, 'qd_score': 866089.8125, 'coverage': 72.0703125, 'max_fitness': 1914.1695556640625, 'time_s': 15.539394855499268}
[pgame_seed1] {'iteration': 810, 'evaluations': 207616, 'qd_score': 867077.5, 'coverage': 72.0703125, 'max_fitness': 1914.1695556640625, 'time_s': 15.519900560379028}
[pgame_seed1] {'iteration': 820, 'evaluations': 210176, 'qd_score': 870911.9375, 'coverage': 72.265625, 'max_fitness': 1914.1695556640625, 'time_s': 15.5204758644104}
[pgame_seed1] {'iteration': 830, 'evaluations': 212736, 'qd_score': 873945.0, 'coverage': 72.55859375, 'max_fitness': 1914.1695556640625, 'time_s': 15.529608726501465}
[pgame_seed1] {'iteration': 840, 'evaluations': 215296, 'qd_score': 876189.75, 'coverage': 72.65625, 'max_fitness': 1914.1695556640625, 'time_s': 15.547856092453003}
[pgame_seed1] {'iteration': 850, 'evaluations': 217856, 'qd_score': 876721.6875, 'coverage': 72.65625, 'max_fitness': 1914.1695556640625, 'time_s': 15.559117078781128}
[pgame_seed1] {'iteration': 860, 'evaluations': 220416, 'qd_score': 879515.375, 'coverage': 72.8515625, 'max_fitness': 1914.1695556640625, 'time_s': 15.57596492767334}
[pgame_seed1] {'iteration': 870, 'evaluations': 222976, 'qd_score': 880557.0, 'coverage': 72.8515625, 'max_fitness': 1914.1695556640625, 'time_s': 15.587475061416626}
[pgame_seed1] {'iteration': 880, 'evaluations': 225536, 'qd_score': 883268.25, 'coverage': 73.046875, 'max_fitness': 1914.1695556640625, 'time_s': 15.558212280273438}
[pgame_seed1] {'iteration': 890, 'evaluations': 228096, 'qd_score': 884125.875, 'coverage': 73.046875, 'max_fitness': 1914.1695556640625, 'time_s': 15.533942222595215}
[pgame_seed1] {'iteration': 900, 'evaluations': 230656, 'qd_score': 884733.375, 'coverage': 73.046875, 'max_fitness': 1914.1695556640625, 'time_s': 15.523499965667725}
[pgame_seed1] {'iteration': 910, 'evaluations': 233216, 'qd_score': 885477.5625, 'coverage': 73.046875, 'max_fitness': 1914.1695556640625, 'time_s': 15.532015800476074}
[pgame_seed1] {'iteration': 920, 'evaluations': 235776, 'qd_score': 885967.125, 'coverage': 73.046875, 'max_fitness': 1914.1695556640625, 'time_s': 15.535310506820679}
[pgame_seed1] {'iteration': 930, 'evaluations': 238336, 'qd_score': 889731.3125, 'coverage': 73.2421875, 'max_fitness': 1914.1695556640625, 'time_s': 15.523555755615234}
[pgame_seed1] {'iteration': 940, 'evaluations': 240896, 'qd_score': 890726.875, 'coverage': 73.2421875, 'max_fitness': 1914.1695556640625, 'time_s': 15.54354453086853}
[pgame_seed1] {'iteration': 950, 'evaluations': 243456, 'qd_score': 892211.625, 'coverage': 73.2421875, 'max_fitness': 1914.1695556640625, 'time_s': 15.536710977554321}
[pgame_seed1] {'iteration': 960, 'evaluations': 246016, 'qd_score': 894000.5, 'coverage': 73.33984375, 'max_fitness': 1914.1695556640625, 'time_s': 15.57088303565979}
[pgame_seed1] {'iteration': 970, 'evaluations': 248576, 'qd_score': 894986.75, 'coverage': 73.33984375, 'max_fitness': 2013.0350341796875, 'time_s': 15.566006660461426}
[pgame_seed1] {'iteration': 980, 'evaluations': 251136, 'qd_score': 895640.625, 'coverage': 73.33984375, 'max_fitness': 2013.0350341796875, 'time_s': 15.570262432098389}
[pgame_seed1] {'iteration': 990, 'evaluations': 253696, 'qd_score': 897730.625, 'coverage': 73.4375, 'max_fitness': 2013.0350341796875, 'time_s': 15.554327726364136}
[pgame_seed1] {'iteration': 1000, 'evaluations': 256256, 'qd_score': 898773.6875, 'coverage': 73.4375, 'max_fitness': 2013.0350341796875, 'time_s': 15.556983709335327}
[pgame_seed1] {'iteration': 1010, 'evaluations': 258816, 'qd_score': 899505.5, 'coverage': 73.4375, 'max_fitness': 2013.0350341796875, 'time_s': 15.539617776870728}
[pgame_seed1] {'iteration': 1020, 'evaluations': 261376, 'qd_score': 901650.4375, 'coverage': 73.53515625, 'max_fitness': 2013.0350341796875, 'time_s': 15.50336766242981}
[pgame_seed1] {'iteration': 1030, 'evaluations': 263936, 'qd_score': 903759.5, 'coverage': 73.53515625, 'max_fitness': 2013.0350341796875, 'time_s': 15.527000427246094}
[pgame_seed1] {'iteration': 1040, 'evaluations': 266496, 'qd_score': 905926.25, 'coverage': 73.6328125, 'max_fitness': 2013.0350341796875, 'time_s': 15.517629146575928}
[pgame_seed1] {'iteration': 1050, 'evaluations': 269056, 'qd_score': 909218.25, 'coverage': 73.828125, 'max_fitness': 2013.0350341796875, 'time_s': 15.548872470855713}
[pgame_seed1] {'iteration': 1060, 'evaluations': 271616, 'qd_score': 910934.0625, 'coverage': 73.92578125, 'max_fitness': 2013.0350341796875, 'time_s': 15.527077198028564}
[pgame_seed1] {'iteration': 1070, 'evaluations': 274176, 'qd_score': 913492.75, 'coverage': 74.12109375, 'max_fitness': 2013.0350341796875, 'time_s': 15.516272783279419}
[pgame_seed1] {'iteration': 1080, 'evaluations': 276736, 'qd_score': 914260.5, 'coverage': 74.12109375, 'max_fitness': 2013.0350341796875, 'time_s': 15.509296178817749}
[pgame_seed1] {'iteration': 1090, 'evaluations': 279296, 'qd_score': 914993.5, 'coverage': 74.12109375, 'max_fitness': 2013.0350341796875, 'time_s': 15.525277376174927}
[pgame_seed1] {'iteration': 1100, 'evaluations': 281856, 'qd_score': 919837.4375, 'coverage': 74.4140625, 'max_fitness': 2013.0350341796875, 'time_s': 15.537627220153809}
[pgame_seed1] {'iteration': 1110, 'evaluations': 284416, 'qd_score': 920367.9375, 'coverage': 74.4140625, 'max_fitness': 2013.0350341796875, 'time_s': 15.522007465362549}
[pgame_seed1] {'iteration': 1120, 'evaluations': 286976, 'qd_score': 921949.375, 'coverage': 74.4140625, 'max_fitness': 2013.0350341796875, 'time_s': 15.503950357437134}
[pgame_seed1] {'iteration': 1130, 'evaluations': 289536, 'qd_score': 923811.75, 'coverage': 74.609375, 'max_fitness': 2013.0350341796875, 'time_s': 15.503749370574951}
[pgame_seed1] {'iteration': 1140, 'evaluations': 292096, 'qd_score': 925560.375, 'coverage': 74.70703125, 'max_fitness': 2013.0350341796875, 'time_s': 15.49345088005066}
[pgame_seed1] {'iteration': 1150, 'evaluations': 294656, 'qd_score': 927306.0, 'coverage': 74.8046875, 'max_fitness': 2013.0350341796875, 'time_s': 15.531396389007568}
[pgame_seed1] {'iteration': 1160, 'evaluations': 297216, 'qd_score': 928896.625, 'coverage': 74.90234375, 'max_fitness': 2013.0350341796875, 'time_s': 15.98441767692566}
[pgame_seed1] {'iteration': 1170, 'evaluations': 299776, 'qd_score': 931748.5, 'coverage': 75.09765625, 'max_fitness': 2013.0350341796875, 'time_s': 16.769710779190063}
[pgame_seed1] {'iteration': 1180, 'evaluations': 302336, 'qd_score': 932330.625, 'coverage': 75.09765625, 'max_fitness': 2013.0350341796875, 'time_s': 17.26347517967224}
[pgame_seed1] {'iteration': 1190, 'evaluations': 304896, 'qd_score': 933360.1875, 'coverage': 75.09765625, 'max_fitness': 2013.0350341796875, 'time_s': 16.653526306152344}
[pgame_seed1] {'iteration': 1200, 'evaluations': 307456, 'qd_score': 933670.875, 'coverage': 75.09765625, 'max_fitness': 2013.0350341796875, 'time_s': 16.29480242729187}
[pgame_seed1] {'iteration': 1210, 'evaluations': 310016, 'qd_score': 933824.5625, 'coverage': 75.09765625, 'max_fitness': 2013.0350341796875, 'time_s': 16.249329566955566}
[pgame_seed1] {'iteration': 1220, 'evaluations': 312576, 'qd_score': 934384.5, 'coverage': 75.09765625, 'max_fitness': 2013.0350341796875, 'time_s': 16.383601427078247}
[pgame_seed1] {'iteration': 1230, 'evaluations': 315136, 'qd_score': 935007.5, 'coverage': 75.1953125, 'max_fitness': 2013.0350341796875, 'time_s': 16.578388214111328}
[pgame_seed1] {'iteration': 1240, 'evaluations': 317696, 'qd_score': 935404.5, 'coverage': 75.29296875, 'max_fitness': 2013.0350341796875, 'time_s': 16.645225048065186}
[pgame_seed1] {'iteration': 1250, 'evaluations': 320256, 'qd_score': 935903.5, 'coverage': 75.29296875, 'max_fitness': 2013.0350341796875, 'time_s': 16.550759077072144}
[pgame_seed1] {'iteration': 1260, 'evaluations': 322816, 'qd_score': 937774.8125, 'coverage': 75.390625, 'max_fitness': 2013.0350341796875, 'time_s': 16.41904640197754}
[pgame_seed1] {'iteration': 1270, 'evaluations': 325376, 'qd_score': 938580.25, 'coverage': 75.390625, 'max_fitness': 2013.0350341796875, 'time_s': 16.341148376464844}
[pgame_seed1] {'iteration': 1280, 'evaluations': 327936, 'qd_score': 939986.625, 'coverage': 75.48828125, 'max_fitness': 2013.0350341796875, 'time_s': 16.29591655731201}
[pgame_seed1] {'iteration': 1290, 'evaluations': 330496, 'qd_score': 940246.6875, 'coverage': 75.48828125, 'max_fitness': 2013.0350341796875, 'time_s': 16.198766946792603}
[pgame_seed1] {'iteration': 1300, 'evaluations': 333056, 'qd_score': 941955.6875, 'coverage': 75.5859375, 'max_fitness': 2013.0350341796875, 'time_s': 16.08158802986145}
[pgame_seed1] {'iteration': 1310, 'evaluations': 335616, 'qd_score': 942300.75, 'coverage': 75.5859375, 'max_fitness': 2013.0350341796875, 'time_s': 15.985201358795166}
[pgame_seed1] {'iteration': 1320, 'evaluations': 338176, 'qd_score': 942604.0625, 'coverage': 75.5859375, 'max_fitness': 2050.4482421875, 'time_s': 15.94339656829834}
[pgame_seed1] {'iteration': 1330, 'evaluations': 340736, 'qd_score': 943284.375, 'coverage': 75.5859375, 'max_fitness': 2050.4482421875, 'time_s': 15.98289942741394}
[pgame_seed1] {'iteration': 1340, 'evaluations': 343296, 'qd_score': 943906.5, 'coverage': 75.5859375, 'max_fitness': 2050.4482421875, 'time_s': 15.973750829696655}
[pgame_seed1] {'iteration': 1350, 'evaluations': 345856, 'qd_score': 944635.0625, 'coverage': 75.5859375, 'max_fitness': 2050.4482421875, 'time_s': 15.990071535110474}
[pgame_seed1] {'iteration': 1360, 'evaluations': 348416, 'qd_score': 945268.5, 'coverage': 75.5859375, 'max_fitness': 2050.4482421875, 'time_s': 15.970161437988281}
[pgame_seed1] {'iteration': 1370, 'evaluations': 350976, 'qd_score': 945872.3125, 'coverage': 75.5859375, 'max_fitness': 2050.4482421875, 'time_s': 15.940945863723755}
[pgame_seed1] {'iteration': 1380, 'evaluations': 353536, 'qd_score': 946272.0, 'coverage': 75.5859375, 'max_fitness': 2050.4482421875, 'time_s': 15.875849962234497}
[pgame_seed1] {'iteration': 1390, 'evaluations': 356096, 'qd_score': 946678.0625, 'coverage': 75.5859375, 'max_fitness': 2050.4482421875, 'time_s': 15.834162712097168}
[pgame_seed1] {'iteration': 1400, 'evaluations': 358656, 'qd_score': 948821.625, 'coverage': 75.68359375, 'max_fitness': 2050.4482421875, 'time_s': 15.816922426223755}
[pgame_seed1] {'iteration': 1410, 'evaluations': 361216, 'qd_score': 949418.0625, 'coverage': 75.68359375, 'max_fitness': 2050.4482421875, 'time_s': 15.842829465866089}
[pgame_seed1] {'iteration': 1420, 'evaluations': 363776, 'qd_score': 951121.375, 'coverage': 75.78125, 'max_fitness': 2050.4482421875, 'time_s': 15.886076211929321}
[pgame_seed1] {'iteration': 1430, 'evaluations': 366336, 'qd_score': 952848.1875, 'coverage': 75.87890625, 'max_fitness': 2050.4482421875, 'time_s': 15.901181936264038}
[pgame_seed1] {'iteration': 1440, 'evaluations': 368896, 'qd_score': 953608.375, 'coverage': 75.87890625, 'max_fitness': 2050.4482421875, 'time_s': 15.911170244216919}
[pgame_seed1] {'iteration': 1450, 'evaluations': 371456, 'qd_score': 956064.5, 'coverage': 75.9765625, 'max_fitness': 2050.4482421875, 'time_s': 15.917670011520386}
[pgame_seed1] {'iteration': 1460, 'evaluations': 374016, 'qd_score': 956918.875, 'coverage': 75.9765625, 'max_fitness': 2050.4482421875, 'time_s': 15.88141918182373}
[pgame_seed1] {'iteration': 1470, 'evaluations': 376576, 'qd_score': 957359.5, 'coverage': 75.9765625, 'max_fitness': 2050.4482421875, 'time_s': 15.82320261001587}
[pgame_seed1] {'iteration': 1480, 'evaluations': 379136, 'qd_score': 957828.875, 'coverage': 75.9765625, 'max_fitness': 2050.4482421875, 'time_s': 15.785878658294678}
[pgame_seed1] {'iteration': 1490, 'evaluations': 381696, 'qd_score': 960211.375, 'coverage': 76.07421875, 'max_fitness': 2069.281982421875, 'time_s': 15.796094417572021}
[pgame_seed1] {'iteration': 1500, 'evaluations': 384256, 'qd_score': 962597.0625, 'coverage': 76.171875, 'max_fitness': 2069.281982421875, 'time_s': 15.807300806045532}
[pgame_seed1] {'iteration': 1510, 'evaluations': 386816, 'qd_score': 963676.0625, 'coverage': 76.171875, 'max_fitness': 2130.943359375, 'time_s': 15.822367191314697}
[pgame_seed1] {'iteration': 1520, 'evaluations': 389376, 'qd_score': 966966.125, 'coverage': 76.3671875, 'max_fitness': 2130.943359375, 'time_s': 15.776983976364136}
[pgame_seed1] {'iteration': 1530, 'evaluations': 391936, 'qd_score': 967997.3125, 'coverage': 76.3671875, 'max_fitness': 2130.943359375, 'time_s': 15.749710083007812}
[pgame_seed1] {'iteration': 1540, 'evaluations': 394496, 'qd_score': 970866.375, 'coverage': 76.46484375, 'max_fitness': 2130.943359375, 'time_s': 15.736623287200928}
[pgame_seed1] {'iteration': 1550, 'evaluations': 397056, 'qd_score': 971516.5, 'coverage': 76.46484375, 'max_fitness': 2130.943359375, 'time_s': 15.710973978042603}
[pgame_seed1] {'iteration': 1560, 'evaluations': 399616, 'qd_score': 972758.875, 'coverage': 76.5625, 'max_fitness': 2130.943359375, 'time_s': 15.719294786453247}
[pgame_seed1] {'iteration': 1570, 'evaluations': 402176, 'qd_score': 975001.3125, 'coverage': 76.7578125, 'max_fitness': 2130.943359375, 'time_s': 15.790399074554443}
[pgame_seed1] {'iteration': 1580, 'evaluations': 404736, 'qd_score': 976807.3125, 'coverage': 76.7578125, 'max_fitness': 2130.943359375, 'time_s': 15.822333812713623}
[pgame_seed1] {'iteration': 1590, 'evaluations': 407296, 'qd_score': 977430.5, 'coverage': 76.7578125, 'max_fitness': 2130.943359375, 'time_s': 15.767161846160889}
[pgame_seed1] {'iteration': 1600, 'evaluations': 409856, 'qd_score': 977769.5, 'coverage': 76.7578125, 'max_fitness': 2130.943359375, 'time_s': 15.721349954605103}
[pgame_seed1] {'iteration': 1610, 'evaluations': 412416, 'qd_score': 978042.75, 'coverage': 76.7578125, 'max_fitness': 2130.943359375, 'time_s': 15.676261901855469}
[pgame_seed1] {'iteration': 1620, 'evaluations': 414976, 'qd_score': 980552.8125, 'coverage': 76.85546875, 'max_fitness': 2130.943359375, 'time_s': 15.692849397659302}
[pgame_seed1] {'iteration': 1630, 'evaluations': 417536, 'qd_score': 980885.125, 'coverage': 76.85546875, 'max_fitness': 2130.943359375, 'time_s': 15.729185581207275}
[pgame_seed1] {'iteration': 1640, 'evaluations': 420096, 'qd_score': 982729.25, 'coverage': 76.953125, 'max_fitness': 2130.943359375, 'time_s': 15.789113759994507}
[pgame_seed1] {'iteration': 1650, 'evaluations': 422656, 'qd_score': 983403.5625, 'coverage': 76.953125, 'max_fitness': 2130.943359375, 'time_s': 15.84525465965271}
[pgame_seed1] {'iteration': 1660, 'evaluations': 425216, 'qd_score': 984307.5, 'coverage': 76.953125, 'max_fitness': 2130.943359375, 'time_s': 15.844554424285889}
[pgame_seed1] {'iteration': 1670, 'evaluations': 427776, 'qd_score': 984578.875, 'coverage': 76.953125, 'max_fitness': 2130.943359375, 'time_s': 15.83814263343811}
[pgame_seed1] {'iteration': 1680, 'evaluations': 430336, 'qd_score': 985158.125, 'coverage': 76.953125, 'max_fitness': 2130.943359375, 'time_s': 15.822577238082886}
[pgame_seed1] {'iteration': 1690, 'evaluations': 432896, 'qd_score': 985451.75, 'coverage': 76.953125, 'max_fitness': 2130.943359375, 'time_s': 15.826618671417236}
[pgame_seed1] {'iteration': 1700, 'evaluations': 435456, 'qd_score': 985799.375, 'coverage': 76.953125, 'max_fitness': 2130.943359375, 'time_s': 15.836072206497192}
[pgame_seed1] {'iteration': 1710, 'evaluations': 438016, 'qd_score': 986359.75, 'coverage': 76.953125, 'max_fitness': 2130.943359375, 'time_s': 15.85756778717041}
[pgame_seed1] {'iteration': 1720, 'evaluations': 440576, 'qd_score': 986876.625, 'coverage': 76.953125, 'max_fitness': 2130.943359375, 'time_s': 15.855165004730225}
[pgame_seed1] {'iteration': 1730, 'evaluations': 443136, 'qd_score': 988277.4375, 'coverage': 76.953125, 'max_fitness': 2130.943359375, 'time_s': 15.824717044830322}
[pgame_seed1] {'iteration': 1740, 'evaluations': 445696, 'qd_score': 988414.8125, 'coverage': 76.953125, 'max_fitness': 2130.943359375, 'time_s': 15.770822286605835}
[pgame_seed1] {'iteration': 1750, 'evaluations': 448256, 'qd_score': 988552.5, 'coverage': 76.953125, 'max_fitness': 2130.943359375, 'time_s': 15.76644492149353}
[pgame_seed1] {'iteration': 1760, 'evaluations': 450816, 'qd_score': 988660.625, 'coverage': 76.953125, 'max_fitness': 2130.943359375, 'time_s': 15.726989984512329}
[pgame_seed1] {'iteration': 1770, 'evaluations': 453376, 'qd_score': 990799.25, 'coverage': 77.05078125, 'max_fitness': 2130.943359375, 'time_s': 15.786784410476685}
[pgame_seed1] {'iteration': 1780, 'evaluations': 455936, 'qd_score': 991265.375, 'coverage': 77.05078125, 'max_fitness': 2130.943359375, 'time_s': 15.792885541915894}
[pgame_seed1] {'iteration': 1790, 'evaluations': 458496, 'qd_score': 992118.0, 'coverage': 77.1484375, 'max_fitness': 2130.943359375, 'time_s': 15.768112659454346}
[pgame_seed1] {'iteration': 1800, 'evaluations': 461056, 'qd_score': 992531.125, 'coverage': 77.1484375, 'max_fitness': 2130.943359375, 'time_s': 15.73093318939209}
[pgame_seed1] {'iteration': 1810, 'evaluations': 463616, 'qd_score': 992922.625, 'coverage': 77.1484375, 'max_fitness': 2130.943359375, 'time_s': 15.715338706970215}
[pgame_seed1] {'iteration': 1820, 'evaluations': 466176, 'qd_score': 993198.625, 'coverage': 77.1484375, 'max_fitness': 2130.943359375, 'time_s': 15.754139184951782}
[pgame_seed1] {'iteration': 1830, 'evaluations': 468736, 'qd_score': 993442.25, 'coverage': 77.1484375, 'max_fitness': 2130.943359375, 'time_s': 15.780897855758667}
[pgame_seed1] {'iteration': 1840, 'evaluations': 471296, 'qd_score': 994015.0, 'coverage': 77.1484375, 'max_fitness': 2130.943359375, 'time_s': 15.79466962814331}
[pgame_seed1] {'iteration': 1850, 'evaluations': 473856, 'qd_score': 994641.375, 'coverage': 77.1484375, 'max_fitness': 2130.943359375, 'time_s': 15.807448387145996}
[pgame_seed1] {'iteration': 1860, 'evaluations': 476416, 'qd_score': 994800.3125, 'coverage': 77.1484375, 'max_fitness': 2130.943359375, 'time_s': 15.777897834777832}
[pgame_seed1] {'iteration': 1870, 'evaluations': 478976, 'qd_score': 996245.625, 'coverage': 77.24609375, 'max_fitness': 2158.053955078125, 'time_s': 15.775504350662231}
[pgame_seed1] {'iteration': 1880, 'evaluations': 481536, 'qd_score': 996679.75, 'coverage': 77.24609375, 'max_fitness': 2158.053955078125, 'time_s': 15.796637773513794}
[pgame_seed1] {'iteration': 1890, 'evaluations': 484096, 'qd_score': 997185.75, 'coverage': 77.24609375, 'max_fitness': 2158.053955078125, 'time_s': 15.793061971664429}
[pgame_seed1] {'iteration': 1900, 'evaluations': 486656, 'qd_score': 997627.5, 'coverage': 77.24609375, 'max_fitness': 2158.053955078125, 'time_s': 15.740089178085327}
[pgame_seed1] {'iteration': 1910, 'evaluations': 489216, 'qd_score': 997885.125, 'coverage': 77.24609375, 'max_fitness': 2158.053955078125, 'time_s': 15.734074831008911}
[pgame_seed1] {'iteration': 1920, 'evaluations': 491776, 'qd_score': 999158.625, 'coverage': 77.34375, 'max_fitness': 2158.053955078125, 'time_s': 15.82126235961914}
[pgame_seed1] {'iteration': 1930, 'evaluations': 494336, 'qd_score': 999462.75, 'coverage': 77.34375, 'max_fitness': 2158.053955078125, 'time_s': 15.882468938827515}
[pgame_seed1] {'iteration': 1940, 'evaluations': 496896, 'qd_score': 999705.8125, 'coverage': 77.34375, 'max_fitness': 2158.053955078125, 'time_s': 15.839722633361816}
[pgame_seed1] {'iteration': 1950, 'evaluations': 499456, 'qd_score': 1001395.0, 'coverage': 77.44140625, 'max_fitness': 2158.053955078125, 'time_s': 15.747722625732422}
[pgame_seed1] {'iteration': 1960, 'evaluations': 502016, 'qd_score': 1001563.6875, 'coverage': 77.5390625, 'max_fitness': 2158.053955078125, 'time_s': 15.708943128585815}
[pgame_seed1] {'iteration': 1970, 'evaluations': 504576, 'qd_score': 1001921.25, 'coverage': 77.5390625, 'max_fitness': 2158.053955078125, 'time_s': 15.652467489242554}
[pgame_seed1] {'iteration': 1980, 'evaluations': 507136, 'qd_score': 1003154.875, 'coverage': 77.63671875, 'max_fitness': 2158.053955078125, 'time_s': 15.613316774368286}
[pgame_seed1] {'iteration': 1990, 'evaluations': 509696, 'qd_score': 1003413.75, 'coverage': 77.63671875, 'max_fitness': 2158.053955078125, 'time_s': 15.648195505142212}
[pgame_seed1] {'iteration': 2000, 'evaluations': 512256, 'qd_score': 1003795.375, 'coverage': 77.63671875, 'max_fitness': 2158.053955078125, 'time_s': 15.684620380401611}
fatal: not a git repository (or any parent up to mount point /kaggle)
Stopping at filesystem boundary (GIT_DISCOVERY_ACROSS_FILESYSTEM not set).
[pgame_seed1] terminé en 3185 s -> /kaggle/working/outputs/pgame_seed1
