Gym has been unmaintained since 2022 and does not support NumPy 2.0 amongst other critical functionality.
Please upgrade to Gymnasium, the maintained drop-in replacement of Gym, or contact the authors of your software and request that they upgrade.
Users of this version of Gym should be able to simply replace 'import gym' with 'import gymnasium as gym' in the vast majority of cases.
See the migration guide at https://gymnasium.farama.org/introduction/migration_guide/ for additional information.
[oracle pgame_seed1] intact             best:  1855.8  (12 s)
[oracle pgame_seed1] leg1_paralysed     best:  1291.9  (14 s)
[oracle pgame_seed1] leg2_paralysed     best:  1555.8  (17 s)
[oracle pgame_seed1] leg3_paralysed     best:  1533.9  (19 s)
[oracle pgame_seed1] leg4_paralysed     best:  1349.7  (21 s)
[oracle pgame_seed1] leg1_weak          best:  1841.3  (24 s)
[oracle pgame_seed1] leg2_weak          best:  1779.8  (26 s)
[oracle pgame_seed1] leg3_weak          best:  1761.4  (28 s)
[oracle pgame_seed1] leg4_weak          best:  1738.4  (31 s)
[oracle pgame_seed1] legs12_paralysed   best:  1076.4  (33 s)
[oracle pgame_seed1] legs14_paralysed   best:  1105.2  (36 s)
[oracle pgame_seed1] ankle1_paralysed   best:  1662.5  (38 s)
[oracle pgame_seed1] ankle3_paralysed   best:  1804.2  (40 s)
/kaggle/working/code/src/qd_damage/oracle.py:163: RuntimeWarning: Mean of empty slice
  mean_fit = np.nanmean(data["fitness"], axis=2)  # (scenarios, cells)
fatal: not a git repository (or any parent up to mount point /kaggle)
Stopping at filesystem boundary (GIT_DISCOVERY_ACROSS_FILESYSTEM not set).
/kaggle/working/outputs/oracle_gap/pgame_seed1
Gym has been unmaintained since 2022 and does not support NumPy 2.0 amongst other critical functionality.
Please upgrade to Gymnasium, the maintained drop-in replacement of Gym, or contact the authors of your software and request that they upgrade.
Users of this version of Gym should be able to simply replace 'import gym' with 'import gymnasium as gym' in the vast majority of cases.
See the migration guide at https://gymnasium.farama.org/introduction/migration_guide/ for additional information.
[adapt pgame_seed1] leg1_paralysed     ite         trials   8.0  % oracle  63.9  (24 s)
[adapt pgame_seed1] leg1_paralysed     top_k       trials  20.0  % oracle  55.7  (38 s)
[adapt pgame_seed1] leg1_paralysed     best_intact trials   1.0  % oracle  15.3  (39 s)
[adapt pgame_seed1] leg2_paralysed     ite         trials   5.2  % oracle  80.8  (54 s)
[adapt pgame_seed1] leg2_paralysed     top_k       trials  20.0  % oracle  85.7  (68 s)
[adapt pgame_seed1] leg2_paralysed     best_intact trials   1.0  % oracle  60.8  (68 s)
[adapt pgame_seed1] leg3_paralysed     ite         trials   6.4  % oracle  70.9  (83 s)
[adapt pgame_seed1] leg3_paralysed     top_k       trials  20.0  % oracle  84.1  (97 s)
[adapt pgame_seed1] leg3_paralysed     best_intact trials   1.0  % oracle  61.4  (98 s)
[adapt pgame_seed1] leg4_paralysed     ite         trials   6.4  % oracle  62.8  (112 s)
[adapt pgame_seed1] leg4_paralysed     top_k       trials  20.0  % oracle  76.3  (126 s)
[adapt pgame_seed1] leg4_paralysed     best_intact trials   1.0  % oracle  59.1  (127 s)
[adapt pgame_seed1] leg1_weak          ite         trials   2.4  % oracle  72.0  (141 s)
[adapt pgame_seed1] leg1_weak          top_k       trials  20.0  % oracle  93.6  (155 s)
[adapt pgame_seed1] leg1_weak          best_intact trials   1.0  % oracle  64.9  (156 s)
[adapt pgame_seed1] leg2_weak          ite         trials   3.0  % oracle  88.1  (171 s)
[adapt pgame_seed1] leg2_weak          top_k       trials  20.0  % oracle  96.1  (185 s)
[adapt pgame_seed1] leg2_weak          best_intact trials   1.0  % oracle  87.8  (186 s)
[adapt pgame_seed1] leg3_weak          ite         trials   3.0  % oracle  91.3  (200 s)
[adapt pgame_seed1] leg3_weak          top_k       trials  20.0  % oracle  98.0  (214 s)
[adapt pgame_seed1] leg3_weak          best_intact trials   1.0  % oracle  77.8  (215 s)
[adapt pgame_seed1] leg4_weak          ite         trials   2.4  % oracle  82.1  (229 s)
[adapt pgame_seed1] leg4_weak          top_k       trials  20.0  % oracle  89.2  (243 s)
[adapt pgame_seed1] leg4_weak          best_intact trials   1.0  % oracle  66.2  (244 s)
[adapt pgame_seed1] legs12_paralysed   ite         trials  20.0  % oracle -34.7  (259 s)
[adapt pgame_seed1] legs12_paralysed   top_k       trials  20.0  % oracle -108.1  (273 s)
[adapt pgame_seed1] legs12_paralysed   best_intact trials   1.0  % oracle -109.2  (274 s)
[adapt pgame_seed1] legs14_paralysed   ite         trials  19.2  % oracle  36.7  (288 s)
[adapt pgame_seed1] legs14_paralysed   top_k       trials  20.0  % oracle  58.5  (303 s)
[adapt pgame_seed1] legs14_paralysed   best_intact trials   1.0  % oracle  11.8  (303 s)
[adapt pgame_seed1] ankle1_paralysed   ite         trials   4.6  % oracle  70.1  (318 s)
[adapt pgame_seed1] ankle1_paralysed   top_k       trials  20.0  % oracle  64.4  (332 s)
[adapt pgame_seed1] ankle1_paralysed   best_intact trials   1.0  % oracle  65.2  (333 s)
[adapt pgame_seed1] ankle3_paralysed   ite         trials   3.0  % oracle  77.2  (348 s)
[adapt pgame_seed1] ankle3_paralysed   top_k       trials  20.0  % oracle  93.2  (362 s)
[adapt pgame_seed1] ankle3_paralysed   best_intact trials   1.0  % oracle  71.2  (362 s)
fatal: not a git repository (or any parent up to mount point /kaggle)
Stopping at filesystem boundary (GIT_DISCOVERY_ACROSS_FILESYSTEM not set).
/kaggle/working/outputs/adaptation_gap/pgame_seed1
