Gym has been unmaintained since 2022 and does not support NumPy 2.0 amongst other critical functionality.
Please upgrade to Gymnasium, the maintained drop-in replacement of Gym, or contact the authors of your software and request that they upgrade.
Users of this version of Gym should be able to simply replace 'import gym' with 'import gymnasium as gym' in the vast majority of cases.
See the migration guide at https://gymnasium.farama.org/introduction/migration_guide/ for additional information.
[oracle dcrlme_seed1] intact             best:  1620.6  (12 s)
[oracle dcrlme_seed1] leg1_paralysed     best:  1371.3  (15 s)
[oracle dcrlme_seed1] leg2_paralysed     best:  1339.0  (17 s)
[oracle dcrlme_seed1] leg3_paralysed     best:  1511.6  (19 s)
[oracle dcrlme_seed1] leg4_paralysed     best:  1217.2  (22 s)
[oracle dcrlme_seed1] leg1_weak          best:  1517.1  (24 s)
[oracle dcrlme_seed1] leg2_weak          best:  1485.8  (26 s)
[oracle dcrlme_seed1] leg3_weak          best:  1611.3  (29 s)
[oracle dcrlme_seed1] leg4_weak          best:  1475.1  (31 s)
[oracle dcrlme_seed1] legs12_paralysed   best:  1089.8  (33 s)
[oracle dcrlme_seed1] legs14_paralysed   best:  1110.6  (36 s)
[oracle dcrlme_seed1] ankle1_paralysed   best:  1497.9  (38 s)
[oracle dcrlme_seed1] ankle3_paralysed   best:  1546.4  (41 s)
/kaggle/working/code/src/qd_damage/oracle.py:163: RuntimeWarning: Mean of empty slice
  mean_fit = np.nanmean(data["fitness"], axis=2)  # (scenarios, cells)
fatal: not a git repository (or any parent up to mount point /kaggle)
Stopping at filesystem boundary (GIT_DISCOVERY_ACROSS_FILESYSTEM not set).
/kaggle/working/outputs/oracle_gap/dcrlme_seed1
Gym has been unmaintained since 2022 and does not support NumPy 2.0 amongst other critical functionality.
Please upgrade to Gymnasium, the maintained drop-in replacement of Gym, or contact the authors of your software and request that they upgrade.
Users of this version of Gym should be able to simply replace 'import gym' with 'import gymnasium as gym' in the vast majority of cases.
See the migration guide at https://gymnasium.farama.org/introduction/migration_guide/ for additional information.
[adapt dcrlme_seed1] leg1_paralysed     ite         trials   5.0  % oracle  86.8  (28 s)
[adapt dcrlme_seed1] leg1_paralysed     top_k       trials  20.0  % oracle  14.4  (42 s)
[adapt dcrlme_seed1] leg1_paralysed     best_intact trials   1.0  % oracle  10.5  (42 s)
[adapt dcrlme_seed1] leg2_paralysed     ite         trials  18.0  % oracle  20.8  (57 s)
[adapt dcrlme_seed1] leg2_paralysed     top_k       trials  20.0  % oracle  12.3  (71 s)
[adapt dcrlme_seed1] leg2_paralysed     best_intact trials   1.0  % oracle   1.5  (72 s)
[adapt dcrlme_seed1] leg3_paralysed     ite         trials   2.0  % oracle  87.5  (86 s)
[adapt dcrlme_seed1] leg3_paralysed     top_k       trials  20.0  % oracle  87.3  (100 s)
[adapt dcrlme_seed1] leg3_paralysed     best_intact trials   1.0  % oracle   5.4  (101 s)
[adapt dcrlme_seed1] leg4_paralysed     ite         trials  14.4  % oracle  41.9  (116 s)
[adapt dcrlme_seed1] leg4_paralysed     top_k       trials  20.0  % oracle  44.8  (130 s)
[adapt dcrlme_seed1] leg4_paralysed     best_intact trials   1.0  % oracle  53.7  (130 s)
[adapt dcrlme_seed1] leg1_weak          ite         trials   5.4  % oracle  51.5  (145 s)
[adapt dcrlme_seed1] leg1_weak          top_k       trials  20.0  % oracle  88.6  (159 s)
[adapt dcrlme_seed1] leg1_weak          best_intact trials   1.0  % oracle  28.1  (160 s)
[adapt dcrlme_seed1] leg2_weak          ite         trials   8.8  % oracle  34.0  (174 s)
[adapt dcrlme_seed1] leg2_weak          top_k       trials  20.0  % oracle  67.9  (188 s)
[adapt dcrlme_seed1] leg2_weak          best_intact trials   1.0  % oracle  20.8  (189 s)
[adapt dcrlme_seed1] leg3_weak          ite         trials   2.0  % oracle  86.7  (203 s)
[adapt dcrlme_seed1] leg3_weak          top_k       trials  20.0  % oracle  85.1  (217 s)
[adapt dcrlme_seed1] leg3_weak          best_intact trials   1.0  % oracle  42.0  (218 s)
[adapt dcrlme_seed1] leg4_weak          ite         trials   2.0  % oracle  87.2  (233 s)
[adapt dcrlme_seed1] leg4_weak          top_k       trials  20.0  % oracle  87.2  (247 s)
[adapt dcrlme_seed1] leg4_weak          best_intact trials   1.0  % oracle  40.8  (247 s)
[adapt dcrlme_seed1] legs12_paralysed   ite         trials  20.0  % oracle  65.7  (262 s)
[adapt dcrlme_seed1] legs12_paralysed   top_k       trials  20.0  % oracle  31.1  (276 s)
[adapt dcrlme_seed1] legs12_paralysed   best_intact trials   1.0  % oracle  -9.0  (277 s)
[adapt dcrlme_seed1] legs14_paralysed   ite         trials  20.0  % oracle   2.2  (292 s)
[adapt dcrlme_seed1] legs14_paralysed   top_k       trials  20.0  % oracle  20.2  (306 s)
[adapt dcrlme_seed1] legs14_paralysed   best_intact trials   1.0  % oracle  -4.2  (306 s)
[adapt dcrlme_seed1] ankle1_paralysed   ite         trials   5.0  % oracle  54.8  (321 s)
[adapt dcrlme_seed1] ankle1_paralysed   top_k       trials  20.0  % oracle  17.1  (335 s)
[adapt dcrlme_seed1] ankle1_paralysed   best_intact trials   1.0  % oracle   9.2  (336 s)
[adapt dcrlme_seed1] ankle3_paralysed   ite         trials   2.0  % oracle  79.4  (350 s)
[adapt dcrlme_seed1] ankle3_paralysed   top_k       trials  20.0  % oracle  97.6  (364 s)
[adapt dcrlme_seed1] ankle3_paralysed   best_intact trials   1.0  % oracle  22.9  (365 s)
fatal: not a git repository (or any parent up to mount point /kaggle)
Stopping at filesystem boundary (GIT_DISCOVERY_ACROSS_FILESYSTEM not set).
/kaggle/working/outputs/adaptation_gap/dcrlme_seed1
