Gym has been unmaintained since 2022 and does not support NumPy 2.0 amongst other critical functionality.
Please upgrade to Gymnasium, the maintained drop-in replacement of Gym, or contact the authors of your software and request that they upgrade.
Users of this version of Gym should be able to simply replace 'import gym' with 'import gymnasium as gym' in the vast majority of cases.
See the migration guide at https://gymnasium.farama.org/introduction/migration_guide/ for additional information.
[rl ankle1_paralysed finetune_warmup s1] 144 episodes: 1162.1 (64 s)
[rl ankle1_paralysed finetune_warmup s1] 304 episodes: 1115.1 (126 s)
[rl ankle1_paralysed finetune_warmup s1] 464 episodes: 1289.4 (180 s)
[rl ankle1_paralysed finetune_warmup s1] 624 episodes: 1363.5 (234 s)
[rl ankle1_paralysed finetune_warmup s1] 784 episodes: 1435.2 (289 s)
[rl ankle1_paralysed finetune_warmup s1] 944 episodes: 1581.1 (343 s)
[rl ankle1_paralysed finetune_warmup s1] 1104 episodes: 1676.0 (397 s)
[rl ankle1_paralysed finetune_warmup s1] 1264 episodes: 1662.3 (451 s)
[rl ankle1_paralysed finetune_warmup s1] 1424 episodes: 1721.1 (505 s)
[rl ankle1_paralysed finetune_warmup s1] 1584 episodes: 1817.6 (560 s)
[rl ankle1_paralysed finetune_warmup s1] 1744 episodes: 1775.8 (614 s)
[rl ankle1_paralysed finetune_warmup s1] 1904 episodes: 1772.0 (668 s)
[rl ankle1_paralysed finetune_warmup s1] 2000 episodes: 1817.3 (701 s)
fatal: not a git repository (or any parent up to mount point /kaggle)
Stopping at filesystem boundary (GIT_DISCOVERY_ACROSS_FILESYSTEM not set).
/kaggle/working/outputs/rl/ankle1_paralysed_finetune_warmup_seed1
