Gym has been unmaintained since 2022 and does not support NumPy 2.0 amongst other critical functionality.
Please upgrade to Gymnasium, the maintained drop-in replacement of Gym, or contact the authors of your software and request that they upgrade.
Users of this version of Gym should be able to simply replace 'import gym' with 'import gymnasium as gym' in the vast majority of cases.
See the migration guide at https://gymnasium.farama.org/introduction/migration_guide/ for additional information.
[rl legs14_paralysed finetune_pretrained s1] 144 episodes: 1044.5 (74 s)
[rl legs14_paralysed finetune_pretrained s1] 304 episodes: 1047.3 (128 s)
[rl legs14_paralysed finetune_pretrained s1] 464 episodes: 1053.8 (183 s)
[rl legs14_paralysed finetune_pretrained s1] 624 episodes: 1053.8 (237 s)
[rl legs14_paralysed finetune_pretrained s1] 784 episodes: 1062.7 (292 s)
[rl legs14_paralysed finetune_pretrained s1] 944 episodes: 1061.6 (347 s)
[rl legs14_paralysed finetune_pretrained s1] 1104 episodes: 1072.9 (401 s)
[rl legs14_paralysed finetune_pretrained s1] 1264 episodes: 1078.1 (456 s)
[rl legs14_paralysed finetune_pretrained s1] 1424 episodes: 1130.7 (511 s)
[rl legs14_paralysed finetune_pretrained s1] 1584 episodes: 1139.9 (565 s)
[rl legs14_paralysed finetune_pretrained s1] 1744 episodes: 1202.8 (620 s)
[rl legs14_paralysed finetune_pretrained s1] 1904 episodes: 1240.4 (675 s)
[rl legs14_paralysed finetune_pretrained s1] 2000 episodes: 1240.0 (708 s)
fatal: not a git repository (or any parent up to mount point /kaggle)
Stopping at filesystem boundary (GIT_DISCOVERY_ACROSS_FILESYSTEM not set).
/kaggle/working/outputs/rl/legs14_paralysed_finetune_pretrained_seed1
