Gym has been unmaintained since 2022 and does not support NumPy 2.0 amongst other critical functionality.
Please upgrade to Gymnasium, the maintained drop-in replacement of Gym, or contact the authors of your software and request that they upgrade.
Users of this version of Gym should be able to simply replace 'import gym' with 'import gymnasium as gym' in the vast majority of cases.
See the migration guide at https://gymnasium.farama.org/introduction/migration_guide/ for additional information.
[rl leg4_paralysed finetune_warmup s0] 144 episodes: 1094.9 (63 s)
[rl leg4_paralysed finetune_warmup s0] 304 episodes: 1125.3 (125 s)
[rl leg4_paralysed finetune_warmup s0] 464 episodes: 1179.6 (179 s)
[rl leg4_paralysed finetune_warmup s0] 624 episodes: 1241.9 (234 s)
[rl leg4_paralysed finetune_warmup s0] 784 episodes: 1309.7 (288 s)
[rl leg4_paralysed finetune_warmup s0] 944 episodes: 1374.5 (343 s)
[rl leg4_paralysed finetune_warmup s0] 1104 episodes: 1448.0 (397 s)
[rl leg4_paralysed finetune_warmup s0] 1264 episodes: 1501.7 (452 s)
[rl leg4_paralysed finetune_warmup s0] 1424 episodes: 1516.9 (506 s)
[rl leg4_paralysed finetune_warmup s0] 1584 episodes: 1539.4 (561 s)
[rl leg4_paralysed finetune_warmup s0] 1744 episodes: 1546.4 (615 s)
[rl leg4_paralysed finetune_warmup s0] 1904 episodes: 1563.7 (670 s)
[rl leg4_paralysed finetune_warmup s0] 2000 episodes: 1600.3 (703 s)
fatal: not a git repository (or any parent up to mount point /kaggle)
Stopping at filesystem boundary (GIT_DISCOVERY_ACROSS_FILESYSTEM not set).
/kaggle/working/outputs/rl/leg4_paralysed_finetune_warmup_seed0
