Gym has been unmaintained since 2022 and does not support NumPy 2.0 amongst other critical functionality.
Please upgrade to Gymnasium, the maintained drop-in replacement of Gym, or contact the authors of your software and request that they upgrade.
Users of this version of Gym should be able to simply replace 'import gym' with 'import gymnasium as gym' in the vast majority of cases.
See the migration guide at https://gymnasium.farama.org/introduction/migration_guide/ for additional information.
[robust s0] 800 episodes: intact 949.5, damaged mean 978.5 (295 s)
[robust s0] 1600 episodes: intact 1016.0, damaged mean 1025.1 (563 s)
[robust s0] 2400 episodes: intact 1033.5, damaged mean 1033.4 (832 s)
[robust s0] 3200 episodes: intact 1002.4, damaged mean 1021.1 (1102 s)
[robust s0] 4000 episodes: intact 1031.2, damaged mean 1026.5 (1373 s)
[robust s0] 4800 episodes: intact 1205.8, damaged mean 1143.7 (1644 s)
[robust s0] 5600 episodes: intact 1197.7, damaged mean 1237.2 (1915 s)
[robust s0] 6400 episodes: intact 1542.4, damaged mean 1324.7 (2186 s)
[robust s0] 7200 episodes: intact 1593.1, damaged mean 1366.3 (2457 s)
[robust s0] 8000 episodes: intact 1380.7, damaged mean 1412.7 (2727 s)
[robust s0] 8800 episodes: intact 1729.9, damaged mean 1428.9 (2997 s)
[robust s0] 9600 episodes: intact 1656.2, damaged mean 1371.4 (3268 s)
[robust s0] 10000 episodes: intact 1762.0, damaged mean 1446.6 (3404 s)
fatal: not a git repository (or any parent up to mount point /kaggle)
Stopping at filesystem boundary (GIT_DISCOVERY_ACROSS_FILESYSTEM not set).
/kaggle/working/outputs/rl_robust/seed0
